<html>
<body>
<pre>
<h1>µVision Build Log</h1>
<h2>Tool Versions:</h2>
IDE-Version: µVision V5.27.1.0
Copyright (C) 2019 ARM Ltd and ARM Germany GmbH. All rights reserved.
License Information: 32 32, 32, LIC=47GU5-GPBZK-8TB3P-MY7MF-37TGB-SDREE
 
Tool Versions:
Toolchain:       MDK-ARM Plus  Version: 5.31.0.0
Toolchain Path:  C:\Keil_v5\ARM\ARMCC\Bin
C Compiler:      Armcc.exe V5.06 update 6 (build 750)
Assembler:       Armasm.exe V5.06 update 6 (build 750)
Linker/Locator:  ArmLink.exe V5.06 update 6 (build 750)
Library Manager: ArmAr.exe V5.06 update 6 (build 750)
Hex Converter:   FromElf.exe V5.06 update 6 (build 750)
CPU DLL:         SARMCM3.DLL V5.31.0.0
Dialog DLL:      DCM.DLL V1.17.3.0
Target DLL:      UL2CM3.DLL V1.163.4.0
Dialog DLL:      TCM.DLL V1.46.0.0
 
<h2>Project:</h2>
C:\Users\quang\Desktop\TuanAnh\BotChat\STM32\project\keil\HTN.uvprojx
Project File Date:  03/11/2023

<h2>Output:</h2>
*** Using Compiler 'V5.06 update 6 (build 750)', folder: 'C:\Keil_v5\ARM\ARMCC\Bin'
Build target 'source'
compiling dht11.c...
compiling main.c...
..\main.c(66): warning:  #1-D: last line of file ends without a newline
  }
..\main.c: 1 warning, 0 errors
compiling lcdI2c.c...
compiling system_stm32f10x.c...
compiling stm32f10x_it.c...
compiling lightSensor.c...
compiling delayTimer.c...
compiling ringBuffer.c...
compiling list.c...
compiling croutine.c...
compiling event_groups.c...
compiling heap_2.c...
compiling timers.c...
compiling servo.c...
compiling queue.c...
compiling uart.c...
..\..\myLibrary\uart.c(113): warning:  #223-D: function "vsprintf" declared implicitly
      vsprintf(stringArray, str, args);
..\..\myLibrary\uart.c: 1 warning, 0 errors
compiling tasks.c...
compiling port.c...
linking...
Program Size: Code=3064 RO-data=268 RW-data=124 ZI-data=18636  
".\Objects\ADC.axf" - 0 Error(s), 2 Warning(s).

<h2>Software Packages used:</h2>

Package Vendor: Keil
                http://www.keil.com/pack/Keil.STM32F1xx_DFP.2.3.0.pack
                Keil.STM32F1xx_DFP.2.3.0
                STMicroelectronics STM32F1 Series Device Support, Drivers and Examples

<h2>Collection of Component include folders:</h2>
  .\RTE\_source
  C:\Users\quang\AppData\Local\Arm\Packs\Keil\STM32F1xx_DFP\2.3.0\Device\Include

<h2>Collection of Component Files used:</h2>
Build Time Elapsed:  00:00:04
</pre>
</body>
</html>
