<html>
<body>
<pre>
<h1>µVision Build Log</h1>
<h2>Tool Versions:</h2>
IDE-Version: µVision V5.27.1.0
Copyright (C) 2019 ARM Ltd and ARM Germany GmbH. All rights reserved.
License Information: 32 32, 32, LIC=47GU5-GPBZK-8TB3P-MY7MF-37TGB-SDREE
 
Tool Versions:
Toolchain:       MDK-ARM Plus  Version: 5.31.0.0
Toolchain Path:  C:\Keil_v5\ARM\ARMCC\Bin
C Compiler:      Armcc.exe V5.06 update 6 (build 750)
Assembler:       Armasm.exe V5.06 update 6 (build 750)
Linker/Locator:  ArmLink.exe V5.06 update 6 (build 750)
Library Manager: ArmAr.exe V5.06 update 6 (build 750)
Hex Converter:   FromElf.exe V5.06 update 6 (build 750)
CPU DLL:         SARMCM3.DLL V5.31.0.0
Dialog DLL:      DCM.DLL V1.17.3.0
Target DLL:      UL2CM3.DLL V1.163.4.0
Dialog DLL:      TCM.DLL V1.46.0.0
 
<h2>Project:</h2>
C:\Users\quang\Desktop\TuanAnh\BotChat\STM32\project\keil\HTN.uvprojx
Project File Date:  05/15/2022

<h2>Output:</h2>
*** Using Compiler 'V5.06 update 6 (build 750)', folder: 'C:\Keil_v5\ARM\ARMCC\Bin'
Build target 'source'
compiling main.c...
..\..\myLibrary\ADC.h(3): warning:  #1295-D: Deprecated declaration ADC_Read_Gas - give arg types
  void ADC_Read_Gas();
..\..\myLibrary\ADC.h(4): warning:  #1295-D: Deprecated declaration ADC_Read_CO - give arg types
  void ADC_Read_CO();
..\..\myLibrary\ADC.h(5): warning:  #1295-D: Deprecated declaration ADC_ADISPLAY - give arg types
  void ADC_ADISPLAY();
..\..\myLibrary\ADC.h(6): warning:  #1295-D: Deprecated declaration Read_Khi_Gas - give arg types
  void Read_Khi_Gas();
..\..\myLibrary\ADC.h(7): warning:  #1295-D: Deprecated declaration Read_Khi_CO - give arg types
  void Read_Khi_CO();
..\..\myLibrary\ADC.h(9): warning:  #1295-D: Deprecated declaration GPIO_Configure - give arg types
  void GPIO_Configure();
..\..\myLibrary\ADC.h(10): warning:  #1-D: last line of file ends without a newline
  //int Map(int x, int inMin, int inMax, int outMin, int outMax);
..\..\myLibrary\Servo.h(20): warning:  #47-D: incompatible redefinition of macro "PERIOD"  (declared at line 22 of "..\..\myLibrary\DelayTimer.h")
  #define PERIOD 14399
..\main.c(56): warning:  #550-D: variable "Value2"  was set but never used
  		uint16_t Value2;
..\main.c: 9 warnings, 0 errors
linking...
Program Size: Code=16100 RO-data=356 RW-data=152 ZI-data=18720  
".\Objects\ADC.axf" - 0 Error(s), 9 Warning(s).

<h2>Software Packages used:</h2>

Package Vendor: Keil
                http://www.keil.com/pack/Keil.STM32F1xx_DFP.2.3.0.pack
                Keil.STM32F1xx_DFP.2.3.0
                STMicroelectronics STM32F1 Series Device Support, Drivers and Examples

<h2>Collection of Component include folders:</h2>
  .\RTE\_source
  C:\Users\quang\AppData\Local\Arm\Packs\Keil\STM32F1xx_DFP\2.3.0\Device\Include

<h2>Collection of Component Files used:</h2>
Build Time Elapsed:  00:00:01
</pre>
</body>
</html>
