Component: ARM Compiler 5.06 update 6 (build 750) Tool: armlink [4d35ed]

==============================================================================

Section Cross References

    startup_stm32f10x_md.o(RESET) refers to startup_stm32f10x_md.o(STACK) for __initial_sp
    startup_stm32f10x_md.o(RESET) refers to startup_stm32f10x_md.o(.text) for Reset_Handler
    startup_stm32f10x_md.o(RESET) refers to stm32f10x_it.o(i.NMI_Handler) for NMI_Handler
    startup_stm32f10x_md.o(RESET) refers to stm32f10x_it.o(i.HardFault_Handler) for HardFault_Handler
    startup_stm32f10x_md.o(RESET) refers to stm32f10x_it.o(i.MemManage_Handler) for MemManage_Handler
    startup_stm32f10x_md.o(RESET) refers to stm32f10x_it.o(i.BusFault_Handler) for BusFault_Handler
    startup_stm32f10x_md.o(RESET) refers to stm32f10x_it.o(i.UsageFault_Handler) for UsageFault_Handler
    startup_stm32f10x_md.o(RESET) refers to port.o(.emb_text) for SVC_Handler
    startup_stm32f10x_md.o(RESET) refers to stm32f10x_it.o(i.DebugMon_Handler) for DebugMon_Handler
    startup_stm32f10x_md.o(RESET) refers to port.o(i.SysTick_Handler) for SysTick_Handler
    startup_stm32f10x_md.o(RESET) refers to delaytimer.o(i.TIM2_IRQHandler) for TIM2_IRQHandler
    startup_stm32f10x_md.o(RESET) refers to serial.o(i.USART1_IRQHandler) for USART1_IRQHandler
    startup_stm32f10x_md.o(.text) refers to system_stm32f10x.o(i.SystemInit) for SystemInit
    startup_stm32f10x_md.o(.text) refers to entry.o(.ARM.Collect$$$$00000000) for __main
    stm32f10x_adc.o(i.ADC_DeInit) refers to stm32f10x_rcc.o(i.RCC_APB2PeriphResetCmd) for RCC_APB2PeriphResetCmd
    stm32f10x_gpio.o(i.GPIO_AFIODeInit) refers to stm32f10x_rcc.o(i.RCC_APB2PeriphResetCmd) for RCC_APB2PeriphResetCmd
    stm32f10x_gpio.o(i.GPIO_DeInit) refers to stm32f10x_rcc.o(i.RCC_APB2PeriphResetCmd) for RCC_APB2PeriphResetCmd
    stm32f10x_rcc.o(i.RCC_GetClocksFreq) refers to stm32f10x_rcc.o(.data) for APBAHBPrescTable
    stm32f10x_rcc.o(i.RCC_WaitForHSEStartUp) refers to stm32f10x_rcc.o(i.RCC_GetFlagStatus) for RCC_GetFlagStatus
    stm32f10x_usart.o(i.USART_DeInit) refers to stm32f10x_rcc.o(i.RCC_APB2PeriphResetCmd) for RCC_APB2PeriphResetCmd
    stm32f10x_usart.o(i.USART_DeInit) refers to stm32f10x_rcc.o(i.RCC_APB1PeriphResetCmd) for RCC_APB1PeriphResetCmd
    stm32f10x_usart.o(i.USART_Init) refers to stm32f10x_rcc.o(i.RCC_GetClocksFreq) for RCC_GetClocksFreq
    stm32f10x_tim.o(i.TIM_DeInit) refers to stm32f10x_rcc.o(i.RCC_APB2PeriphResetCmd) for RCC_APB2PeriphResetCmd
    stm32f10x_tim.o(i.TIM_DeInit) refers to stm32f10x_rcc.o(i.RCC_APB1PeriphResetCmd) for RCC_APB1PeriphResetCmd
    stm32f10x_tim.o(i.TIM_ETRClockMode1Config) refers to stm32f10x_tim.o(i.TIM_ETRConfig) for TIM_ETRConfig
    stm32f10x_tim.o(i.TIM_ETRClockMode2Config) refers to stm32f10x_tim.o(i.TIM_ETRConfig) for TIM_ETRConfig
    stm32f10x_tim.o(i.TIM_ICInit) refers to stm32f10x_tim.o(i.TI1_Config) for TI1_Config
    stm32f10x_tim.o(i.TIM_ICInit) refers to stm32f10x_tim.o(i.TIM_SetIC1Prescaler) for TIM_SetIC1Prescaler
    stm32f10x_tim.o(i.TIM_ICInit) refers to stm32f10x_tim.o(i.TI2_Config) for TI2_Config
    stm32f10x_tim.o(i.TIM_ICInit) refers to stm32f10x_tim.o(i.TIM_SetIC2Prescaler) for TIM_SetIC2Prescaler
    stm32f10x_tim.o(i.TIM_ICInit) refers to stm32f10x_tim.o(i.TI3_Config) for TI3_Config
    stm32f10x_tim.o(i.TIM_ICInit) refers to stm32f10x_tim.o(i.TIM_SetIC3Prescaler) for TIM_SetIC3Prescaler
    stm32f10x_tim.o(i.TIM_ICInit) refers to stm32f10x_tim.o(i.TI4_Config) for TI4_Config
    stm32f10x_tim.o(i.TIM_ICInit) refers to stm32f10x_tim.o(i.TIM_SetIC4Prescaler) for TIM_SetIC4Prescaler
    stm32f10x_tim.o(i.TIM_ITRxExternalClockConfig) refers to stm32f10x_tim.o(i.TIM_SelectInputTrigger) for TIM_SelectInputTrigger
    stm32f10x_tim.o(i.TIM_PWMIConfig) refers to stm32f10x_tim.o(i.TI1_Config) for TI1_Config
    stm32f10x_tim.o(i.TIM_PWMIConfig) refers to stm32f10x_tim.o(i.TIM_SetIC1Prescaler) for TIM_SetIC1Prescaler
    stm32f10x_tim.o(i.TIM_PWMIConfig) refers to stm32f10x_tim.o(i.TI2_Config) for TI2_Config
    stm32f10x_tim.o(i.TIM_PWMIConfig) refers to stm32f10x_tim.o(i.TIM_SetIC2Prescaler) for TIM_SetIC2Prescaler
    stm32f10x_tim.o(i.TIM_TIxExternalClockConfig) refers to stm32f10x_tim.o(i.TI2_Config) for TI2_Config
    stm32f10x_tim.o(i.TIM_TIxExternalClockConfig) refers to stm32f10x_tim.o(i.TI1_Config) for TI1_Config
    stm32f10x_tim.o(i.TIM_TIxExternalClockConfig) refers to stm32f10x_tim.o(i.TIM_SelectInputTrigger) for TIM_SelectInputTrigger
    stm32f10x_i2c.o(i.I2C_DeInit) refers to stm32f10x_rcc.o(i.RCC_APB1PeriphResetCmd) for RCC_APB1PeriphResetCmd
    stm32f10x_i2c.o(i.I2C_Init) refers to stm32f10x_rcc.o(i.RCC_GetClocksFreq) for RCC_GetClocksFreq
    main.o(i.ADC_Read) refers to adc.o(i.ADC_DMA_Configure) for ADC_DMA_Configure
    main.o(i.ADC_Read) refers to queue.o(i.xQueueGenericSend) for xQueueGenericSend
    main.o(i.ADC_Read) refers to tasks.o(i.vTaskDelay) for vTaskDelay
[...]
    Removing stm32f10x_tim.o(i.TIM_TimeBaseStructInit), (18 bytes).
    Removing stm32f10x_tim.o(i.TIM_UpdateDisableConfig), (24 bytes).
    Removing stm32f10x_tim.o(i.TIM_UpdateRequestConfig), (24 bytes).
    Removing stm32f10x_i2c.o(i.I2C_ARPCmd), (24 bytes).
    Removing stm32f10x_i2c.o(i.I2C_AcknowledgeConfig), (24 bytes).
    Removing stm32f10x_i2c.o(i.I2C_CalculatePEC), (24 bytes).
    Removing stm32f10x_i2c.o(i.I2C_ClearFlag), (12 bytes).
    Removing stm32f10x_i2c.o(i.I2C_ClearITPendingBit), (12 bytes).
    Removing stm32f10x_i2c.o(i.I2C_DMACmd), (24 bytes).
    Removing stm32f10x_i2c.o(i.I2C_DMALastTransferCmd), (24 bytes).
    Removing stm32f10x_i2c.o(i.I2C_DeInit), (56 bytes).
    Removing stm32f10x_i2c.o(i.I2C_DualAddressCmd), (24 bytes).
    Removing stm32f10x_i2c.o(i.I2C_FastModeDutyCycleConfig), (28 bytes).
    Removing stm32f10x_i2c.o(i.I2C_GeneralCallCmd), (24 bytes).
    Removing stm32f10x_i2c.o(i.I2C_GetFlagStatus), (58 bytes).
    Removing stm32f10x_i2c.o(i.I2C_GetITStatus), (38 bytes).
    Removing stm32f10x_i2c.o(i.I2C_GetLastEvent), (26 bytes).
    Removing stm32f10x_i2c.o(i.I2C_GetPEC), (8 bytes).
    Removing stm32f10x_i2c.o(i.I2C_ITConfig), (18 bytes).
    Removing stm32f10x_i2c.o(i.I2C_NACKPositionConfig), (28 bytes).
    Removing stm32f10x_i2c.o(i.I2C_OwnAddress2Config), (22 bytes).
    Removing stm32f10x_i2c.o(i.I2C_PECPositionConfig), (28 bytes).
    Removing stm32f10x_i2c.o(i.I2C_ReadRegister), (22 bytes).
    Removing stm32f10x_i2c.o(i.I2C_ReceiveData), (8 bytes).
    Removing stm32f10x_i2c.o(i.I2C_SMBusAlertConfig), (28 bytes).
    Removing stm32f10x_i2c.o(i.I2C_SoftwareResetCmd), (22 bytes).
    Removing stm32f10x_i2c.o(i.I2C_StretchClockCmd), (24 bytes).
    Removing stm32f10x_i2c.o(i.I2C_StructInit), (30 bytes).
    Removing stm32f10x_i2c.o(i.I2C_TransmitPEC), (24 bytes).
    Removing stm32f10x_it.o(i.PendSV_Handler), (2 bytes).
    Removing stm32f10x_it.o(i.SVC_Handler), (2 bytes).
    Removing stm32f10x_it.o(i.SysTick_Handler), (2 bytes).
    Removing system_stm32f10x.o(i.SystemCoreClockUpdate), (164 bytes).
    Removing system_stm32f10x.o(.data), (20 bytes).
    Removing delaytimer.o(i.DelayTimer_Us), (24 bytes).
    Removing delaytimer.o(i.Timer_GetTickUs), (24 bytes).
    Removing lcd_i2c.o(i.LCD_Clear), (16 bytes).
    Removing lcd_i2c.o(i.LCD_Send_String), (22 bytes).
    Removing uart2.o(i.UART2_SendChar), (44 bytes).
    Removing button.o(i.Button_OnHold), (40 bytes).
    Removing button.o(i.Button_SetHoldTime), (4 bytes).
    Removing event_groups.o(i.prvTestWaitCondition), (30 bytes).
    Removing event_groups.o(i.vEventGroupClearBitsCallback), (16 bytes).
    Removing event_groups.o(i.vEventGroupDelete), (42 bytes).
    Removing event_groups.o(i.vEventGroupSetBitsCallback), (16 bytes).
    Removing event_groups.o(i.xEventGroupClearBits), (32 bytes).
    Removing event_groups.o(i.xEventGroupCreate), (26 bytes).
    Removing event_groups.o(i.xEventGroupGetBitsFromISR), (44 bytes).
    Removing event_groups.o(i.xEventGroupSetBits), (146 bytes).
    Removing event_groups.o(i.xEventGroupSync), (164 bytes).
    Removing event_groups.o(i.xEventGroupWaitBits), (200 bytes).
    Removing heap_2.o(i.vPortInitialiseBlocks), (2 bytes).
    Removing heap_2.o(i.xPortGetFreeHeapSize), (12 bytes).
    Removing port.o(i.vPortEndScheduler), (2 bytes).
    Removing queue.o(i.uxQueueMessagesWaiting), (18 bytes).
    Removing queue.o(i.uxQueueMessagesWaitingFromISR), (6 bytes).
    Removing queue.o(i.uxQueueSpacesAvailable), (24 bytes).
    Removing queue.o(i.vQueueDelete), (14 bytes).
    Removing queue.o(i.xQueueGenericSendFromISR), (134 bytes).
    Removing queue.o(i.xQueueGiveFromISR), (120 bytes).
    Removing queue.o(i.xQueueIsQueueEmptyFromISR), (14 bytes).
    Removing queue.o(i.xQueueIsQueueFullFromISR), (18 bytes).
    Removing queue.o(i.xQueuePeekFromISR), (74 bytes).
    Removing queue.o(i.xQueueReceiveFromISR), (130 bytes).
    Removing tasks.o(i.pcTaskGetName), (24 bytes).
    Removing tasks.o(i.prvTaskIsTaskSuspended), (64 bytes).
    Removing tasks.o(i.ulTaskNotifyTake), (116 bytes).
    Removing tasks.o(i.uxTaskGetNumberOfTasks), (12 bytes).
    Removing tasks.o(i.uxTaskPriorityGet), (36 bytes).
    Removing tasks.o(i.uxTaskPriorityGetFromISR), (56 bytes).
    Removing tasks.o(i.uxTaskResetEventItemValue), (28 bytes).
    Removing tasks.o(i.vTaskDelayUntil), (116 bytes).
    Removing tasks.o(i.vTaskDelete), (204 bytes).
    Removing tasks.o(i.vTaskEndScheduler), (36 bytes).
    Removing tasks.o(i.vTaskNotifyGiveFromISR), (180 bytes).
    Removing tasks.o(i.vTaskPlaceOnUnorderedEventList), (44 bytes).
    Removing tasks.o(i.vTaskPrioritySet), (232 bytes).
    Removing tasks.o(i.vTaskResume), (120 bytes).
    Removing tasks.o(i.vTaskSuspend), (188 bytes).
    Removing tasks.o(i.xTaskGenericNotify), (196 bytes).
    Removing tasks.o(i.xTaskGenericNotifyFromISR), (252 bytes).
    Removing tasks.o(i.xTaskGetTickCount), (12 bytes).
    Removing tasks.o(i.xTaskGetTickCountFromISR), (12 bytes).
    Removing tasks.o(i.xTaskNotifyStateClear), (52 bytes).
    Removing tasks.o(i.xTaskNotifyWait), (160 bytes).
    Removing tasks.o(i.xTaskRemoveFromUnorderedEventList), (112 bytes).
    Removing tasks.o(i.xTaskResumeFromISR), (152 bytes).

280 unused section(s) (total 11768 bytes) removed from the image.

==============================================================================

Image Symbol Table

    Local Symbols

    Symbol Name                              Value     Ov Type        Size  Object(Section)

    ../clib/microlib/division.c              0x00000000   Number         0  uldiv.o ABSOLUTE
    ../clib/microlib/division.c              0x00000000   Number         0  uidiv.o ABSOLUTE
    ../clib/microlib/errno.c                 0x00000000   Number         0  errno.o ABSOLUTE
    ../clib/microlib/init/entry.s            0x00000000   Number         0  entry9a.o ABSOLUTE
    ../clib/microlib/init/entry.s            0x00000000   Number         0  entry8b.o ABSOLUTE
    ../clib/microlib/init/entry.s            0x00000000   Number         0  entry8a.o ABSOLUTE
    ../clib/microlib/init/entry.s            0x00000000   Number         0  entry2.o ABSOLUTE
    ../clib/microlib/init/entry.s            0x00000000   Number         0  entry7b.o ABSOLUTE
    ../clib/microlib/init/entry.s            0x00000000   Number         0  entry7a.o ABSOLUTE
    ../clib/microlib/init/entry.s            0x00000000   Number         0  entry11b.o ABSOLUTE
    ../clib/microlib/init/entry.s            0x00000000   Number         0  entry.o ABSOLUTE
    ../clib/microlib/init/entry.s            0x00000000   Number         0  entry5.o ABSOLUTE
    ../clib/microlib/init/entry.s            0x00000000   Number         0  entry11a.o ABSOLUTE
    ../clib/microlib/init/entry.s            0x00000000   Number         0  entry10b.o ABSOLUTE
    ../clib/microlib/init/entry.s            0x00000000   Number         0  entry10a.o ABSOLUTE
    ../clib/microlib/init/entry.s            0x00000000   Number         0  entry9b.o ABSOLUTE
    ../clib/microlib/longlong.c              0x00000000   Number         0  llsshr.o ABSOLUTE
    ../clib/microlib/longlong.c              0x00000000   Number         0  llshl.o ABSOLUTE
    ../clib/microlib/longlong.c              0x00000000   Number         0  llushr.o ABSOLUTE
    ../clib/microlib/printf/printf.c         0x00000000   Number         0  printfa.o ABSOLUTE
    ../clib/microlib/stdio/fputc.c           0x00000000   Number         0  fputc.o ABSOLUTE
    ../clib/microlib/stdio/semi.s            0x00000000   Number         0  semi.o ABSOLUTE
    ../clib/microlib/stdio/streams.c         0x00000000   Number         0  stdout.o ABSOLUTE
    ../clib/microlib/string/memcpy.c         0x00000000   Number         0  memcpyb.o ABSOLUTE
    ../clib/microlib/string/memcpy.c         0x00000000   Number         0  memcpya.o ABSOLUTE
    ../clib/microlib/string/strlen.c         0x00000000   Number         0  strlen.o ABSOLUTE
    ../clib/microlib/stubs.s                 0x00000000   Number         0  iusesemip.o ABSOLUTE
    ../clib/microlib/stubs.s                 0x00000000   Number         0  iusefp.o ABSOLUTE
    ../fplib/microlib/d2f.c                  0x00000000   Number         0  d2f.o ABSOLUTE
    ../fplib/microlib/f2d.c                  0x00000000   Number         0  f2d.o ABSOLUTE
    ../fplib/microlib/fpadd.c                0x00000000   Number         0  dadd.o ABSOLUTE
    ../fplib/microlib/fpdiv.c                0x00000000   Number         0  ddiv.o ABSOLUTE
    ../fplib/microlib/fpdiv.c                0x00000000   Number         0  fdiv.o ABSOLUTE
    ../fplib/microlib/fpepilogue.c           0x00000000   Number         0  depilogue.o ABSOLUTE
    ../fplib/microlib/fpepilogue.c           0x00000000   Number         0  fepilogue.o ABSOLUTE
    ../fplib/microlib/fpfix.c                0x00000000   Number         0  dfixi.o ABSOLUTE
    ../fplib/microlib/fpfix.c                0x00000000   Number         0  dfixul.o ABSOLUTE
    ../fplib/microlib/fpflt.c                0x00000000   Number         0  ffltui.o ABSOLUTE
    ../fplib/microlib/fpflt.c                0x00000000   Number         0  dflti.o ABSOLUTE
    ../fplib/microlib/fpmul.c                0x00000000   Number         0  fmul.o ABSOLUTE
    ../fplib/microlib/fpmul.c                0x00000000   Number         0  dmul.o ABSOLUTE
    ../fplib/microlib/fpscalb.c              0x00000000   Number         0  dscalb.o ABSOLUTE
    ../mathlib/dunder.c                      0x00000000   Number         0  dunder.o ABSOLUTE
    ../mathlib/exp.c                         0x00000000   Number         0  exp_x.o ABSOLUTE
    ../mathlib/exp.c                         0x00000000   Number         0  exp.o ABSOLUTE
    ../mathlib/fpclassify.c                  0x00000000   Number         0  fpclassify.o ABSOLUTE
    ../mathlib/poly.c                        0x00000000   Number         0  poly.o ABSOLUTE
    ../mathlib/qnan.c                        0x00000000   Number         0  qnan.o ABSOLUTE
    ..\..\freertos\croutine.c                0x00000000   Number         0  croutine.o ABSOLUTE
    ..\..\freertos\event_groups.c            0x00000000   Number         0  event_groups.o ABSOLUTE
    ..\..\freertos\heap_2.c                  0x00000000   Number         0  heap_2.o ABSOLUTE
    ..\..\freertos\list.c                    0x00000000   Number         0  list.o ABSOLUTE
    ..\..\freertos\port.c                    0x00000000   Number         0  port.o ABSOLUTE
    ..\..\freertos\queue.c                   0x00000000   Number         0  queue.o ABSOLUTE
    ..\..\freertos\tasks.c                   0x00000000   Number         0  tasks.o ABSOLUTE
    ..\..\freertos\timers.c                  0x00000000   Number         0  timers.o ABSOLUTE
    ..\..\lib\CMSIS\CM3\CoreSupport\core_cm3.c 0x00000000   Number         0  core_cm3.o ABSOLUTE
    ..\..\lib\CMSIS\CM3\DeviceSupport\ST\STM32F10x\startup\arm\startup_stm32f10x_md.s 0x00000000   Number         0  startup_stm32f10x_md.o ABSOLUTE
    ..\..\lib\STM32F10x_StdPeriph_Driver\src\misc.c 0x00000000   Number         0  misc.o ABSOLUTE
    ..\..\lib\STM32F10x_StdPeriph_Driver\src\stm32f10x_adc.c 0x00000000   Number         0  stm32f10x_adc.o ABSOLUTE
    ..\..\lib\STM32F10x_StdPeriph_Driver\src\stm32f10x_exti.c 0x00000000   Number         0  stm32f10x_exti.o ABSOLUTE
    ..\..\lib\STM32F10x_StdPeriph_Driver\src\stm32f10x_gpio.c 0x00000000   Number         0  stm32f10x_gpio.o ABSOLUTE
    ..\..\lib\STM32F10x_StdPeriph_Driver\src\stm32f10x_i2c.c 0x00000000   Number         0  stm32f10x_i2c.o ABSOLUTE
    ..\..\lib\STM32F10x_StdPeriph_Driver\src\stm32f10x_rcc.c 0x00000000   Number         0  stm32f10x_rcc.o ABSOLUTE
    ..\..\lib\STM32F10x_StdPeriph_Driver\src\stm32f10x_tim.c 0x00000000   Number         0  stm32f10x_tim.o ABSOLUTE
    ..\..\lib\STM32F10x_StdPeriph_Driver\src\stm32f10x_usart.c 0x00000000   Number         0  stm32f10x_usart.o ABSOLUTE
    ..\..\myLibrary\ADC.c                    0x00000000   Number         0  adc.o ABSOLUTE
    ..\..\myLibrary\Button.c                 0x00000000   Number         0  button.o ABSOLUTE
    ..\..\myLibrary\Buzzer.c                 0x00000000   Number         0  buzzer.o ABSOLUTE
    ..\..\myLibrary\DelayTimer.c             0x00000000   Number         0  delaytimer.o ABSOLUTE
    ..\..\myLibrary\LCD_I2C.c                0x00000000   Number         0  lcd_i2c.o ABSOLUTE
    ..\..\myLibrary\PWM.c                    0x00000000   Number         0  pwm.o ABSOLUTE
    ..\..\myLibrary\RingBuffer.c             0x00000000   Number         0  ringbuffer.o ABSOLUTE
    ..\..\myLibrary\Serial.c                 0x00000000   Number         0  serial.o ABSOLUTE
    ..\..\myLibrary\Servo.c                  0x00000000   Number         0  servo.o ABSOLUTE
    ..\..\myLibrary\uart2.c                  0x00000000   Number         0  uart2.o ABSOLUTE
    ..\\..\\freertos\\port.c                 0x00000000   Number         0  port.o ABSOLUTE
    ..\\..\\lib\\CMSIS\\CM3\\CoreSupport\\core_cm3.c 0x00000000   Number         0  core_cm3.o ABSOLUTE
    ..\main.c                                0x00000000   Number         0  main.o ABSOLUTE
    ..\stm32f10x_it.c                        0x00000000   Number         0  stm32f10x_it.o ABSOLUTE
    ..\system_stm32f10x.c                    0x00000000   Number         0  system_stm32f10x.o ABSOLUTE
    cdcmple.s                                0x00000000   Number         0  cdcmple.o ABSOLUTE
    cdrcmple.s                               0x00000000   Number         0  cdrcmple.o ABSOLUTE
    cfcmple.s                                0x00000000   Number         0  cfcmple.o ABSOLUTE
    dc.s                                     0x00000000   Number         0  dc.o ABSOLUTE
    handlers.s                               0x00000000   Number         0  handlers.o ABSOLUTE
    init.s                                   0x00000000   Number         0  init.o ABSOLUTE
    RESET                                    0x08000000   Section      236  startup_stm32f10x_md.o(RESET)
    .ARM.Collect$$$$00000000                 0x080000ec   Section        0  entry.o(.ARM.Collect$$$$00000000)
    .ARM.Collect$$$$00000001                 0x080000ec   Section        4  entry2.o(.ARM.Collect$$$$00000001)
    .ARM.Collect$$$$00000004                 0x080000f0   Section        4  entry5.o(.ARM.Collect$$$$00000004)
    .ARM.Collect$$$$00000008                 0x080000f4   Section        0  entry7b.o(.ARM.Collect$$$$00000008)
    .ARM.Collect$$$$0000000A                 0x080000f4   Section        0  entry8b.o(.ARM.Collect$$$$0000000A)
    .ARM.Collect$$$$0000000B                 0x080000f4   Section        8  entry9a.o(.ARM.Collect$$$$0000000B)
    .ARM.Collect$$$$0000000D                 0x080000fc   Section        0  entry10a.o(.ARM.Collect$$$$0000000D)
    .ARM.Collect$$$$0000000F                 0x080000fc   Section        0  entry11a.o(.ARM.Collect$$$$0000000F)
    .ARM.Collect$$$$00002712                 0x080000fc   Section        4  entry2.o(.ARM.Collect$$$$00002712)
    __lit__00000000                          0x080000fc   Data           4  entry2.o(.ARM.Collect$$$$00002712)
    .emb_text                                0x08000100   Section      150  port.o(.emb_text)
    .text                                    0x08000198   Section       36  startup_stm32f10x_md.o(.text)
    .text                                    0x080001bc   Section        0  memcpya.o(.text)
    .text                                    0x080001e0   Section        0  strlen.o(.text)
    .text                                    0x080001ee   Section        0  fmul.o(.text)
    .text                                    0x08000252   Section        0  fdiv.o(.text)
    .text                                    0x080002ce   Section        0  dmul.o(.text)
    .text                                    0x080003b2   Section        0  ffltui.o(.text)
    .text                                    0x080003bc   Section        0  f2d.o(.text)
    .text                                    0x080003e4   Section       48  cdrcmple.o(.text)
    .text                                    0x08000414   Section        0  d2f.o(.text)
    .text                                    0x0800044c   Section       20  cfcmple.o(.text)
    .text                                    0x08000460   Section        0  uidiv.o(.text)
    .text                                    0x0800048c   Section        0  uldiv.o(.text)
    .text                                    0x080004ee   Section        0  fepilogue.o(.text)
    .text                                    0x080004ee   Section        0  iusefp.o(.text)
    .text                                    0x0800055c   Section        0  depilogue.o(.text)
    .text                                    0x08000616   Section        0  dadd.o(.text)
    .text                                    0x08000764   Section        0  ddiv.o(.text)
    .text                                    0x08000842   Section        0  dscalb.o(.text)
    .text                                    0x08000870   Section        0  dflti.o(.text)
    .text                                    0x08000892   Section        0  dfixi.o(.text)
    .text                                    0x080008d0   Section        0  dfixul.o(.text)
    .text                                    0x08000900   Section       48  cdcmple.o(.text)
    .text                                    0x08000930   Section       36  init.o(.text)
    .text                                    0x08000954   Section        0  llshl.o(.text)
    .text                                    0x08000972   Section        0  llushr.o(.text)
    .text                                    0x08000992   Section        0  llsshr.o(.text)
    i.ADC_DMA_Configure                      0x080009b8   Section        0  adc.o(i.ADC_DMA_Configure)
    i.ADC_Read                               0x08000ad4   Section        0  main.o(i.ADC_Read)
    ADC_Read                                 0x08000ad5   Thumb Code    54  main.o(i.ADC_Read)
    i.BusFault_Handler                       0x08000b14   Section        0  stm32f10x_it.o(i.BusFault_Handler)
    i.Button_Config                          0x08000b18   Section        0  button.o(i.Button_Config)
    i.Button_OnPress                         0x08000b84   Section        0  button.o(i.Button_OnPress)
    i.Button_Update                          0x08000bac   Section        0  button.o(i.Button_Update)
    i.Buzzer_Config                          0x08000c4c   Section        0  buzzer.o(i.Buzzer_Config)
    i.Buzzer_Start                           0x08000c78   Section        0  buzzer.o(i.Buzzer_Start)
    i.Buzzer_Stop                            0x08000c88   Section        0  buzzer.o(i.Buzzer_Stop)
    i.DebugMon_Handler                       0x08000c98   Section        0  stm32f10x_it.o(i.DebugMon_Handler)
    i.DelayTimer_Init                        0x08000c9a   Section        0  delaytimer.o(i.DelayTimer_Init)
    i.DelayTimer_Ms                          0x08000d04   Section        0  delaytimer.o(i.DelayTimer_Ms)
    i.GPIO_Configure                         0x08000d1c   Section        0  adc.o(i.GPIO_Configure)
    i.GPIO_Init                              0x08000d48   Section        0  stm32f10x_gpio.o(i.GPIO_Init)
    i.GPIO_Mode_AF_PP_Config                 0x08000e60   Section        0  pwm.o(i.GPIO_Mode_AF_PP_Config)
    i.GPIO_ReadInputDataBit                  0x08000ea8   Section        0  stm32f10x_gpio.o(i.GPIO_ReadInputDataBit)
    i.GPIO_ResetBits                         0x08000eba   Section        0  stm32f10x_gpio.o(i.GPIO_ResetBits)
    i.GPIO_SetBits                           0x08000ebe   Section        0  stm32f10x_gpio.o(i.GPIO_SetBits)
    i.GPIO_WriteBit                          0x08000ec2   Section        0  stm32f10x_gpio.o(i.GPIO_WriteBit)
    i.HardFault_Handler                      0x08000ecc   Section        0  stm32f10x_it.o(i.HardFault_Handler)
    i.I2C_CheckEvent                         0x08000ed0   Section        0  stm32f10x_i2c.o(i.I2C_CheckEvent)
    i.I2C_Cmd                                0x08000efa   Section        0  stm32f10x_i2c.o(i.I2C_Cmd)
    i.I2C_GenerateSTART                      0x08000f12   Section        0  stm32f10x_i2c.o(i.I2C_GenerateSTART)
    i.I2C_GenerateSTOP                       0x08000f2a   Section        0  stm32f10x_i2c.o(i.I2C_GenerateSTOP)
    i.I2C_Init                               0x08000f44   Section        0  stm32f10x_i2c.o(i.I2C_Init)
    i.I2C_Send7bitAddress                    0x08001030   Section        0  stm32f10x_i2c.o(i.I2C_Send7bitAddress)
    i.I2C_SendData                           0x08001042   Section        0  stm32f10x_i2c.o(i.I2C_SendData)
    i.LCD_Cmd_Write                          0x08001046   Section        0  lcd_i2c.o(i.LCD_Cmd_Write)
    i.LCD_Data_Write                         0x08001088   Section        0  lcd_i2c.o(i.LCD_Data_Write)
    i.LCD_Display                            0x080010d0   Section        0  main.o(i.LCD_Display)
    LCD_Display                              0x080010d1   Thumb Code   328  main.o(i.LCD_Display)
    i.LCD_Gotoxy                             0x08001280   Section        0  lcd_i2c.o(i.LCD_Gotoxy)
    i.LCD_I2C_Configuration                  0x080012cc   Section        0  lcd_i2c.o(i.LCD_I2C_Configuration)
    i.LCD_Init                               0x08001340   Section        0  lcd_i2c.o(i.LCD_Init)
    i.LCD_Printf                             0x08001398   Section        0  lcd_i2c.o(i.LCD_Printf)
    i.LCD_Write_Byte                         0x080013d8   Section        0  lcd_i2c.o(i.LCD_Write_Byte)
    i.Map                                    0x08001438   Section        0  servo.o(i.Map)
    i.MemManage_Handler                      0x08001450   Section        0  stm32f10x_it.o(i.MemManage_Handler)
    i.Myservo_Attach                         0x08001454   Section        0  servo.o(i.Myservo_Attach)
    i.Myservo_Write                          0x080015dc   Section        0  servo.o(i.Myservo_Write)
    i.NMI_Handler                            0x080016d0   Section        0  stm32f10x_it.o(i.NMI_Handler)
    i.NVIC_Init                              0x080016d4   Section        0  misc.o(i.NVIC_Init)
    i.NVIC_PriorityGroupConfig               0x08001744   Section        0  misc.o(i.NVIC_PriorityGroupConfig)
    i.PC13_Config                            0x08001758   Section        0  main.o(i.PC13_Config)
    i.RB_Available                           0x08001784   Section        0  ringbuffer.o(i.RB_Available)
    i.RB_Init                                0x080017b2   Section        0  ringbuffer.o(i.RB_Init)
    i.RB_Pop                                 0x080017be   Section        0  ringbuffer.o(i.RB_Pop)
    i.RB_Push                                0x080017f4   Section        0  ringbuffer.o(i.RB_Push)
    i.RCC_APB1PeriphClockCmd                 0x08001824   Section        0  stm32f10x_rcc.o(i.RCC_APB1PeriphClockCmd)
    i.RCC_APB2PeriphClockCmd                 0x08001844   Section        0  stm32f10x_rcc.o(i.RCC_APB2PeriphClockCmd)
    i.RCC_GetClocksFreq                      0x08001864   Section        0  stm32f10x_rcc.o(i.RCC_GetClocksFreq)
    i.Serial_Available                       0x08001938   Section        0  serial.o(i.Serial_Available)
    i.Serial_Begin                           0x0800194c   Section        0  serial.o(i.Serial_Begin)
    i.Serial_Printf                          0x08001a34   Section        0  serial.o(i.Serial_Printf)
    i.Serial_Read                            0x08001a60   Section        0  serial.o(i.Serial_Read)
    i.SetSysClock                            0x08001a74   Section        0  system_stm32f10x.o(i.SetSysClock)
    SetSysClock                              0x08001a75   Thumb Code     8  system_stm32f10x.o(i.SetSysClock)
    i.SetSysClockTo72                        0x08001a7c   Section        0  system_stm32f10x.o(i.SetSysClockTo72)
    SetSysClockTo72                          0x08001a7d   Thumb Code   214  system_stm32f10x.o(i.SetSysClockTo72)
    i.SysTick_Handler                        0x08001b5c   Section        0  port.o(i.SysTick_Handler)
    i.SystemInit                             0x08001b90   Section        0  system_stm32f10x.o(i.SystemInit)
    i.TIM2_IRQHandler                        0x08001bf0   Section        0  delaytimer.o(i.TIM2_IRQHandler)
    i.TIM_Base_Config                        0x08001c1c   Section        0  pwm.o(i.TIM_Base_Config)
    i.TIM_ClearFlag                          0x08001c80   Section        0  stm32f10x_tim.o(i.TIM_ClearFlag)
    i.TIM_ClearITPendingBit                  0x08001c86   Section        0  stm32f10x_tim.o(i.TIM_ClearITPendingBit)
    i.TIM_Cmd                                0x08001c8c   Section        0  stm32f10x_tim.o(i.TIM_Cmd)
    i.TIM_GetCounter                         0x08001ca4   Section        0  stm32f10x_tim.o(i.TIM_GetCounter)
    i.TIM_ITConfig                           0x08001caa   Section        0  stm32f10x_tim.o(i.TIM_ITConfig)
    i.TIM_OC1Init                            0x08001cbc   Section        0  stm32f10x_tim.o(i.TIM_OC1Init)
    i.TIM_OC2Init                            0x08001d54   Section        0  stm32f10x_tim.o(i.TIM_OC2Init)
    i.TIM_OC3Init                            0x08001df8   Section        0  stm32f10x_tim.o(i.TIM_OC3Init)
    i.TIM_OC4Init                            0x08001e98   Section        0  stm32f10x_tim.o(i.TIM_OC4Init)
    i.TIM_PWM_Channel_Config                 0x08001f14   Section        0  pwm.o(i.TIM_PWM_Channel_Config)
    i.TIM_TimeBaseInit                       0x08002038   Section        0  stm32f10x_tim.o(i.TIM_TimeBaseInit)
    i.Timer_GetTickMs                        0x080020dc   Section        0  delaytimer.o(i.Timer_GetTickMs)
    i.UART2_Begin                            0x080020fc   Section        0  uart2.o(i.UART2_Begin)
    i.UART2_SendString                       0x08002178   Section        0  uart2.o(i.UART2_SendString)
    i.UART_SendChar                          0x08002194   Section        0  serial.o(i.UART_SendChar)
    i.UART_SendString                        0x080021b6   Section        0  serial.o(i.UART_SendString)
    i.UART_Telegram                          0x080021d0   Section        0  main.o(i.UART_Telegram)
    UART_Telegram                            0x080021d1   Thumb Code   120  main.o(i.UART_Telegram)
    i.USART1_IRQHandler                      0x0800225c   Section        0  serial.o(i.USART1_IRQHandler)
    i.USART_Cmd                              0x08002278   Section        0  stm32f10x_usart.o(i.USART_Cmd)
    i.USART_GetChar                          0x08002290   Section        0  serial.o(i.USART_GetChar)
    i.USART_GetFlagStatus                    0x080022b0   Section        0  stm32f10x_usart.o(i.USART_GetFlagStatus)
    i.USART_ITConfig                         0x080022ca   Section        0  stm32f10x_usart.o(i.USART_ITConfig)
    i.USART_Init                             0x08002314   Section        0  stm32f10x_usart.o(i.USART_Init)
    i.USART_SendData                         0x080023ec   Section        0  stm32f10x_usart.o(i.USART_SendData)
    i.UsageFault_Handler                     0x080023f4   Section        0  stm32f10x_it.o(i.UsageFault_Handler)
    i.__0vsprintf                            0x080023f8   Section        0  printfa.o(i.__0vsprintf)
    i.__ARM_fpclassify                       0x0800241c   Section        0  fpclassify.o(i.__ARM_fpclassify)
    i.__kernel_poly                          0x08002444   Section        0  poly.o(i.__kernel_poly)
    i.__mathlib_dbl_infnan                   0x080024ee   Section        0  dunder.o(i.__mathlib_dbl_infnan)
    i.__mathlib_dbl_overflow                 0x080024f4   Section        0  dunder.o(i.__mathlib_dbl_overflow)
    i.__mathlib_dbl_underflow                0x08002504   Section        0  dunder.o(i.__mathlib_dbl_underflow)
    i.__scatterload_copy                     0x08002514   Section       14  handlers.o(i.__scatterload_copy)
    i.__scatterload_null                     0x08002522   Section        2  handlers.o(i.__scatterload_null)
    i.__scatterload_zeroinit                 0x08002524   Section       14  handlers.o(i.__scatterload_zeroinit)
    i.__set_errno                            0x08002534   Section        0  errno.o(i.__set_errno)
    i._fp_digits                             0x08002540   Section        0  printfa.o(i._fp_digits)
    _fp_digits                               0x08002541   Thumb Code   366  printfa.o(i._fp_digits)
    i._printf_core                           0x080026c4   Section        0  printfa.o(i._printf_core)
    _printf_core                             0x080026c5   Thumb Code  1744  printfa.o(i._printf_core)
    i._printf_post_padding                   0x08002da0   Section        0  printfa.o(i._printf_post_padding)
    _printf_post_padding                     0x08002da1   Thumb Code    36  printfa.o(i._printf_post_padding)
    i._printf_pre_padding                    0x08002dc4   Section        0  printfa.o(i._printf_pre_padding)
    _printf_pre_padding                      0x08002dc5   Thumb Code    46  printfa.o(i._printf_pre_padding)
    i._sputc                                 0x08002df2   Section        0  printfa.o(i._sputc)
    _sputc                                   0x08002df3   Thumb Code    10  printfa.o(i._sputc)
    i.exp                                    0x08002dfc   Section        0  exp.o(i.exp)
    i.main                                   0x08003080   Section        0  main.o(i.main)
    i.prvAddCurrentTaskToDelayedList         0x08003130   Section        0  tasks.o(i.prvAddCurrentTaskToDelayedList)
    prvAddCurrentTaskToDelayedList           0x08003131   Thumb Code   124  tasks.o(i.prvAddCurrentTaskToDelayedList)
    i.prvAddNewTaskToReadyList               0x080031c8   Section        0  tasks.o(i.prvAddNewTaskToReadyList)
    prvAddNewTaskToReadyList                 0x080031c9   Thumb Code   150  tasks.o(i.prvAddNewTaskToReadyList)
    i.prvCheckTasksWaitingTermination        0x0800327c   Section        0  tasks.o(i.prvCheckTasksWaitingTermination)
    prvCheckTasksWaitingTermination          0x0800327d   Thumb Code    86  tasks.o(i.prvCheckTasksWaitingTermination)
    i.prvCopyDataFromQueue                   0x080032e0   Section        0  queue.o(i.prvCopyDataFromQueue)
    prvCopyDataFromQueue                     0x080032e1   Thumb Code    42  queue.o(i.prvCopyDataFromQueue)
    i.prvCopyDataToQueue                     0x0800330a   Section        0  queue.o(i.prvCopyDataToQueue)
    prvCopyDataToQueue                       0x0800330b   Thumb Code   106  queue.o(i.prvCopyDataToQueue)
    i.prvDeleteTCB                           0x08003374   Section        0  tasks.o(i.prvDeleteTCB)
    prvDeleteTCB                             0x08003375   Thumb Code    18  tasks.o(i.prvDeleteTCB)
    i.prvHeapInit                            0x08003388   Section        0  heap_2.o(i.prvHeapInit)
    prvHeapInit                              0x08003389   Thumb Code    42  heap_2.o(i.prvHeapInit)
    i.prvIdleTask                            0x080033c0   Section        0  tasks.o(i.prvIdleTask)
    prvIdleTask                              0x080033c1   Thumb Code    32  tasks.o(i.prvIdleTask)
    i.prvInitialiseNewQueue                  0x080033e8   Section        0  queue.o(i.prvInitialiseNewQueue)
    prvInitialiseNewQueue                    0x080033e9   Thumb Code    38  queue.o(i.prvInitialiseNewQueue)
    i.prvInitialiseNewTask                   0x0800340e   Section        0  tasks.o(i.prvInitialiseNewTask)
    prvInitialiseNewTask                     0x0800340f   Thumb Code   128  tasks.o(i.prvInitialiseNewTask)
    i.prvInitialiseTaskLists                 0x08003490   Section        0  tasks.o(i.prvInitialiseTaskLists)
    prvInitialiseTaskLists                   0x08003491   Thumb Code    70  tasks.o(i.prvInitialiseTaskLists)
    i.prvIsQueueEmpty                        0x080034f8   Section        0  queue.o(i.prvIsQueueEmpty)
    prvIsQueueEmpty                          0x080034f9   Thumb Code    26  queue.o(i.prvIsQueueEmpty)
    i.prvIsQueueFull                         0x08003512   Section        0  queue.o(i.prvIsQueueFull)
    prvIsQueueFull                           0x08003513   Thumb Code    30  queue.o(i.prvIsQueueFull)
    i.prvResetNextTaskUnblockTime            0x08003530   Section        0  tasks.o(i.prvResetNextTaskUnblockTime)
    prvResetNextTaskUnblockTime              0x08003531   Thumb Code    42  tasks.o(i.prvResetNextTaskUnblockTime)
    i.prvTaskExitError                       0x08003564   Section        0  port.o(i.prvTaskExitError)
    prvTaskExitError                         0x08003565   Thumb Code    22  port.o(i.prvTaskExitError)
    i.prvUnlockQueue                         0x0800357a   Section        0  queue.o(i.prvUnlockQueue)
    prvUnlockQueue                           0x0800357b   Thumb Code   126  queue.o(i.prvUnlockQueue)
    i.pvPortMalloc                           0x080035f8   Section        0  heap_2.o(i.pvPortMalloc)
    i.pxPortInitialiseStack                  0x080036b0   Section        0  port.o(i.pxPortInitialiseStack)
    i.uxListRemove                           0x080036d4   Section        0  list.o(i.uxListRemove)
    i.vListInitialise                        0x080036fc   Section        0  list.o(i.vListInitialise)
    i.vListInitialiseItem                    0x08003716   Section        0  list.o(i.vListInitialiseItem)
    i.vListInsert                            0x0800371c   Section        0  list.o(i.vListInsert)
    i.vListInsertEnd                         0x08003750   Section        0  list.o(i.vListInsertEnd)
    i.vPortEnterCritical                     0x08003768   Section        0  port.o(i.vPortEnterCritical)
    i.vPortExitCritical                      0x0800378c   Section        0  port.o(i.vPortExitCritical)
    i.vPortFree                              0x080037ac   Section        0  heap_2.o(i.vPortFree)
    i.vPortSetupTimerInterrupt               0x080037ec   Section        0  port.o(i.vPortSetupTimerInterrupt)
    i.vTaskDelay                             0x08003800   Section        0  tasks.o(i.vTaskDelay)
    i.vTaskMissedYield                       0x08003834   Section        0  tasks.o(i.vTaskMissedYield)
    i.vTaskPlaceOnEventList                  0x08003840   Section        0  tasks.o(i.vTaskPlaceOnEventList)
    i.vTaskSetTimeOutState                   0x08003860   Section        0  tasks.o(i.vTaskSetTimeOutState)
    i.vTaskStartScheduler                    0x08003878   Section        0  tasks.o(i.vTaskStartScheduler)
    i.vTaskSuspendAll                        0x080038dc   Section        0  tasks.o(i.vTaskSuspendAll)
    i.vTaskSwitchContext                     0x080038ec   Section        0  tasks.o(i.vTaskSwitchContext)
    i.xPortStartScheduler                    0x0800394c   Section        0  port.o(i.xPortStartScheduler)
    i.xQueueGenericCreate                    0x08003980   Section        0  queue.o(i.xQueueGenericCreate)
    i.xQueueGenericReceive                   0x080039b8   Section        0  queue.o(i.xQueueGenericReceive)
    i.xQueueGenericReset                     0x08003af4   Section        0  queue.o(i.xQueueGenericReset)
    i.xQueueGenericSend                      0x08003b74   Section        0  queue.o(i.xQueueGenericSend)
    i.xTaskCheckForTimeOut                   0x08003c8c   Section        0  tasks.o(i.xTaskCheckForTimeOut)
    i.xTaskCreate                            0x08003ce8   Section        0  tasks.o(i.xTaskCreate)
    i.xTaskIncrementTick                     0x08003d48   Section        0  tasks.o(i.xTaskIncrementTick)
    i.xTaskRemoveFromEventList               0x08003e64   Section        0  tasks.o(i.xTaskRemoveFromEventList)
    i.xTaskResumeAll                         0x08003ee4   Section        0  tasks.o(i.xTaskResumeAll)
    .constdata                               0x08003fd0   Section       88  exp.o(.constdata)
    halF                                     0x08003fd0   Data          16  exp.o(.constdata)
    ln2HI                                    0x08003fe0   Data          16  exp.o(.constdata)
    ln2LO                                    0x08003ff0   Data          16  exp.o(.constdata)
    P                                        0x08004000   Data          40  exp.o(.constdata)
    .data                                    0x20000000   Section       20  stm32f10x_rcc.o(.data)
    APBAHBPrescTable                         0x20000000   Data          16  stm32f10x_rcc.o(.data)
    ADCPrescTable                            0x20000010   Data           4  stm32f10x_rcc.o(.data)
    .data                                    0x20000014   Section       24  main.o(.data)
    .data                                    0x2000002c   Section        8  delaytimer.o(.data)
    tickMs                                   0x2000002c   Data           4  delaytimer.o(.data)
    tickUs                                   0x20000030   Data           4  delaytimer.o(.data)
    .data                                    0x20000034   Section        8  serial.o(.data)
    .data                                    0x2000003c   Section       24  heap_2.o(.data)
    xStart                                   0x2000003c   Data           8  heap_2.o(.data)
    xEnd                                     0x20000044   Data           8  heap_2.o(.data)
    xFreeBytesRemaining                      0x2000004c   Data           4  heap_2.o(.data)
    xHeapHasBeenInitialised                  0x20000050   Data           4  heap_2.o(.data)
    .data                                    0x20000054   Section        4  port.o(.data)
    uxCriticalNesting                        0x20000054   Data           4  port.o(.data)
    .data                                    0x20000058   Section       60  tasks.o(.data)
    pxDelayedTaskList                        0x2000005c   Data           4  tasks.o(.data)
    pxOverflowDelayedTaskList                0x20000060   Data           4  tasks.o(.data)
    uxDeletedTasksWaitingCleanUp             0x20000064   Data           4  tasks.o(.data)
    uxCurrentNumberOfTasks                   0x20000068   Data           4  tasks.o(.data)
    xTickCount                               0x2000006c   Data           4  tasks.o(.data)
    uxTopReadyPriority                       0x20000070   Data           4  tasks.o(.data)
    xSchedulerRunning                        0x20000074   Data           4  tasks.o(.data)
    uxPendedTicks                            0x20000078   Data           4  tasks.o(.data)
    xYieldPending                            0x2000007c   Data           4  tasks.o(.data)
    xNumOfOverflows                          0x20000080   Data           4  tasks.o(.data)
    uxTaskNumber                             0x20000084   Data           4  tasks.o(.data)
    xNextTaskUnblockTime                     0x20000088   Data           4  tasks.o(.data)
    xIdleTaskHandle                          0x2000008c   Data           4  tasks.o(.data)
    uxSchedulerSuspended                     0x20000090   Data           4  tasks.o(.data)
    .data                                    0x20000094   Section        4  errno.o(.data)
    _errno                                   0x20000094   Data           4  errno.o(.data)
    .bss                                     0x20000098   Section       24  main.o(.bss)
    .bss                                     0x200000b0   Section       64  serial.o(.bss)
    .bss                                     0x200000f0   Section    17408  heap_2.o(.bss)
    ucHeap                                   0x200000f0   Data       17408  heap_2.o(.bss)
    .bss                                     0x200044f0   Section      200  tasks.o(.bss)
    pxReadyTasksLists                        0x200044f0   Data         100  tasks.o(.bss)
    xDelayedTaskList1                        0x20004554   Data          20  tasks.o(.bss)
    xDelayedTaskList2                        0x20004568   Data          20  tasks.o(.bss)
    xPendingReadyList                        0x2000457c   Data          20  tasks.o(.bss)
    xTasksWaitingTermination                 0x20004590   Data          20  tasks.o(.bss)
    xSuspendedTaskList                       0x200045a4   Data          20  tasks.o(.bss)
    STACK                                    0x200045b8   Section     1024  startup_stm32f10x_md.o(STACK)

    Global Symbols

    Symbol Name                              Value     Ov Type        Size  Object(Section)

    BuildAttributes$$THM_ISAv4$P$D$K$B$S$PE$A:L22UL41UL21$X:L11$S22US41US21$IEEE1$IW$USESV6$~STKCKD$USESV7$~SHL$OTIME$ROPI$IEEEX$EBA8$MICROLIB$REQ8$PRES8$EABIv2 0x00000000   Number         0  anon$$obj.o ABSOLUTE
    __ARM_use_no_argv                        0x00000000   Number         0  main.o ABSOLUTE
    __cpp_initialize__aeabi_                  - Undefined Weak Reference
    __cxa_finalize                            - Undefined Weak Reference
    __decompress                              - Undefined Weak Reference
    _clock_init                               - Undefined Weak Reference
    _microlib_exit                            - Undefined Weak Reference
    __Vectors_Size                           0x000000ec   Number         0  startup_stm32f10x_md.o ABSOLUTE
    __Vectors                                0x08000000   Data           4  startup_stm32f10x_md.o(RESET)
    __Vectors_End                            0x080000ec   Data           0  startup_stm32f10x_md.o(RESET)
    __main                                   0x080000ed   Thumb Code     0  entry.o(.ARM.Collect$$$$00000000)
    _main_stk                                0x080000ed   Thumb Code     0  entry2.o(.ARM.Collect$$$$00000001)
    _main_scatterload                        0x080000f1   Thumb Code     0  entry5.o(.ARM.Collect$$$$00000004)
    __main_after_scatterload                 0x080000f5   Thumb Code     0  entry5.o(.ARM.Collect$$$$00000004)
    _main_clock                              0x080000f5   Thumb Code     0  entry7b.o(.ARM.Collect$$$$00000008)
    _main_cpp_init                           0x080000f5   Thumb Code     0  entry8b.o(.ARM.Collect$$$$0000000A)
    _main_init                               0x080000f5   Thumb Code     0  entry9a.o(.ARM.Collect$$$$0000000B)
    __rt_final_cpp                           0x080000fd   Thumb Code     0  entry10a.o(.ARM.Collect$$$$0000000D)
    __rt_final_exit                          0x080000fd   Thumb Code     0  entry11a.o(.ARM.Collect$$$$0000000F)
    SVC_Handler                              0x08000101   Thumb Code    32  port.o(.emb_text)
    __asm___6_port_c_39a90d8d__prvStartFirstTask 0x08000125   Thumb Code    28  port.o(.emb_text)
    PendSV_Handler                           0x08000145   Thumb Code    72  port.o(.emb_text)
    vPortGetIPSR                             0x08000191   Thumb Code     6  port.o(.emb_text)
    Reset_Handler                            0x08000199   Thumb Code     8  startup_stm32f10x_md.o(.text)
    ADC1_2_IRQHandler                        0x080001b3   Thumb Code     0  startup_stm32f10x_md.o(.text)
    CAN1_RX1_IRQHandler                      0x080001b3   Thumb Code     0  startup_stm32f10x_md.o(.text)
    CAN1_SCE_IRQHandler                      0x080001b3   Thumb Code     0  startup_stm32f10x_md.o(.text)
    DMA1_Channel1_IRQHandler                 0x080001b3   Thumb Code     0  startup_stm32f10x_md.o(.text)
    DMA1_Channel2_IRQHandler                 0x080001b3   Thumb Code     0  startup_stm32f10x_md.o(.text)
    DMA1_Channel3_IRQHandler                 0x080001b3   Thumb Code     0  startup_stm32f10x_md.o(.text)
    DMA1_Channel4_IRQHandler                 0x080001b3   Thumb Code     0  startup_stm32f10x_md.o(.text)
    DMA1_Channel5_IRQHandler                 0x080001b3   Thumb Code     0  startup_stm32f10x_md.o(.text)
    DMA1_Channel6_IRQHandler                 0x080001b3   Thumb Code     0  startup_stm32f10x_md.o(.text)
    DMA1_Channel7_IRQHandler                 0x080001b3   Thumb Code     0  startup_stm32f10x_md.o(.text)
    EXTI0_IRQHandler                         0x080001b3   Thumb Code     0  startup_stm32f10x_md.o(.text)
    EXTI15_10_IRQHandler                     0x080001b3   Thumb Code     0  startup_stm32f10x_md.o(.text)
    EXTI1_IRQHandler                         0x080001b3   Thumb Code     0  startup_stm32f10x_md.o(.text)
    EXTI2_IRQHandler                         0x080001b3   Thumb Code     0  startup_stm32f10x_md.o(.text)
    EXTI3_IRQHandler                         0x080001b3   Thumb Code     0  startup_stm32f10x_md.o(.text)
    EXTI4_IRQHandler                         0x080001b3   Thumb Code     0  startup_stm32f10x_md.o(.text)
    EXTI9_5_IRQHandler                       0x080001b3   Thumb Code     0  startup_stm32f10x_md.o(.text)
    FLASH_IRQHandler                         0x080001b3   Thumb Code     0  startup_stm32f10x_md.o(.text)
    I2C1_ER_IRQHandler                       0x080001b3   Thumb Code     0  startup_stm32f10x_md.o(.text)
    I2C1_EV_IRQHandler                       0x080001b3   Thumb Code     0  startup_stm32f10x_md.o(.text)
    I2C2_ER_IRQHandler                       0x080001b3   Thumb Code     0  startup_stm32f10x_md.o(.text)
    I2C2_EV_IRQHandler                       0x080001b3   Thumb Code     0  startup_stm32f10x_md.o(.text)
    PVD_IRQHandler                           0x080001b3   Thumb Code     0  startup_stm32f10x_md.o(.text)
    RCC_IRQHandler                           0x080001b3   Thumb Code     0  startup_stm32f10x_md.o(.text)
    RTCAlarm_IRQHandler                      0x080001b3   Thumb Code     0  startup_stm32f10x_md.o(.text)
    RTC_IRQHandler                           0x080001b3   Thumb Code     0  startup_stm32f10x_md.o(.text)
    SPI1_IRQHandler                          0x080001b3   Thumb Code     0  startup_stm32f10x_md.o(.text)
    SPI2_IRQHandler                          0x080001b3   Thumb Code     0  startup_stm32f10x_md.o(.text)
    TAMPER_IRQHandler                        0x080001b3   Thumb Code     0  startup_stm32f10x_md.o(.text)
    TIM1_BRK_IRQHandler                      0x080001b3   Thumb Code     0  startup_stm32f10x_md.o(.text)
    TIM1_CC_IRQHandler                       0x080001b3   Thumb Code     0  startup_stm32f10x_md.o(.text)
    TIM1_TRG_COM_IRQHandler                  0x080001b3   Thumb Code     0  startup_stm32f10x_md.o(.text)
    TIM1_UP_IRQHandler                       0x080001b3   Thumb Code     0  startup_stm32f10x_md.o(.text)
    TIM3_IRQHandler                          0x080001b3   Thumb Code     0  startup_stm32f10x_md.o(.text)
    TIM4_IRQHandler                          0x080001b3   Thumb Code     0  startup_stm32f10x_md.o(.text)
    USART2_IRQHandler                        0x080001b3   Thumb Code     0  startup_stm32f10x_md.o(.text)
    USART3_IRQHandler                        0x080001b3   Thumb Code     0  startup_stm32f10x_md.o(.text)
    USBWakeUp_IRQHandler                     0x080001b3   Thumb Code     0  startup_stm32f10x_md.o(.text)
    USB_HP_CAN1_TX_IRQHandler                0x080001b3   Thumb Code     0  startup_stm32f10x_md.o(.text)
    USB_LP_CAN1_RX0_IRQHandler               0x080001b3   Thumb Code     0  startup_stm32f10x_md.o(.text)
    WWDG_IRQHandler                          0x080001b3   Thumb Code     0  startup_stm32f10x_md.o(.text)
    __aeabi_memcpy                           0x080001bd   Thumb Code    36  memcpya.o(.text)
    __aeabi_memcpy4                          0x080001bd   Thumb Code     0  memcpya.o(.text)
    __aeabi_memcpy8                          0x080001bd   Thumb Code     0  memcpya.o(.text)
    strlen                                   0x080001e1   Thumb Code    14  strlen.o(.text)
    __aeabi_fmul                             0x080001ef   Thumb Code   100  fmul.o(.text)
    __aeabi_fdiv                             0x08000253   Thumb Code   124  fdiv.o(.text)
    __aeabi_dmul                             0x080002cf   Thumb Code   228  dmul.o(.text)
    __aeabi_ui2f                             0x080003b3   Thumb Code    10  ffltui.o(.text)
    __aeabi_f2d                              0x080003bd   Thumb Code    38  f2d.o(.text)
    __aeabi_cdrcmple                         0x080003e5   Thumb Code    48  cdrcmple.o(.text)
    __aeabi_d2f                              0x08000415   Thumb Code    56  d2f.o(.text)
    __aeabi_cfcmpeq                          0x0800044d   Thumb Code     0  cfcmple.o(.text)
    __aeabi_cfcmple                          0x0800044d   Thumb Code    20  cfcmple.o(.text)
    __aeabi_uidiv                            0x08000461   Thumb Code     0  uidiv.o(.text)
    __aeabi_uidivmod                         0x08000461   Thumb Code    44  uidiv.o(.text)
    __aeabi_uldivmod                         0x0800048d   Thumb Code    98  uldiv.o(.text)
    __I$use$fp                               0x080004ef   Thumb Code     0  iusefp.o(.text)
    _float_round                             0x080004ef   Thumb Code    18  fepilogue.o(.text)
    _float_epilogue                          0x08000501   Thumb Code    92  fepilogue.o(.text)
    _double_round                            0x0800055d   Thumb Code    30  depilogue.o(.text)
    _double_epilogue                         0x0800057b   Thumb Code   156  depilogue.o(.text)
    __aeabi_dadd                             0x08000617   Thumb Code   322  dadd.o(.text)
    __aeabi_dsub                             0x08000759   Thumb Code     6  dadd.o(.text)
    __aeabi_drsub                            0x0800075f   Thumb Code     6  dadd.o(.text)
    __aeabi_ddiv                             0x08000765   Thumb Code   222  ddiv.o(.text)
    __ARM_scalbn                             0x08000843   Thumb Code    46  dscalb.o(.text)
    scalbn                                   0x08000843   Thumb Code     0  dscalb.o(.text)
    __aeabi_i2d                              0x08000871   Thumb Code    34  dflti.o(.text)
    __aeabi_d2iz                             0x08000893   Thumb Code    62  dfixi.o(.text)
    __aeabi_d2ulz                            0x080008d1   Thumb Code    48  dfixul.o(.text)
    __aeabi_cdcmpeq                          0x08000901   Thumb Code     0  cdcmple.o(.text)
    __aeabi_cdcmple                          0x08000901   Thumb Code    48  cdcmple.o(.text)
    __scatterload                            0x08000931   Thumb Code    28  init.o(.text)
    __scatterload_rt2                        0x08000931   Thumb Code     0  init.o(.text)
    __aeabi_llsl                             0x08000955   Thumb Code    30  llshl.o(.text)
    _ll_shift_l                              0x08000955   Thumb Code     0  llshl.o(.text)
    __aeabi_llsr                             0x08000973   Thumb Code    32  llushr.o(.text)
    _ll_ushift_r                             0x08000973   Thumb Code     0  llushr.o(.text)
    __aeabi_lasr                             0x08000993   Thumb Code    36  llsshr.o(.text)
    _ll_sshift_r                             0x08000993   Thumb Code     0  llsshr.o(.text)
    ADC_DMA_Configure                        0x080009b9   Thumb Code   266  adc.o(i.ADC_DMA_Configure)
    BusFault_Handler                         0x08000b15   Thumb Code     4  stm32f10x_it.o(i.BusFault_Handler)
    Button_Config                            0x08000b19   Thumb Code    96  button.o(i.Button_Config)
    Button_OnPress                           0x08000b85   Thumb Code    40  button.o(i.Button_OnPress)
    Button_Update                            0x08000bad   Thumb Code   158  button.o(i.Button_Update)
    Buzzer_Config                            0x08000c4d   Thumb Code    38  buzzer.o(i.Buzzer_Config)
    Buzzer_Start                             0x08000c79   Thumb Code    12  buzzer.o(i.Buzzer_Start)
    Buzzer_Stop                              0x08000c89   Thumb Code    12  buzzer.o(i.Buzzer_Stop)
    DebugMon_Handler                         0x08000c99   Thumb Code     2  stm32f10x_it.o(i.DebugMon_Handler)
    DelayTimer_Init                          0x08000c9b   Thumb Code   106  delaytimer.o(i.DelayTimer_Init)
    DelayTimer_Ms                            0x08000d05   Thumb Code    24  delaytimer.o(i.DelayTimer_Ms)
    GPIO_Configure                           0x08000d1d   Thumb Code    38  adc.o(i.GPIO_Configure)
    GPIO_Init                                0x08000d49   Thumb Code   278  stm32f10x_gpio.o(i.GPIO_Init)
    GPIO_Mode_AF_PP_Config                   0x08000e61   Thumb Code    62  pwm.o(i.GPIO_Mode_AF_PP_Config)
    GPIO_ReadInputDataBit                    0x08000ea9   Thumb Code    18  stm32f10x_gpio.o(i.GPIO_ReadInputDataBit)
    GPIO_ResetBits                           0x08000ebb   Thumb Code     4  stm32f10x_gpio.o(i.GPIO_ResetBits)
    GPIO_SetBits                             0x08000ebf   Thumb Code     4  stm32f10x_gpio.o(i.GPIO_SetBits)
    GPIO_WriteBit                            0x08000ec3   Thumb Code    10  stm32f10x_gpio.o(i.GPIO_WriteBit)
    HardFault_Handler                        0x08000ecd   Thumb Code     4  stm32f10x_it.o(i.HardFault_Handler)
    I2C_CheckEvent                           0x08000ed1   Thumb Code    42  stm32f10x_i2c.o(i.I2C_CheckEvent)
    I2C_Cmd                                  0x08000efb   Thumb Code    24  stm32f10x_i2c.o(i.I2C_Cmd)
    I2C_GenerateSTART                        0x08000f13   Thumb Code    24  stm32f10x_i2c.o(i.I2C_GenerateSTART)
    I2C_GenerateSTOP                         0x08000f2b   Thumb Code    24  stm32f10x_i2c.o(i.I2C_GenerateSTOP)
    I2C_Init                                 0x08000f45   Thumb Code   222  stm32f10x_i2c.o(i.I2C_Init)
    I2C_Send7bitAddress                      0x08001031   Thumb Code    18  stm32f10x_i2c.o(i.I2C_Send7bitAddress)
    I2C_SendData                             0x08001043   Thumb Code     4  stm32f10x_i2c.o(i.I2C_SendData)
    LCD_Cmd_Write                            0x08001047   Thumb Code    66  lcd_i2c.o(i.LCD_Cmd_Write)
    LCD_Data_Write                           0x08001089   Thumb Code    70  lcd_i2c.o(i.LCD_Data_Write)
    LCD_Gotoxy                               0x08001281   Thumb Code    74  lcd_i2c.o(i.LCD_Gotoxy)
    LCD_I2C_Configuration                    0x080012cd   Thumb Code   104  lcd_i2c.o(i.LCD_I2C_Configuration)
    LCD_Init                                 0x08001341   Thumb Code    88  lcd_i2c.o(i.LCD_Init)
    LCD_Printf                               0x08001399   Thumb Code    62  lcd_i2c.o(i.LCD_Printf)
    LCD_Write_Byte                           0x080013d9   Thumb Code    84  lcd_i2c.o(i.LCD_Write_Byte)
    Map                                      0x08001439   Thumb Code    24  servo.o(i.Map)
    MemManage_Handler                        0x08001451   Thumb Code     4  stm32f10x_it.o(i.MemManage_Handler)
    Myservo_Attach                           0x08001455   Thumb Code   374  servo.o(i.Myservo_Attach)
    Myservo_Write                            0x080015dd   Thumb Code   224  servo.o(i.Myservo_Write)
    NMI_Handler                              0x080016d1   Thumb Code     2  stm32f10x_it.o(i.NMI_Handler)
    NVIC_Init                                0x080016d5   Thumb Code   100  misc.o(i.NVIC_Init)
    NVIC_PriorityGroupConfig                 0x08001745   Thumb Code    10  misc.o(i.NVIC_PriorityGroupConfig)
    PC13_Config                              0x08001759   Thumb Code    36  main.o(i.PC13_Config)
    RB_Available                             0x08001785   Thumb Code    46  ringbuffer.o(i.RB_Available)
    RB_Init                                  0x080017b3   Thumb Code    12  ringbuffer.o(i.RB_Init)
    RB_Pop                                   0x080017bf   Thumb Code    54  ringbuffer.o(i.RB_Pop)
    RB_Push                                  0x080017f5   Thumb Code    48  ringbuffer.o(i.RB_Push)
    RCC_APB1PeriphClockCmd                   0x08001825   Thumb Code    26  stm32f10x_rcc.o(i.RCC_APB1PeriphClockCmd)
    RCC_APB2PeriphClockCmd                   0x08001845   Thumb Code    26  stm32f10x_rcc.o(i.RCC_APB2PeriphClockCmd)
    RCC_GetClocksFreq                        0x08001865   Thumb Code   192  stm32f10x_rcc.o(i.RCC_GetClocksFreq)
    Serial_Available                         0x08001939   Thumb Code    14  serial.o(i.Serial_Available)
    Serial_Begin                             0x0800194d   Thumb Code   206  serial.o(i.Serial_Begin)
    Serial_Printf                            0x08001a35   Thumb Code    38  serial.o(i.Serial_Printf)
    Serial_Read                              0x08001a61   Thumb Code    16  serial.o(i.Serial_Read)
    SysTick_Handler                          0x08001b5d   Thumb Code    46  port.o(i.SysTick_Handler)
    SystemInit                               0x08001b91   Thumb Code    78  system_stm32f10x.o(i.SystemInit)
    TIM2_IRQHandler                          0x08001bf1   Thumb Code    36  delaytimer.o(i.TIM2_IRQHandler)
    TIM_Base_Config                          0x08001c1d   Thumb Code    90  pwm.o(i.TIM_Base_Config)
    TIM_ClearFlag                            0x08001c81   Thumb Code     6  stm32f10x_tim.o(i.TIM_ClearFlag)
    TIM_ClearITPendingBit                    0x08001c87   Thumb Code     6  stm32f10x_tim.o(i.TIM_ClearITPendingBit)
    TIM_Cmd                                  0x08001c8d   Thumb Code    24  stm32f10x_tim.o(i.TIM_Cmd)
    TIM_GetCounter                           0x08001ca5   Thumb Code     6  stm32f10x_tim.o(i.TIM_GetCounter)
    TIM_ITConfig                             0x08001cab   Thumb Code    18  stm32f10x_tim.o(i.TIM_ITConfig)
    TIM_OC1Init                              0x08001cbd   Thumb Code   132  stm32f10x_tim.o(i.TIM_OC1Init)
    TIM_OC2Init                              0x08001d55   Thumb Code   154  stm32f10x_tim.o(i.TIM_OC2Init)
    TIM_OC3Init                              0x08001df9   Thumb Code   150  stm32f10x_tim.o(i.TIM_OC3Init)
    TIM_OC4Init                              0x08001e99   Thumb Code   114  stm32f10x_tim.o(i.TIM_OC4Init)
    TIM_PWM_Channel_Config                   0x08001f15   Thumb Code   274  pwm.o(i.TIM_PWM_Channel_Config)
    TIM_TimeBaseInit                         0x08002039   Thumb Code   122  stm32f10x_tim.o(i.TIM_TimeBaseInit)
    Timer_GetTickMs                          0x080020dd   Thumb Code    26  delaytimer.o(i.Timer_GetTickMs)
    UART2_Begin                              0x080020fd   Thumb Code   114  uart2.o(i.UART2_Begin)
    UART2_SendString                         0x08002179   Thumb Code    24  uart2.o(i.UART2_SendString)
    UART_SendChar                            0x08002195   Thumb Code    34  serial.o(i.UART_SendChar)
    UART_SendString                          0x080021b7   Thumb Code    26  serial.o(i.UART_SendString)
    USART1_IRQHandler                        0x0800225d   Thumb Code    20  serial.o(i.USART1_IRQHandler)
    USART_Cmd                                0x08002279   Thumb Code    24  stm32f10x_usart.o(i.USART_Cmd)
    USART_GetChar                            0x08002291   Thumb Code    28  serial.o(i.USART_GetChar)
    USART_GetFlagStatus                      0x080022b1   Thumb Code    26  stm32f10x_usart.o(i.USART_GetFlagStatus)
    USART_ITConfig                           0x080022cb   Thumb Code    74  stm32f10x_usart.o(i.USART_ITConfig)
    USART_Init                               0x08002315   Thumb Code   210  stm32f10x_usart.o(i.USART_Init)
    USART_SendData                           0x080023ed   Thumb Code     8  stm32f10x_usart.o(i.USART_SendData)
    UsageFault_Handler                       0x080023f5   Thumb Code     4  stm32f10x_it.o(i.UsageFault_Handler)
    __0vsprintf                              0x080023f9   Thumb Code    30  printfa.o(i.__0vsprintf)
    __1vsprintf                              0x080023f9   Thumb Code     0  printfa.o(i.__0vsprintf)
    __2vsprintf                              0x080023f9   Thumb Code     0  printfa.o(i.__0vsprintf)
    __c89vsprintf                            0x080023f9   Thumb Code     0  printfa.o(i.__0vsprintf)
    vsprintf                                 0x080023f9   Thumb Code     0  printfa.o(i.__0vsprintf)
    __ARM_fpclassify                         0x0800241d   Thumb Code    40  fpclassify.o(i.__ARM_fpclassify)
    __kernel_poly                            0x08002445   Thumb Code   170  poly.o(i.__kernel_poly)
    __mathlib_dbl_infnan                     0x080024ef   Thumb Code     6  dunder.o(i.__mathlib_dbl_infnan)
    __mathlib_dbl_overflow                   0x080024f5   Thumb Code    14  dunder.o(i.__mathlib_dbl_overflow)
    __mathlib_dbl_underflow                  0x08002505   Thumb Code    10  dunder.o(i.__mathlib_dbl_underflow)
    __scatterload_copy                       0x08002515   Thumb Code    14  handlers.o(i.__scatterload_copy)
    __scatterload_null                       0x08002523   Thumb Code     2  handlers.o(i.__scatterload_null)
    __scatterload_zeroinit                   0x08002525   Thumb Code    14  handlers.o(i.__scatterload_zeroinit)
    __set_errno                              0x08002535   Thumb Code     6  errno.o(i.__set_errno)
    exp                                      0x08002dfd   Thumb Code   554  exp.o(i.exp)
    main                                     0x08003081   Thumb Code   102  main.o(i.main)
    pvPortMalloc                             0x080035f9   Thumb Code   166  heap_2.o(i.pvPortMalloc)
    pxPortInitialiseStack                    0x080036b1   Thumb Code    30  port.o(i.pxPortInitialiseStack)
    uxListRemove                             0x080036d5   Thumb Code    40  list.o(i.uxListRemove)
    vListInitialise                          0x080036fd   Thumb Code    26  list.o(i.vListInitialise)
    vListInitialiseItem                      0x08003717   Thumb Code     6  list.o(i.vListInitialiseItem)
    vListInsert                              0x0800371d   Thumb Code    52  list.o(i.vListInsert)
    vListInsertEnd                           0x08003751   Thumb Code    24  list.o(i.vListInsertEnd)
    vPortEnterCritical                       0x08003769   Thumb Code    30  port.o(i.vPortEnterCritical)
    vPortExitCritical                        0x0800378d   Thumb Code    28  port.o(i.vPortExitCritical)
    vPortFree                                0x080037ad   Thumb Code    56  heap_2.o(i.vPortFree)
    vPortSetupTimerInterrupt                 0x080037ed   Thumb Code    14  port.o(i.vPortSetupTimerInterrupt)
    vTaskDelay                               0x08003801   Thumb Code    46  tasks.o(i.vTaskDelay)
    vTaskMissedYield                         0x08003835   Thumb Code     8  tasks.o(i.vTaskMissedYield)
    vTaskPlaceOnEventList                    0x08003841   Thumb Code    28  tasks.o(i.vTaskPlaceOnEventList)
    vTaskSetTimeOutState                     0x08003861   Thumb Code    14  tasks.o(i.vTaskSetTimeOutState)
    vTaskStartScheduler                      0x08003879   Thumb Code    72  tasks.o(i.vTaskStartScheduler)
    vTaskSuspendAll                          0x080038dd   Thumb Code    12  tasks.o(i.vTaskSuspendAll)
    vTaskSwitchContext                       0x080038ed   Thumb Code    76  tasks.o(i.vTaskSwitchContext)
    xPortStartScheduler                      0x0800394d   Thumb Code    42  port.o(i.xPortStartScheduler)
    xQueueGenericCreate                      0x08003981   Thumb Code    56  queue.o(i.xQueueGenericCreate)
    xQueueGenericReceive                     0x080039b9   Thumb Code   312  queue.o(i.xQueueGenericReceive)
    xQueueGenericReset                       0x08003af5   Thumb Code   122  queue.o(i.xQueueGenericReset)
    xQueueGenericSend                        0x08003b75   Thumb Code   276  queue.o(i.xQueueGenericSend)
    xTaskCheckForTimeOut                     0x08003c8d   Thumb Code    84  tasks.o(i.xTaskCheckForTimeOut)
    xTaskCreate                              0x08003ce9   Thumb Code    96  tasks.o(i.xTaskCreate)
    xTaskIncrementTick                       0x08003d49   Thumb Code   238  tasks.o(i.xTaskIncrementTick)
    xTaskRemoveFromEventList                 0x08003e65   Thumb Code   104  tasks.o(i.xTaskRemoveFromEventList)
    xTaskResumeAll                           0x08003ee5   Thumb Code   196  tasks.o(i.xTaskResumeAll)
    Region$$Table$$Base                      0x08004028   Number         0  anon$$obj.o(Region$$Table)
    Region$$Table$$Limit                     0x08004048   Number         0  anon$$obj.o(Region$$Table)
    ADC_Value                                0x20000014   Data           4  main.o(.data)
    xlogQueue                                0x20000018   Data           4  main.o(.data)
    myTask1Hander                            0x2000001c   Data           4  main.o(.data)
    myTask2Hander                            0x20000020   Data           4  main.o(.data)
    myTask3Hander                            0x20000024   Data           4  main.o(.data)
    xQueueKhiGas                             0x20000028   Data           4  main.o(.data)
    ring_buffer                              0x20000034   Data           8  serial.o(.data)
    pxCurrentTCB                             0x20000058   Data           4  tasks.o(.data)
    buttonPA6                                0x20000098   Data          24  main.o(.bss)
    Rx_BufArr                                0x200000b0   Data          64  serial.o(.bss)
    __initial_sp                             0x200049b8   Data           0  startup_stm32f10x_md.o(STACK)



==============================================================================

Memory Map of the image

  Image Entry point : 0x080000ed

  Load Region LR_IROM1 (Base: 0x08000000, Size: 0x000040e0, Max: 0x00010000, ABSOLUTE)

    Execution Region ER_IROM1 (Exec base: 0x08000000, Load base: 0x08000000, Size: 0x00004048, Max: 0x00010000, ABSOLUTE)

    Exec Addr    Load Addr    Size         Type   Attr      Idx    E Section Name        Object

    0x08000000   0x08000000   0x000000ec   Data   RO           19    RESET               startup_stm32f10x_md.o
    0x080000ec   0x080000ec   0x00000000   Code   RO         3034  * .ARM.Collect$$$$00000000  mc_w.l(entry.o)
    0x080000ec   0x080000ec   0x00000004   Code   RO         3106    .ARM.Collect$$$$00000001  mc_w.l(entry2.o)
    0x080000f0   0x080000f0   0x00000004   Code   RO         3109    .ARM.Collect$$$$00000004  mc_w.l(entry5.o)
    0x080000f4   0x080000f4   0x00000000   Code   RO         3111    .ARM.Collect$$$$00000008  mc_w.l(entry7b.o)
    0x080000f4   0x080000f4   0x00000000   Code   RO         3113    .ARM.Collect$$$$0000000A  mc_w.l(entry8b.o)
    0x080000f4   0x080000f4   0x00000008   Code   RO         3114    .ARM.Collect$$$$0000000B  mc_w.l(entry9a.o)
    0x080000fc   0x080000fc   0x00000000   Code   RO         3116    .ARM.Collect$$$$0000000D  mc_w.l(entry10a.o)
    0x080000fc   0x080000fc   0x00000000   Code   RO         3118    .ARM.Collect$$$$0000000F  mc_w.l(entry11a.o)
    0x080000fc   0x080000fc   0x00000004   Code   RO         3107    .ARM.Collect$$$$00002712  mc_w.l(entry2.o)
    0x08000100   0x08000100   0x00000096   Code   RO         2547    .emb_text           port.o
    0x08000196   0x08000196   0x00000002   PAD
    0x08000198   0x08000198   0x00000024   Code   RO           20    .text               startup_stm32f10x_md.o
    0x080001bc   0x080001bc   0x00000024   Code   RO         3037    .text               mc_w.l(memcpya.o)
    0x080001e0   0x080001e0   0x0000000e   Code   RO         3039    .text               mc_w.l(strlen.o)
    0x080001ee   0x080001ee   0x00000064   Code   RO         3071    .text               mf_w.l(fmul.o)
    0x08000252   0x08000252   0x0000007c   Code   RO         3073    .text               mf_w.l(fdiv.o)
    0x080002ce   0x080002ce   0x000000e4   Code   RO         3075    .text               mf_w.l(dmul.o)
    0x080003b2   0x080003b2   0x0000000a   Code   RO         3077    .text               mf_w.l(ffltui.o)
    0x080003bc   0x080003bc   0x00000026   Code   RO         3079    .text               mf_w.l(f2d.o)
    0x080003e2   0x080003e2   0x00000002   PAD
    0x080003e4   0x080003e4   0x00000030   Code   RO         3081    .text               mf_w.l(cdrcmple.o)
    0x08000414   0x08000414   0x00000038   Code   RO         3083    .text               mf_w.l(d2f.o)
    0x0800044c   0x0800044c   0x00000014   Code   RO         3085    .text               mf_w.l(cfcmple.o)
    0x08000460   0x08000460   0x0000002c   Code   RO         3123    .text               mc_w.l(uidiv.o)
    0x0800048c   0x0800048c   0x00000062   Code   RO         3125    .text               mc_w.l(uldiv.o)
    0x080004ee   0x080004ee   0x00000000   Code   RO         3134    .text               mc_w.l(iusefp.o)
    0x080004ee   0x080004ee   0x0000006e   Code   RO         3135    .text               mf_w.l(fepilogue.o)
    0x0800055c   0x0800055c   0x000000ba   Code   RO         3137    .text               mf_w.l(depilogue.o)
    0x08000616   0x08000616   0x0000014e   Code   RO         3139    .text               mf_w.l(dadd.o)
    0x08000764   0x08000764   0x000000de   Code   RO         3141    .text               mf_w.l(ddiv.o)
    0x08000842   0x08000842   0x0000002e   Code   RO         3143    .text               mf_w.l(dscalb.o)
    0x08000870   0x08000870   0x00000022   Code   RO         3145    .text               mf_w.l(dflti.o)
    0x08000892   0x08000892   0x0000003e   Code   RO         3147    .text               mf_w.l(dfixi.o)
    0x080008d0   0x080008d0   0x00000030   Code   RO         3149    .text               mf_w.l(dfixul.o)
    0x08000900   0x08000900   0x00000030   Code   RO         3151    .text               mf_w.l(cdcmple.o)
    0x08000930   0x08000930   0x00000024   Code   RO         3153    .text               mc_w.l(init.o)
    0x08000954   0x08000954   0x0000001e   Code   RO         3156    .text               mc_w.l(llshl.o)
    0x08000972   0x08000972   0x00000020   Code   RO         3158    .text               mc_w.l(llushr.o)
    0x08000992   0x08000992   0x00000024   Code   RO         3160    .text               mc_w.l(llsshr.o)
    0x080009b6   0x080009b6   0x00000002   PAD
    0x080009b8   0x080009b8   0x0000011c   Code   RO         2072    i.ADC_DMA_Configure  adc.o
    0x08000ad4   0x08000ad4   0x00000040   Code   RO         1665    i.ADC_Read          main.o
    0x08000b14   0x08000b14   0x00000004   Code   RO         1858    i.BusFault_Handler  stm32f10x_it.o
    0x08000b18   0x08000b18   0x0000006c   Code   RO         2299    i.Button_Config     button.o
    0x08000b84   0x08000b84   0x00000028   Code   RO         2301    i.Button_OnPress    button.o
    0x08000bac   0x08000bac   0x0000009e   Code   RO         2303    i.Button_Update     button.o
    0x08000c4a   0x08000c4a   0x00000002   PAD
    0x08000c4c   0x08000c4c   0x0000002c   Code   RO         2093    i.Buzzer_Config     buzzer.o
    0x08000c78   0x08000c78   0x00000010   Code   RO         2094    i.Buzzer_Start      buzzer.o
    0x08000c88   0x08000c88   0x00000010   Code   RO         2095    i.Buzzer_Stop       buzzer.o
    0x08000c98   0x08000c98   0x00000002   Code   RO         1859    i.DebugMon_Handler  stm32f10x_it.o
    0x08000c9a   0x08000c9a   0x0000006a   Code   RO         1955    i.DelayTimer_Init   delaytimer.o
    0x08000d04   0x08000d04   0x00000018   Code   RO         1956    i.DelayTimer_Ms     delaytimer.o
    0x08000d1c   0x08000d1c   0x0000002c   Code   RO         2073    i.GPIO_Configure    adc.o
    0x08000d48   0x08000d48   0x00000116   Code   RO          371    i.GPIO_Init         stm32f10x_gpio.o
    0x08000e5e   0x08000e5e   0x00000002   PAD
    0x08000e60   0x08000e60   0x00000048   Code   RO         2218    i.GPIO_Mode_AF_PP_Config  pwm.o
    0x08000ea8   0x08000ea8   0x00000012   Code   RO          375    i.GPIO_ReadInputDataBit  stm32f10x_gpio.o
    0x08000eba   0x08000eba   0x00000004   Code   RO          378    i.GPIO_ResetBits    stm32f10x_gpio.o
    0x08000ebe   0x08000ebe   0x00000004   Code   RO          379    i.GPIO_SetBits      stm32f10x_gpio.o
    0x08000ec2   0x08000ec2   0x0000000a   Code   RO          382    i.GPIO_WriteBit     stm32f10x_gpio.o
    0x08000ecc   0x08000ecc   0x00000004   Code   RO         1860    i.HardFault_Handler  stm32f10x_it.o
    0x08000ed0   0x08000ed0   0x0000002a   Code   RO         1464    i.I2C_CheckEvent    stm32f10x_i2c.o
    0x08000efa   0x08000efa   0x00000018   Code   RO         1467    i.I2C_Cmd           stm32f10x_i2c.o
    0x08000f12   0x08000f12   0x00000018   Code   RO         1474    i.I2C_GenerateSTART  stm32f10x_i2c.o
    0x08000f2a   0x08000f2a   0x00000018   Code   RO         1475    i.I2C_GenerateSTOP  stm32f10x_i2c.o
    0x08000f42   0x08000f42   0x00000002   PAD
    0x08000f44   0x08000f44   0x000000ec   Code   RO         1481    i.I2C_Init          stm32f10x_i2c.o
    0x08001030   0x08001030   0x00000012   Code   RO         1488    i.I2C_Send7bitAddress  stm32f10x_i2c.o
    0x08001042   0x08001042   0x00000004   Code   RO         1489    i.I2C_SendData      stm32f10x_i2c.o
    0x08001046   0x08001046   0x00000042   Code   RO         2003    i.LCD_Cmd_Write     lcd_i2c.o
    0x08001088   0x08001088   0x00000046   Code   RO         2004    i.LCD_Data_Write    lcd_i2c.o
    0x080010ce   0x080010ce   0x00000002   PAD
    0x080010d0   0x080010d0   0x000001b0   Code   RO         1666    i.LCD_Display       main.o
    0x08001280   0x08001280   0x0000004a   Code   RO         2005    i.LCD_Gotoxy        lcd_i2c.o
    0x080012ca   0x080012ca   0x00000002   PAD
    0x080012cc   0x080012cc   0x00000074   Code   RO         2006    i.LCD_I2C_Configuration  lcd_i2c.o
    0x08001340   0x08001340   0x00000058   Code   RO         2007    i.LCD_Init          lcd_i2c.o
    0x08001398   0x08001398   0x0000003e   Code   RO         2008    i.LCD_Printf        lcd_i2c.o
    0x080013d6   0x080013d6   0x00000002   PAD
    0x080013d8   0x080013d8   0x00000060   Code   RO         2010    i.LCD_Write_Byte    lcd_i2c.o
    0x08001438   0x08001438   0x00000018   Code   RO         2245    i.Map               servo.o
    0x08001450   0x08001450   0x00000004   Code   RO         1861    i.MemManage_Handler  stm32f10x_it.o
    0x08001454   0x08001454   0x00000188   Code   RO         2246    i.Myservo_Attach    servo.o
    0x080015dc   0x080015dc   0x000000f4   Code   RO         2247    i.Myservo_Write     servo.o
    0x080016d0   0x080016d0   0x00000002   Code   RO         1862    i.NMI_Handler       stm32f10x_it.o
    0x080016d2   0x080016d2   0x00000002   PAD
    0x080016d4   0x080016d4   0x00000070   Code   RO           24    i.NVIC_Init         misc.o
    0x08001744   0x08001744   0x00000014   Code   RO           25    i.NVIC_PriorityGroupConfig  misc.o
    0x08001758   0x08001758   0x0000002c   Code   RO         1667    i.PC13_Config       main.o
    0x08001784   0x08001784   0x0000002e   Code   RO         2188    i.RB_Available      ringbuffer.o
    0x080017b2   0x080017b2   0x0000000c   Code   RO         2189    i.RB_Init           ringbuffer.o
    0x080017be   0x080017be   0x00000036   Code   RO         2190    i.RB_Pop            ringbuffer.o
    0x080017f4   0x080017f4   0x00000030   Code   RO         2191    i.RB_Push           ringbuffer.o
    0x08001824   0x08001824   0x00000020   Code   RO          481    i.RCC_APB1PeriphClockCmd  stm32f10x_rcc.o
    0x08001844   0x08001844   0x00000020   Code   RO          483    i.RCC_APB2PeriphClockCmd  stm32f10x_rcc.o
    0x08001864   0x08001864   0x000000d4   Code   RO          491    i.RCC_GetClocksFreq  stm32f10x_rcc.o
    0x08001938   0x08001938   0x00000014   Code   RO         2120    i.Serial_Available  serial.o
    0x0800194c   0x0800194c   0x000000e8   Code   RO         2121    i.Serial_Begin      serial.o
    0x08001a34   0x08001a34   0x0000002c   Code   RO         2122    i.Serial_Printf     serial.o
    0x08001a60   0x08001a60   0x00000014   Code   RO         2123    i.Serial_Read       serial.o
    0x08001a74   0x08001a74   0x00000008   Code   RO         1921    i.SetSysClock       system_stm32f10x.o
    0x08001a7c   0x08001a7c   0x000000e0   Code   RO         1922    i.SetSysClockTo72   system_stm32f10x.o
    0x08001b5c   0x08001b5c   0x00000034   Code   RO         2548    i.SysTick_Handler   port.o
    0x08001b90   0x08001b90   0x00000060   Code   RO         1924    i.SystemInit        system_stm32f10x.o
    0x08001bf0   0x08001bf0   0x0000002c   Code   RO         1958    i.TIM2_IRQHandler   delaytimer.o
    0x08001c1c   0x08001c1c   0x00000064   Code   RO         2219    i.TIM_Base_Config   pwm.o
    0x08001c80   0x08001c80   0x00000006   Code   RO          923    i.TIM_ClearFlag     stm32f10x_tim.o
    0x08001c86   0x08001c86   0x00000006   Code   RO          924    i.TIM_ClearITPendingBit  stm32f10x_tim.o
    0x08001c8c   0x08001c8c   0x00000018   Code   RO          929    i.TIM_Cmd           stm32f10x_tim.o
    0x08001ca4   0x08001ca4   0x00000006   Code   RO          948    i.TIM_GetCounter    stm32f10x_tim.o
    0x08001caa   0x08001caa   0x00000012   Code   RO          954    i.TIM_ITConfig      stm32f10x_tim.o
    0x08001cbc   0x08001cbc   0x00000098   Code   RO          958    i.TIM_OC1Init       stm32f10x_tim.o
    0x08001d54   0x08001d54   0x000000a4   Code   RO          963    i.TIM_OC2Init       stm32f10x_tim.o
    0x08001df8   0x08001df8   0x000000a0   Code   RO          968    i.TIM_OC3Init       stm32f10x_tim.o
    0x08001e98   0x08001e98   0x0000007c   Code   RO          973    i.TIM_OC4Init       stm32f10x_tim.o
    0x08001f14   0x08001f14   0x00000124   Code   RO         2220    i.TIM_PWM_Channel_Config  pwm.o
    0x08002038   0x08002038   0x000000a4   Code   RO         1000    i.TIM_TimeBaseInit  stm32f10x_tim.o
    0x080020dc   0x080020dc   0x00000020   Code   RO         1959    i.Timer_GetTickMs   delaytimer.o
    0x080020fc   0x080020fc   0x0000007c   Code   RO         2272    i.UART2_Begin       uart2.o
    0x08002178   0x08002178   0x0000001c   Code   RO         2274    i.UART2_SendString  uart2.o
    0x08002194   0x08002194   0x00000022   Code   RO         2124    i.UART_SendChar     serial.o
    0x080021b6   0x080021b6   0x0000001a   Code   RO         2125    i.UART_SendString   serial.o
    0x080021d0   0x080021d0   0x0000008c   Code   RO         1668    i.UART_Telegram     main.o
    0x0800225c   0x0800225c   0x0000001c   Code   RO         2126    i.USART1_IRQHandler  serial.o
    0x08002278   0x08002278   0x00000018   Code   RO          683    i.USART_Cmd         stm32f10x_usart.o
    0x08002290   0x08002290   0x00000020   Code   RO         2127    i.USART_GetChar     serial.o
    0x080022b0   0x080022b0   0x0000001a   Code   RO          686    i.USART_GetFlagStatus  stm32f10x_usart.o
    0x080022ca   0x080022ca   0x0000004a   Code   RO          689    i.USART_ITConfig    stm32f10x_usart.o
    0x08002314   0x08002314   0x000000d8   Code   RO          690    i.USART_Init        stm32f10x_usart.o
    0x080023ec   0x080023ec   0x00000008   Code   RO          700    i.USART_SendData    stm32f10x_usart.o
    0x080023f4   0x080023f4   0x00000004   Code   RO         1866    i.UsageFault_Handler  stm32f10x_it.o
    0x080023f8   0x080023f8   0x00000024   Code   RO         3050    i.__0vsprintf       mc_w.l(printfa.o)
    0x0800241c   0x0800241c   0x00000028   Code   RO         3101    i.__ARM_fpclassify  m_ws.l(fpclassify.o)
    0x08002444   0x08002444   0x000000aa   Code   RO         3103    i.__kernel_poly     m_ws.l(poly.o)
    0x080024ee   0x080024ee   0x00000006   Code   RO         3088    i.__mathlib_dbl_infnan  m_ws.l(dunder.o)
    0x080024f4   0x080024f4   0x0000000e   Code   RO         3091    i.__mathlib_dbl_overflow  m_ws.l(dunder.o)
    0x08002502   0x08002502   0x00000002   PAD
    0x08002504   0x08002504   0x00000010   Code   RO         3093    i.__mathlib_dbl_underflow  m_ws.l(dunder.o)
    0x08002514   0x08002514   0x0000000e   Code   RO         3165    i.__scatterload_copy  mc_w.l(handlers.o)
    0x08002522   0x08002522   0x00000002   Code   RO         3166    i.__scatterload_null  mc_w.l(handlers.o)
    0x08002524   0x08002524   0x0000000e   Code   RO         3167    i.__scatterload_zeroinit  mc_w.l(handlers.o)
    0x08002532   0x08002532   0x00000002   PAD
    0x08002534   0x08002534   0x0000000c   Code   RO         3129    i.__set_errno       mc_w.l(errno.o)
    0x08002540   0x08002540   0x00000184   Code   RO         3051    i._fp_digits        mc_w.l(printfa.o)
    0x080026c4   0x080026c4   0x000006dc   Code   RO         3052    i._printf_core      mc_w.l(printfa.o)
    0x08002da0   0x08002da0   0x00000024   Code   RO         3053    i._printf_post_padding  mc_w.l(printfa.o)
    0x08002dc4   0x08002dc4   0x0000002e   Code   RO         3054    i._printf_pre_padding  mc_w.l(printfa.o)
    0x08002df2   0x08002df2   0x0000000a   Code   RO         3056    i._sputc            mc_w.l(printfa.o)
    0x08002dfc   0x08002dfc   0x00000284   Code   RO         3025    i.exp               m_ws.l(exp.o)
    0x08003080   0x08003080   0x000000b0   Code   RO         1669    i.main              main.o
    0x08003130   0x08003130   0x00000098   Code   RO         2745    i.prvAddCurrentTaskToDelayedList  tasks.o
    0x080031c8   0x080031c8   0x000000b4   Code   RO         2746    i.prvAddNewTaskToReadyList  tasks.o
    0x0800327c   0x0800327c   0x00000064   Code   RO         2747    i.prvCheckTasksWaitingTermination  tasks.o
    0x080032e0   0x080032e0   0x0000002a   Code   RO         2618    i.prvCopyDataFromQueue  queue.o
    0x0800330a   0x0800330a   0x0000006a   Code   RO         2619    i.prvCopyDataToQueue  queue.o
    0x08003374   0x08003374   0x00000012   Code   RO         2748    i.prvDeleteTCB      tasks.o
    0x08003386   0x08003386   0x00000002   PAD
    0x08003388   0x08003388   0x00000038   Code   RO         2473    i.prvHeapInit       heap_2.o
    0x080033c0   0x080033c0   0x00000028   Code   RO         2749    i.prvIdleTask       tasks.o
    0x080033e8   0x080033e8   0x00000026   Code   RO         2620    i.prvInitialiseNewQueue  queue.o
    0x0800340e   0x0800340e   0x00000080   Code   RO         2750    i.prvInitialiseNewTask  tasks.o
    0x0800348e   0x0800348e   0x00000002   PAD
    0x08003490   0x08003490   0x00000068   Code   RO         2751    i.prvInitialiseTaskLists  tasks.o
    0x080034f8   0x080034f8   0x0000001a   Code   RO         2621    i.prvIsQueueEmpty   queue.o
    0x08003512   0x08003512   0x0000001e   Code   RO         2622    i.prvIsQueueFull    queue.o
    0x08003530   0x08003530   0x00000034   Code   RO         2752    i.prvResetNextTaskUnblockTime  tasks.o
    0x08003564   0x08003564   0x00000016   Code   RO         2549    i.prvTaskExitError  port.o
    0x0800357a   0x0800357a   0x0000007e   Code   RO         2623    i.prvUnlockQueue    queue.o
    0x080035f8   0x080035f8   0x000000b8   Code   RO         2474    i.pvPortMalloc      heap_2.o
    0x080036b0   0x080036b0   0x00000024   Code   RO         2550    i.pxPortInitialiseStack  port.o
    0x080036d4   0x080036d4   0x00000028   Code   RO         2511    i.uxListRemove      list.o
    0x080036fc   0x080036fc   0x0000001a   Code   RO         2512    i.vListInitialise   list.o
    0x08003716   0x08003716   0x00000006   Code   RO         2513    i.vListInitialiseItem  list.o
    0x0800371c   0x0800371c   0x00000034   Code   RO         2514    i.vListInsert       list.o
    0x08003750   0x08003750   0x00000018   Code   RO         2515    i.vListInsertEnd    list.o
    0x08003768   0x08003768   0x00000024   Code   RO         2552    i.vPortEnterCritical  port.o
    0x0800378c   0x0800378c   0x00000020   Code   RO         2553    i.vPortExitCritical  port.o
    0x080037ac   0x080037ac   0x00000040   Code   RO         2475    i.vPortFree         heap_2.o
    0x080037ec   0x080037ec   0x00000014   Code   RO         2554    i.vPortSetupTimerInterrupt  port.o
    0x08003800   0x08003800   0x00000034   Code   RO         2759    i.vTaskDelay        tasks.o
    0x08003834   0x08003834   0x0000000c   Code   RO         2763    i.vTaskMissedYield  tasks.o
    0x08003840   0x08003840   0x00000020   Code   RO         2765    i.vTaskPlaceOnEventList  tasks.o
    0x08003860   0x08003860   0x00000018   Code   RO         2769    i.vTaskSetTimeOutState  tasks.o
    0x08003878   0x08003878   0x00000064   Code   RO         2770    i.vTaskStartScheduler  tasks.o
    0x080038dc   0x080038dc   0x00000010   Code   RO         2772    i.vTaskSuspendAll   tasks.o
    0x080038ec   0x080038ec   0x00000060   Code   RO         2773    i.vTaskSwitchContext  tasks.o
    0x0800394c   0x0800394c   0x00000034   Code   RO         2555    i.xPortStartScheduler  port.o
    0x08003980   0x08003980   0x00000038   Code   RO         2628    i.xQueueGenericCreate  queue.o
    0x080039b8   0x080039b8   0x0000013c   Code   RO         2629    i.xQueueGenericReceive  queue.o
    0x08003af4   0x08003af4   0x00000080   Code   RO         2630    i.xQueueGenericReset  queue.o
    0x08003b74   0x08003b74   0x00000118   Code   RO         2631    i.xQueueGenericSend  queue.o
    0x08003c8c   0x08003c8c   0x0000005c   Code   RO         2774    i.xTaskCheckForTimeOut  tasks.o
    0x08003ce8   0x08003ce8   0x00000060   Code   RO         2775    i.xTaskCreate       tasks.o
    0x08003d48   0x08003d48   0x0000011c   Code   RO         2780    i.xTaskIncrementTick  tasks.o
    0x08003e64   0x08003e64   0x00000080   Code   RO         2783    i.xTaskRemoveFromEventList  tasks.o
    0x08003ee4   0x08003ee4   0x000000e8   Code   RO         2785    i.xTaskResumeAll    tasks.o
    0x08003fcc   0x08003fcc   0x00000004   PAD
    0x08003fd0   0x08003fd0   0x00000058   Data   RO         3026    .constdata          m_ws.l(exp.o)
    0x08004028   0x08004028   0x00000020   Data   RO         3163    Region$$Table       anon$$obj.o


    Execution Region RW_IRAM1 (Exec base: 0x20000000, Load base: 0x08004048, Size: 0x000049b8, Max: 0x00005000, ABSOLUTE)

    Exec Addr    Load Addr    Size         Type   Attr      Idx    E Section Name        Object

    0x20000000   0x08004048   0x00000014   Data   RW          511    .data               stm32f10x_rcc.o
    0x20000014   0x0800405c   0x00000018   Data   RW         1671    .data               main.o
    0x2000002c   0x08004074   0x00000008   Data   RW         1961    .data               delaytimer.o
    0x20000034   0x0800407c   0x00000008   Data   RW         2129    .data               serial.o
    0x2000003c   0x08004084   0x00000018   Data   RW         2479    .data               heap_2.o
    0x20000054   0x0800409c   0x00000004   Data   RW         2556    .data               port.o
    0x20000058   0x080040a0   0x0000003c   Data   RW         2788    .data               tasks.o
    0x20000094   0x080040dc   0x00000004   Data   RW         3130    .data               mc_w.l(errno.o)
    0x20000098        -       0x00000018   Zero   RW         1670    .bss                main.o
    0x200000b0        -       0x00000040   Zero   RW         2128    .bss                serial.o
    0x200000f0        -       0x00004400   Zero   RW         2478    .bss                heap_2.o
    0x200044f0        -       0x000000c8   Zero   RW         2787    .bss                tasks.o
    0x200045b8        -       0x00000400   Zero   RW           17    STACK               startup_stm32f10x_md.o


==============================================================================

Image component sizes


      Code (inc. data)   RO Data    RW Data    ZI Data      Debug   Object Name

       328         24          0          0          0       1629   adc.o
       306         12          0          0          0       3037   button.o
        76         14          0          0          0       1389   buzzer.o
         0          0          0          0          0       4540   core_cm3.o
         0          0          0          0          0       7168   croutine.o
       206         14          0          8          0       2590   delaytimer.o
         0          0          0          0          0       9332   event_groups.o
       304         40          0         24      17408       3387   heap_2.o
       572         24          0          0          0       4695   lcd_i2c.o
       148          0          0          0          0       3050   list.o
       856        216          0         24         24      14300   main.o
       132         22          0          0          0     257231   misc.o
       400         50          0          4          0       8688   port.o
       464         38          0          0          0       2808   pwm.o
      1148         14          0          0          0      11450   queue.o
       160          0          0          0          0       2668   ringbuffer.o
       436         54          0          8         64      20745   serial.o
       660         38          0          0          0       2467   servo.o
        36          8        236          0       1024        896   startup_stm32f10x_md.o
       314          0          0          0          0       4432   stm32f10x_gpio.o
       372         14          0          0          0       6158   stm32f10x_i2c.o
        20          0          0          0          0       2497   stm32f10x_it.o
       276         32          0         20          0       4586   stm32f10x_rcc.o
       824         92          0          0          0       7133   stm32f10x_tim.o
       348          6          0          0          0       5053   stm32f10x_usart.o
       328         28          0          0          0       1877   system_stm32f10x.o
      1938        314          0         60        200      24053   tasks.o
       152         14          0          0          0       1165   uart2.o

    ----------------------------------------------------------------------
     10828       1072        268        148      18720     419024   Object Totals
         0          0         32          0          0          0   (incl. Generated)
        24          4          0          0          0          0   (incl. Padding)

    ----------------------------------------------------------------------

      Code (inc. data)   RO Data    RW Data    ZI Data      Debug   Library Member Name

        36          6          0          0          0        204   dunder.o
       644         90         88          0          0        204   exp.o
        40          0          0          0          0         68   fpclassify.o
       170          0          0          0          0         96   poly.o
         0          0          0          0          0          0   entry.o
         0          0          0          0          0          0   entry10a.o
         0          0          0          0          0          0   entry11a.o
         8          4          0          0          0          0   entry2.o
         4          0          0          0          0          0   entry5.o
         0          0          0          0          0          0   entry7b.o
         0          0          0          0          0          0   entry8b.o
         8          4          0          0          0          0   entry9a.o
        12          6          0          4          0         68   errno.o
        30          0          0          0          0          0   handlers.o
        36          8          0          0          0         68   init.o
         0          0          0          0          0          0   iusefp.o
        30          0          0          0          0         68   llshl.o
        36          0          0          0          0         68   llsshr.o
        32          0          0          0          0         68   llushr.o
        36          0          0          0          0         68   memcpya.o
      2272         86          0          0          0        516   printfa.o
        14          0          0          0          0         68   strlen.o
        44          0          0          0          0         80   uidiv.o
        98          0          0          0          0         92   uldiv.o
        48          0          0          0          0         68   cdcmple.o
        48          0          0          0          0         68   cdrcmple.o
        20          0          0          0          0         68   cfcmple.o
        56          0          0          0          0         88   d2f.o
       334          0          0          0          0        148   dadd.o
       222          0          0          0          0        100   ddiv.o
       186          0          0          0          0        176   depilogue.o
        62          0          0          0          0         80   dfixi.o
        48          0          0          0          0         68   dfixul.o
        34          0          0          0          0         76   dflti.o
       228          0          0          0          0         96   dmul.o
        46          0          0          0          0         80   dscalb.o
        38          0          0          0          0         68   f2d.o
       124          0          0          0          0         88   fdiv.o
       110          0          0          0          0        168   fepilogue.o
        10          0          0          0          0         68   ffltui.o
       100          0          0          0          0         76   fmul.o

    ----------------------------------------------------------------------
      5272        204         88          4          0       3320   Library Totals
         8          0          0          0          0          0   (incl. Padding)

    ----------------------------------------------------------------------

      Code (inc. data)   RO Data    RW Data    ZI Data      Debug   Library Name

       890         96         88          0          0        572   m_ws.l
      2660        108          0          4          0       1164   mc_w.l
      1714          0          0          0          0       1584   mf_w.l

    ----------------------------------------------------------------------
      5272        204         88          4          0       3320   Library Totals

    ----------------------------------------------------------------------

==============================================================================


      Code (inc. data)   RO Data    RW Data    ZI Data      Debug   

     16100       1276        356        152      18720     414020   Grand Totals
     16100       1276        356        152      18720     414020   ELF Image Totals
     16100       1276        356        152          0          0   ROM Totals

==============================================================================

    Total RO  Size (Code + RO Data)                16456 (  16.07kB)
    Total RW  Size (RW Data + ZI Data)             18872 (  18.43kB)
    Total ROM Size (Code + RO Data + RW Data)      16608 (  16.22kB)

==============================================================================

