Component: ARM Compiler 5.06 update 6 (build 750) Tool: armlink [4d35ed]

==============================================================================

Section Cross References

    startup_stm32f10x_md.o(RESET) refers to startup_stm32f10x_md.o(STACK) for __initial_sp
    startup_stm32f10x_md.o(RESET) refers to startup_stm32f10x_md.o(.text) for Reset_Handler
    startup_stm32f10x_md.o(RESET) refers to stm32f10x_it.o(i.NMI_Handler) for NMI_Handler
    startup_stm32f10x_md.o(RESET) refers to stm32f10x_it.o(i.HardFault_Handler) for HardFault_Handler
    startup_stm32f10x_md.o(RESET) refers to stm32f10x_it.o(i.MemManage_Handler) for MemManage_Handler
    startup_stm32f10x_md.o(RESET) refers to stm32f10x_it.o(i.BusFault_Handler) for BusFault_Handler
    startup_stm32f10x_md.o(RESET) refers to stm32f10x_it.o(i.UsageFault_Handler) for UsageFault_Handler
    startup_stm32f10x_md.o(RESET) refers to port.o(.emb_text) for SVC_Handler
    startup_stm32f10x_md.o(RESET) refers to stm32f10x_it.o(i.DebugMon_Handler) for DebugMon_Handler
    startup_stm32f10x_md.o(RESET) refers to port.o(i.SysTick_Handler) for SysTick_Handler
    startup_stm32f10x_md.o(RESET) refers to delaytimer.o(i.TIM4_IRQHandler) for TIM4_IRQHandler
    startup_stm32f10x_md.o(RESET) refers to uart.o(i.USART1_IRQHandler) for USART1_IRQHandler
    startup_stm32f10x_md.o(.text) refers to system_stm32f10x.o(i.SystemInit) for SystemInit
    startup_stm32f10x_md.o(.text) refers to entry.o(.ARM.Collect$$$$00000000) for __main
    stm32f10x_adc.o(i.ADC_DeInit) refers to stm32f10x_rcc.o(i.RCC_APB2PeriphResetCmd) for RCC_APB2PeriphResetCmd
    stm32f10x_gpio.o(i.GPIO_AFIODeInit) refers to stm32f10x_rcc.o(i.RCC_APB2PeriphResetCmd) for RCC_APB2PeriphResetCmd
    stm32f10x_gpio.o(i.GPIO_DeInit) refers to stm32f10x_rcc.o(i.RCC_APB2PeriphResetCmd) for RCC_APB2PeriphResetCmd
    stm32f10x_rcc.o(i.RCC_GetClocksFreq) refers to stm32f10x_rcc.o(.data) for APBAHBPrescTable
    stm32f10x_rcc.o(i.RCC_WaitForHSEStartUp) refers to stm32f10x_rcc.o(i.RCC_GetFlagStatus) for RCC_GetFlagStatus
    stm32f10x_usart.o(i.USART_DeInit) refers to stm32f10x_rcc.o(i.RCC_APB2PeriphResetCmd) for RCC_APB2PeriphResetCmd
    stm32f10x_usart.o(i.USART_DeInit) refers to stm32f10x_rcc.o(i.RCC_APB1PeriphResetCmd) for RCC_APB1PeriphResetCmd
    stm32f10x_usart.o(i.USART_Init) refers to stm32f10x_rcc.o(i.RCC_GetClocksFreq) for RCC_GetClocksFreq
    stm32f10x_tim.o(i.TIM_DeInit) refers to stm32f10x_rcc.o(i.RCC_APB2PeriphResetCmd) for RCC_APB2PeriphResetCmd
    stm32f10x_tim.o(i.TIM_DeInit) refers to stm32f10x_rcc.o(i.RCC_APB1PeriphResetCmd) for RCC_APB1PeriphResetCmd
    stm32f10x_tim.o(i.TIM_ETRClockMode1Config) refers to stm32f10x_tim.o(i.TIM_ETRConfig) for TIM_ETRConfig
    stm32f10x_tim.o(i.TIM_ETRClockMode2Config) refers to stm32f10x_tim.o(i.TIM_ETRConfig) for TIM_ETRConfig
    stm32f10x_tim.o(i.TIM_ICInit) refers to stm32f10x_tim.o(i.TI1_Config) for TI1_Config
    stm32f10x_tim.o(i.TIM_ICInit) refers to stm32f10x_tim.o(i.TIM_SetIC1Prescaler) for TIM_SetIC1Prescaler
    stm32f10x_tim.o(i.TIM_ICInit) refers to stm32f10x_tim.o(i.TI2_Config) for TI2_Config
    stm32f10x_tim.o(i.TIM_ICInit) refers to stm32f10x_tim.o(i.TIM_SetIC2Prescaler) for TIM_SetIC2Prescaler
    stm32f10x_tim.o(i.TIM_ICInit) refers to stm32f10x_tim.o(i.TI3_Config) for TI3_Config
    stm32f10x_tim.o(i.TIM_ICInit) refers to stm32f10x_tim.o(i.TIM_SetIC3Prescaler) for TIM_SetIC3Prescaler
    stm32f10x_tim.o(i.TIM_ICInit) refers to stm32f10x_tim.o(i.TI4_Config) for TI4_Config
    stm32f10x_tim.o(i.TIM_ICInit) refers to stm32f10x_tim.o(i.TIM_SetIC4Prescaler) for TIM_SetIC4Prescaler
    stm32f10x_tim.o(i.TIM_ITRxExternalClockConfig) refers to stm32f10x_tim.o(i.TIM_SelectInputTrigger) for TIM_SelectInputTrigger
    stm32f10x_tim.o(i.TIM_PWMIConfig) refers to stm32f10x_tim.o(i.TI1_Config) for TI1_Config
    stm32f10x_tim.o(i.TIM_PWMIConfig) refers to stm32f10x_tim.o(i.TIM_SetIC1Prescaler) for TIM_SetIC1Prescaler
    stm32f10x_tim.o(i.TIM_PWMIConfig) refers to stm32f10x_tim.o(i.TI2_Config) for TI2_Config
    stm32f10x_tim.o(i.TIM_PWMIConfig) refers to stm32f10x_tim.o(i.TIM_SetIC2Prescaler) for TIM_SetIC2Prescaler
    stm32f10x_tim.o(i.TIM_TIxExternalClockConfig) refers to stm32f10x_tim.o(i.TI2_Config) for TI2_Config
    stm32f10x_tim.o(i.TIM_TIxExternalClockConfig) refers to stm32f10x_tim.o(i.TI1_Config) for TI1_Config
    stm32f10x_tim.o(i.TIM_TIxExternalClockConfig) refers to stm32f10x_tim.o(i.TIM_SelectInputTrigger) for TIM_SelectInputTrigger
    stm32f10x_i2c.o(i.I2C_DeInit) refers to stm32f10x_rcc.o(i.RCC_APB1PeriphResetCmd) for RCC_APB1PeriphResetCmd
    stm32f10x_i2c.o(i.I2C_Init) refers to stm32f10x_rcc.o(i.RCC_GetClocksFreq) for RCC_GetClocksFreq
    main.o(i.Task_HandleDevice) refers to led.o(i.LED_Init) for LED_Init
    main.o(i.Task_HandleDevice) refers to servo.o(i.SERVO_Init) for SERVO_Init
    main.o(i.Task_HandleDevice) refers to uart.o(i.UART_Available) for UART_Available
[...]
    Removing stm32f10x_tim.o(i.TIM_ClearOC2Ref), (24 bytes).
    Removing stm32f10x_tim.o(i.TIM_ClearOC3Ref), (18 bytes).
    Removing stm32f10x_tim.o(i.TIM_ClearOC4Ref), (24 bytes).
    Removing stm32f10x_tim.o(i.TIM_CounterModeConfig), (18 bytes).
    Removing stm32f10x_tim.o(i.TIM_CtrlPWMOutputs), (30 bytes).
    Removing stm32f10x_tim.o(i.TIM_DMACmd), (18 bytes).
    Removing stm32f10x_tim.o(i.TIM_DMAConfig), (10 bytes).
    Removing stm32f10x_tim.o(i.TIM_DeInit), (488 bytes).
    Removing stm32f10x_tim.o(i.TIM_ETRClockMode1Config), (54 bytes).
    Removing stm32f10x_tim.o(i.TIM_ETRClockMode2Config), (32 bytes).
    Removing stm32f10x_tim.o(i.TIM_ETRConfig), (28 bytes).
    Removing stm32f10x_tim.o(i.TIM_EncoderInterfaceConfig), (66 bytes).
    Removing stm32f10x_tim.o(i.TIM_ForcedOC1Config), (18 bytes).
    Removing stm32f10x_tim.o(i.TIM_ForcedOC2Config), (26 bytes).
    Removing stm32f10x_tim.o(i.TIM_ForcedOC3Config), (18 bytes).
    Removing stm32f10x_tim.o(i.TIM_ForcedOC4Config), (26 bytes).
    Removing stm32f10x_tim.o(i.TIM_GenerateEvent), (4 bytes).
    Removing stm32f10x_tim.o(i.TIM_GetCapture1), (6 bytes).
    Removing stm32f10x_tim.o(i.TIM_GetCapture2), (6 bytes).
    Removing stm32f10x_tim.o(i.TIM_GetCapture3), (6 bytes).
    Removing stm32f10x_tim.o(i.TIM_GetCapture4), (8 bytes).
    Removing stm32f10x_tim.o(i.TIM_GetFlagStatus), (18 bytes).
    Removing stm32f10x_tim.o(i.TIM_GetITStatus), (34 bytes).
    Removing stm32f10x_tim.o(i.TIM_GetPrescaler), (6 bytes).
    Removing stm32f10x_tim.o(i.TIM_ICInit), (172 bytes).
    Removing stm32f10x_tim.o(i.TIM_ICStructInit), (18 bytes).
    Removing stm32f10x_tim.o(i.TIM_ITRxExternalClockConfig), (24 bytes).
    Removing stm32f10x_tim.o(i.TIM_InternalClockConfig), (12 bytes).
    Removing stm32f10x_tim.o(i.TIM_OC1FastConfig), (18 bytes).
    Removing stm32f10x_tim.o(i.TIM_OC1NPolarityConfig), (18 bytes).
    Removing stm32f10x_tim.o(i.TIM_OC1PolarityConfig), (18 bytes).
    Removing stm32f10x_tim.o(i.TIM_OC1PreloadConfig), (18 bytes).
    Removing stm32f10x_tim.o(i.TIM_OC2FastConfig), (26 bytes).
    Removing stm32f10x_tim.o(i.TIM_OC2NPolarityConfig), (26 bytes).
    Removing stm32f10x_tim.o(i.TIM_OC2PolarityConfig), (26 bytes).
    Removing stm32f10x_tim.o(i.TIM_OC2PreloadConfig), (26 bytes).
    Removing stm32f10x_tim.o(i.TIM_OC3FastConfig), (18 bytes).
    Removing stm32f10x_tim.o(i.TIM_OC3NPolarityConfig), (26 bytes).
    Removing stm32f10x_tim.o(i.TIM_OC3PolarityConfig), (26 bytes).
    Removing stm32f10x_tim.o(i.TIM_OC3PreloadConfig), (18 bytes).
    Removing stm32f10x_tim.o(i.TIM_OC4FastConfig), (26 bytes).
    Removing stm32f10x_tim.o(i.TIM_OC4PolarityConfig), (26 bytes).
    Removing stm32f10x_tim.o(i.TIM_OC4PreloadConfig), (26 bytes).
    Removing stm32f10x_tim.o(i.TIM_OCStructInit), (20 bytes).
    Removing stm32f10x_tim.o(i.TIM_PWMIConfig), (124 bytes).
    Removing stm32f10x_tim.o(i.TIM_PrescalerConfig), (6 bytes).
    Removing stm32f10x_tim.o(i.TIM_SelectCCDMA), (24 bytes).
    Removing stm32f10x_tim.o(i.TIM_SelectCOM), (24 bytes).
    Removing stm32f10x_tim.o(i.TIM_SelectHallSensor), (24 bytes).
    Removing stm32f10x_tim.o(i.TIM_SelectInputTrigger), (18 bytes).
    Removing stm32f10x_tim.o(i.TIM_SelectMasterSlaveMode), (18 bytes).
    Removing stm32f10x_tim.o(i.TIM_SelectOCxM), (82 bytes).
    Removing stm32f10x_tim.o(i.TIM_SelectOnePulseMode), (18 bytes).
    Removing stm32f10x_tim.o(i.TIM_SelectOutputTrigger), (18 bytes).
    Removing stm32f10x_tim.o(i.TIM_SelectSlaveMode), (18 bytes).
    Removing stm32f10x_tim.o(i.TIM_SetAutoreload), (4 bytes).
    Removing stm32f10x_tim.o(i.TIM_SetClockDivision), (18 bytes).
    Removing stm32f10x_tim.o(i.TIM_SetCompare1), (4 bytes).
    Removing stm32f10x_tim.o(i.TIM_SetCompare2), (4 bytes).
    Removing stm32f10x_tim.o(i.TIM_SetCompare3), (4 bytes).
    Removing stm32f10x_tim.o(i.TIM_SetCompare4), (6 bytes).
    Removing stm32f10x_tim.o(i.TIM_SetCounter), (4 bytes).
    Removing stm32f10x_tim.o(i.TIM_SetIC1Prescaler), (18 bytes).
    Removing stm32f10x_tim.o(i.TIM_SetIC2Prescaler), (26 bytes).
    Removing stm32f10x_tim.o(i.TIM_SetIC3Prescaler), (18 bytes).
    Removing stm32f10x_tim.o(i.TIM_SetIC4Prescaler), (26 bytes).
    Removing stm32f10x_tim.o(i.TIM_TIxExternalClockConfig), (62 bytes).
    Removing stm32f10x_tim.o(i.TIM_TimeBaseStructInit), (18 bytes).
    Removing stm32f10x_tim.o(i.TIM_UpdateDisableConfig), (24 bytes).
    Removing stm32f10x_tim.o(i.TIM_UpdateRequestConfig), (24 bytes).
    Removing stm32f10x_i2c.o(i.I2C_ARPCmd), (24 bytes).
    Removing stm32f10x_i2c.o(i.I2C_AcknowledgeConfig), (24 bytes).
    Removing stm32f10x_i2c.o(i.I2C_CalculatePEC), (24 bytes).
    Removing stm32f10x_i2c.o(i.I2C_ClearFlag), (12 bytes).
    Removing stm32f10x_i2c.o(i.I2C_ClearITPendingBit), (12 bytes).
    Removing stm32f10x_i2c.o(i.I2C_DMACmd), (24 bytes).
    Removing stm32f10x_i2c.o(i.I2C_DMALastTransferCmd), (24 bytes).
    Removing stm32f10x_i2c.o(i.I2C_DeInit), (56 bytes).
    Removing stm32f10x_i2c.o(i.I2C_DualAddressCmd), (24 bytes).
    Removing stm32f10x_i2c.o(i.I2C_FastModeDutyCycleConfig), (28 bytes).
    Removing stm32f10x_i2c.o(i.I2C_GeneralCallCmd), (24 bytes).
    Removing stm32f10x_i2c.o(i.I2C_GetFlagStatus), (58 bytes).
    Removing stm32f10x_i2c.o(i.I2C_GetITStatus), (38 bytes).
    Removing stm32f10x_i2c.o(i.I2C_GetLastEvent), (26 bytes).
    Removing stm32f10x_i2c.o(i.I2C_GetPEC), (8 bytes).
    Removing stm32f10x_i2c.o(i.I2C_ITConfig), (18 bytes).
    Removing stm32f10x_i2c.o(i.I2C_NACKPositionConfig), (28 bytes).
    Removing stm32f10x_i2c.o(i.I2C_OwnAddress2Config), (22 bytes).
    Removing stm32f10x_i2c.o(i.I2C_PECPositionConfig), (28 bytes).
    Removing stm32f10x_i2c.o(i.I2C_ReadRegister), (22 bytes).
    Removing stm32f10x_i2c.o(i.I2C_ReceiveData), (8 bytes).
    Removing stm32f10x_i2c.o(i.I2C_SMBusAlertConfig), (28 bytes).
    Removing stm32f10x_i2c.o(i.I2C_SoftwareResetCmd), (22 bytes).
    Removing stm32f10x_i2c.o(i.I2C_StretchClockCmd), (24 bytes).
    Removing stm32f10x_i2c.o(i.I2C_StructInit), (30 bytes).
    Removing stm32f10x_i2c.o(i.I2C_TransmitPEC), (24 bytes).
    Removing stm32f10x_it.o(i.PendSV_Handler), (2 bytes).
    Removing stm32f10x_it.o(i.SVC_Handler), (2 bytes).
    Removing stm32f10x_it.o(i.SysTick_Handler), (2 bytes).
    Removing system_stm32f10x.o(i.SystemCoreClockUpdate), (164 bytes).
    Removing system_stm32f10x.o(.data), (20 bytes).
    Removing lcdi2c.o(i.LCD_Clear), (16 bytes).
    Removing servo.o(i.SERVO_Map), (24 bytes).
    Removing servo.o(i.SERVO_Write), (244 bytes).
    Removing event_groups.o(i.prvTestWaitCondition), (30 bytes).
    Removing event_groups.o(i.vEventGroupClearBitsCallback), (16 bytes).
    Removing event_groups.o(i.vEventGroupDelete), (42 bytes).
    Removing event_groups.o(i.vEventGroupSetBitsCallback), (16 bytes).
    Removing event_groups.o(i.xEventGroupClearBits), (32 bytes).
    Removing event_groups.o(i.xEventGroupCreate), (26 bytes).
    Removing event_groups.o(i.xEventGroupGetBitsFromISR), (44 bytes).
    Removing event_groups.o(i.xEventGroupSetBits), (146 bytes).
    Removing event_groups.o(i.xEventGroupSync), (164 bytes).
    Removing event_groups.o(i.xEventGroupWaitBits), (200 bytes).
    Removing heap_2.o(i.vPortInitialiseBlocks), (2 bytes).
    Removing heap_2.o(i.xPortGetFreeHeapSize), (12 bytes).
    Removing port.o(i.vPortEndScheduler), (2 bytes).
    Removing queue.o(i.prvCopyDataFromQueue), (42 bytes).
    Removing queue.o(i.prvCopyDataToQueue), (106 bytes).
    Removing queue.o(i.prvInitialiseNewQueue), (38 bytes).
    Removing queue.o(i.prvIsQueueEmpty), (26 bytes).
    Removing queue.o(i.prvIsQueueFull), (30 bytes).
    Removing queue.o(i.prvUnlockQueue), (126 bytes).
    Removing queue.o(i.uxQueueMessagesWaiting), (18 bytes).
    Removing queue.o(i.uxQueueMessagesWaitingFromISR), (6 bytes).
    Removing queue.o(i.uxQueueSpacesAvailable), (24 bytes).
    Removing queue.o(i.vQueueDelete), (14 bytes).
    Removing queue.o(i.xQueueGenericCreate), (56 bytes).
    Removing queue.o(i.xQueueGenericReceive), (316 bytes).
    Removing queue.o(i.xQueueGenericReset), (128 bytes).
    Removing queue.o(i.xQueueGenericSend), (280 bytes).
    Removing queue.o(i.xQueueGenericSendFromISR), (134 bytes).
    Removing queue.o(i.xQueueGiveFromISR), (120 bytes).
    Removing queue.o(i.xQueueIsQueueEmptyFromISR), (14 bytes).
    Removing queue.o(i.xQueueIsQueueFullFromISR), (18 bytes).
    Removing queue.o(i.xQueuePeekFromISR), (74 bytes).
    Removing queue.o(i.xQueueReceiveFromISR), (130 bytes).
    Removing tasks.o(i.pcTaskGetName), (24 bytes).
    Removing tasks.o(i.prvTaskIsTaskSuspended), (64 bytes).
    Removing tasks.o(i.ulTaskNotifyTake), (116 bytes).
    Removing tasks.o(i.uxTaskGetNumberOfTasks), (12 bytes).
    Removing tasks.o(i.uxTaskPriorityGet), (36 bytes).
    Removing tasks.o(i.uxTaskPriorityGetFromISR), (56 bytes).
    Removing tasks.o(i.uxTaskResetEventItemValue), (28 bytes).
    Removing tasks.o(i.vTaskDelayUntil), (116 bytes).
    Removing tasks.o(i.vTaskDelete), (204 bytes).
    Removing tasks.o(i.vTaskEndScheduler), (36 bytes).
    Removing tasks.o(i.vTaskMissedYield), (12 bytes).
    Removing tasks.o(i.vTaskNotifyGiveFromISR), (180 bytes).
    Removing tasks.o(i.vTaskPlaceOnEventList), (32 bytes).
    Removing tasks.o(i.vTaskPlaceOnUnorderedEventList), (44 bytes).
    Removing tasks.o(i.vTaskPrioritySet), (232 bytes).
    Removing tasks.o(i.vTaskResume), (120 bytes).
    Removing tasks.o(i.vTaskSetTimeOutState), (24 bytes).
    Removing tasks.o(i.vTaskSuspend), (188 bytes).
    Removing tasks.o(i.xTaskCheckForTimeOut), (92 bytes).
    Removing tasks.o(i.xTaskGenericNotify), (196 bytes).
    Removing tasks.o(i.xTaskGenericNotifyFromISR), (252 bytes).
    Removing tasks.o(i.xTaskGetTickCount), (12 bytes).
    Removing tasks.o(i.xTaskGetTickCountFromISR), (12 bytes).
    Removing tasks.o(i.xTaskNotifyStateClear), (52 bytes).
    Removing tasks.o(i.xTaskNotifyWait), (160 bytes).
    Removing tasks.o(i.xTaskRemoveFromEventList), (128 bytes).
    Removing tasks.o(i.xTaskRemoveFromUnorderedEventList), (112 bytes).
    Removing tasks.o(i.xTaskResumeFromISR), (152 bytes).

281 unused section(s) (total 12902 bytes) removed from the image.

==============================================================================

Image Symbol Table

    Local Symbols

    Symbol Name                              Value     Ov Type        Size  Object(Section)

    ../clib/microlib/division.c              0x00000000   Number         0  uidiv.o ABSOLUTE
    ../clib/microlib/division.c              0x00000000   Number         0  uldiv.o ABSOLUTE
    ../clib/microlib/init/entry.s            0x00000000   Number         0  entry7a.o ABSOLUTE
    ../clib/microlib/init/entry.s            0x00000000   Number         0  entry11a.o ABSOLUTE
    ../clib/microlib/init/entry.s            0x00000000   Number         0  entry10b.o ABSOLUTE
    ../clib/microlib/init/entry.s            0x00000000   Number         0  entry5.o ABSOLUTE
    ../clib/microlib/init/entry.s            0x00000000   Number         0  entry9b.o ABSOLUTE
    ../clib/microlib/init/entry.s            0x00000000   Number         0  entry2.o ABSOLUTE
    ../clib/microlib/init/entry.s            0x00000000   Number         0  entry10a.o ABSOLUTE
    ../clib/microlib/init/entry.s            0x00000000   Number         0  entry.o ABSOLUTE
    ../clib/microlib/init/entry.s            0x00000000   Number         0  entry9a.o ABSOLUTE
    ../clib/microlib/init/entry.s            0x00000000   Number         0  entry8b.o ABSOLUTE
    ../clib/microlib/init/entry.s            0x00000000   Number         0  entry8a.o ABSOLUTE
    ../clib/microlib/init/entry.s            0x00000000   Number         0  entry7b.o ABSOLUTE
    ../clib/microlib/init/entry.s            0x00000000   Number         0  entry11b.o ABSOLUTE
    ../clib/microlib/longlong.c              0x00000000   Number         0  llshl.o ABSOLUTE
    ../clib/microlib/longlong.c              0x00000000   Number         0  llushr.o ABSOLUTE
    ../clib/microlib/longlong.c              0x00000000   Number         0  llsshr.o ABSOLUTE
    ../clib/microlib/printf/printf.c         0x00000000   Number         0  printf8.o ABSOLUTE
    ../clib/microlib/printf/printf.c         0x00000000   Number         0  printf7.o ABSOLUTE
    ../clib/microlib/printf/printf.c         0x00000000   Number         0  printf6.o ABSOLUTE
    ../clib/microlib/printf/printf.c         0x00000000   Number         0  printfb.o ABSOLUTE
    ../clib/microlib/printf/printf.c         0x00000000   Number         0  printf0.o ABSOLUTE
    ../clib/microlib/printf/printf.c         0x00000000   Number         0  printf1.o ABSOLUTE
    ../clib/microlib/printf/printf.c         0x00000000   Number         0  printf2.o ABSOLUTE
    ../clib/microlib/printf/printf.c         0x00000000   Number         0  printf3.o ABSOLUTE
    ../clib/microlib/printf/printf.c         0x00000000   Number         0  printf4.o ABSOLUTE
    ../clib/microlib/printf/printf.c         0x00000000   Number         0  printfa.o ABSOLUTE
    ../clib/microlib/printf/printf.c         0x00000000   Number         0  printf5.o ABSOLUTE
    ../clib/microlib/printf/stubs.s          0x00000000   Number         0  stubs.o ABSOLUTE
    ../clib/microlib/stdio/fputc.c           0x00000000   Number         0  fputc.o ABSOLUTE
    ../clib/microlib/stdio/semi.s            0x00000000   Number         0  semi.o ABSOLUTE
    ../clib/microlib/stdio/streams.c         0x00000000   Number         0  stdout.o ABSOLUTE
    ../clib/microlib/string/memcpy.c         0x00000000   Number         0  memcpyb.o ABSOLUTE
    ../clib/microlib/string/memcpy.c         0x00000000   Number         0  memcpya.o ABSOLUTE
    ../clib/microlib/string/memset.c         0x00000000   Number         0  memseta.o ABSOLUTE
    ../clib/microlib/string/strcmp.c         0x00000000   Number         0  strcmp.o ABSOLUTE
    ../clib/microlib/string/strlen.c         0x00000000   Number         0  strlen.o ABSOLUTE
    ../clib/microlib/stubs.s                 0x00000000   Number         0  iusefp.o ABSOLUTE
    ../clib/microlib/stubs.s                 0x00000000   Number         0  iusesemip.o ABSOLUTE
    ../fplib/microlib/fpadd.c                0x00000000   Number         0  dadd.o ABSOLUTE
    ../fplib/microlib/fpdiv.c                0x00000000   Number         0  ddiv.o ABSOLUTE
    ../fplib/microlib/fpepilogue.c           0x00000000   Number         0  depilogue.o ABSOLUTE
    ../fplib/microlib/fpfix.c                0x00000000   Number         0  dfixul.o ABSOLUTE
    ../fplib/microlib/fpmul.c                0x00000000   Number         0  dmul.o ABSOLUTE
    ..\..\freertos\croutine.c                0x00000000   Number         0  croutine.o ABSOLUTE
    ..\..\freertos\event_groups.c            0x00000000   Number         0  event_groups.o ABSOLUTE
    ..\..\freertos\heap_2.c                  0x00000000   Number         0  heap_2.o ABSOLUTE
    ..\..\freertos\list.c                    0x00000000   Number         0  list.o ABSOLUTE
    ..\..\freertos\port.c                    0x00000000   Number         0  port.o ABSOLUTE
    ..\..\freertos\queue.c                   0x00000000   Number         0  queue.o ABSOLUTE
    ..\..\freertos\tasks.c                   0x00000000   Number         0  tasks.o ABSOLUTE
    ..\..\freertos\timers.c                  0x00000000   Number         0  timers.o ABSOLUTE
    ..\..\lib\CMSIS\CM3\CoreSupport\core_cm3.c 0x00000000   Number         0  core_cm3.o ABSOLUTE
    ..\..\lib\CMSIS\CM3\DeviceSupport\ST\STM32F10x\startup\arm\startup_stm32f10x_md.s 0x00000000   Number         0  startup_stm32f10x_md.o ABSOLUTE
    ..\..\lib\STM32F10x_StdPeriph_Driver\src\misc.c 0x00000000   Number         0  misc.o ABSOLUTE
    ..\..\lib\STM32F10x_StdPeriph_Driver\src\stm32f10x_adc.c 0x00000000   Number         0  stm32f10x_adc.o ABSOLUTE
    ..\..\lib\STM32F10x_StdPeriph_Driver\src\stm32f10x_exti.c 0x00000000   Number         0  stm32f10x_exti.o ABSOLUTE
    ..\..\lib\STM32F10x_StdPeriph_Driver\src\stm32f10x_gpio.c 0x00000000   Number         0  stm32f10x_gpio.o ABSOLUTE
    ..\..\lib\STM32F10x_StdPeriph_Driver\src\stm32f10x_i2c.c 0x00000000   Number         0  stm32f10x_i2c.o ABSOLUTE
    ..\..\lib\STM32F10x_StdPeriph_Driver\src\stm32f10x_rcc.c 0x00000000   Number         0  stm32f10x_rcc.o ABSOLUTE
    ..\..\lib\STM32F10x_StdPeriph_Driver\src\stm32f10x_tim.c 0x00000000   Number         0  stm32f10x_tim.o ABSOLUTE
    ..\..\lib\STM32F10x_StdPeriph_Driver\src\stm32f10x_usart.c 0x00000000   Number         0  stm32f10x_usart.o ABSOLUTE
    ..\..\myLibrary\delayTimer.c             0x00000000   Number         0  delaytimer.o ABSOLUTE
    ..\..\myLibrary\dht11.c                  0x00000000   Number         0  dht11.o ABSOLUTE
    ..\..\myLibrary\lcdI2c.c                 0x00000000   Number         0  lcdi2c.o ABSOLUTE
    ..\..\myLibrary\led.c                    0x00000000   Number         0  led.o ABSOLUTE
    ..\..\myLibrary\lightSensor.c            0x00000000   Number         0  lightsensor.o ABSOLUTE
    ..\..\myLibrary\ringBuffer.c             0x00000000   Number         0  ringbuffer.o ABSOLUTE
    ..\..\myLibrary\servo.c                  0x00000000   Number         0  servo.o ABSOLUTE
    ..\..\myLibrary\uart.c                   0x00000000   Number         0  uart.o ABSOLUTE
    ..\\..\\freertos\\port.c                 0x00000000   Number         0  port.o ABSOLUTE
    ..\\..\\lib\\CMSIS\\CM3\\CoreSupport\\core_cm3.c 0x00000000   Number         0  core_cm3.o ABSOLUTE
    ..\main.c                                0x00000000   Number         0  main.o ABSOLUTE
    ..\stm32f10x_it.c                        0x00000000   Number         0  stm32f10x_it.o ABSOLUTE
    ..\system_stm32f10x.c                    0x00000000   Number         0  system_stm32f10x.o ABSOLUTE
    cdrcmple.s                               0x00000000   Number         0  cdrcmple.o ABSOLUTE
    dc.s                                     0x00000000   Number         0  dc.o ABSOLUTE
    handlers.s                               0x00000000   Number         0  handlers.o ABSOLUTE
    init.s                                   0x00000000   Number         0  init.o ABSOLUTE
    RESET                                    0x08000000   Section      236  startup_stm32f10x_md.o(RESET)
    .ARM.Collect$$$$00000000                 0x080000ec   Section        0  entry.o(.ARM.Collect$$$$00000000)
    .ARM.Collect$$$$00000001                 0x080000ec   Section        4  entry2.o(.ARM.Collect$$$$00000001)
    .ARM.Collect$$$$00000004                 0x080000f0   Section        4  entry5.o(.ARM.Collect$$$$00000004)
    .ARM.Collect$$$$00000008                 0x080000f4   Section        0  entry7b.o(.ARM.Collect$$$$00000008)
    .ARM.Collect$$$$0000000A                 0x080000f4   Section        0  entry8b.o(.ARM.Collect$$$$0000000A)
    .ARM.Collect$$$$0000000B                 0x080000f4   Section        8  entry9a.o(.ARM.Collect$$$$0000000B)
    .ARM.Collect$$$$0000000D                 0x080000fc   Section        0  entry10a.o(.ARM.Collect$$$$0000000D)
    .ARM.Collect$$$$0000000F                 0x080000fc   Section        0  entry11a.o(.ARM.Collect$$$$0000000F)
    .ARM.Collect$$$$00002712                 0x080000fc   Section        4  entry2.o(.ARM.Collect$$$$00002712)
    __lit__00000000                          0x080000fc   Data           4  entry2.o(.ARM.Collect$$$$00002712)
    .emb_text                                0x08000100   Section      150  port.o(.emb_text)
    .text                                    0x08000198   Section       36  startup_stm32f10x_md.o(.text)
    .text                                    0x080001bc   Section        0  memseta.o(.text)
    .text                                    0x080001e0   Section        0  strlen.o(.text)
    .text                                    0x080001ee   Section        0  strcmp.o(.text)
    .text                                    0x0800020a   Section        0  uidiv.o(.text)
    .text                                    0x08000236   Section        0  uldiv.o(.text)
    .text                                    0x08000298   Section        0  iusefp.o(.text)
    .text                                    0x08000298   Section        0  dadd.o(.text)
    .text                                    0x080003e6   Section        0  dmul.o(.text)
    .text                                    0x080004ca   Section        0  ddiv.o(.text)
    .text                                    0x080005a8   Section        0  dfixul.o(.text)
    .text                                    0x080005d8   Section       48  cdrcmple.o(.text)
    .text                                    0x08000608   Section       36  init.o(.text)
    .text                                    0x0800062c   Section        0  llshl.o(.text)
    .text                                    0x0800064a   Section        0  llushr.o(.text)
    .text                                    0x0800066a   Section        0  llsshr.o(.text)
    .text                                    0x0800068e   Section        0  depilogue.o(.text)
    i.ADC_Cmd                                0x08000748   Section        0  stm32f10x_adc.o(i.ADC_Cmd)
    i.ADC_GetCalibrationStatus               0x0800075e   Section        0  stm32f10x_adc.o(i.ADC_GetCalibrationStatus)
    i.ADC_GetConversionValue                 0x08000772   Section        0  stm32f10x_adc.o(i.ADC_GetConversionValue)
    i.ADC_GetResetCalibrationStatus          0x0800077a   Section        0  stm32f10x_adc.o(i.ADC_GetResetCalibrationStatus)
    i.ADC_Init                               0x08000790   Section        0  stm32f10x_adc.o(i.ADC_Init)
    i.ADC_RegularChannelConfig               0x080007e0   Section        0  stm32f10x_adc.o(i.ADC_RegularChannelConfig)
    i.ADC_ResetCalibration                   0x08000898   Section        0  stm32f10x_adc.o(i.ADC_ResetCalibration)
    i.ADC_SoftwareStartConvCmd               0x080008a2   Section        0  stm32f10x_adc.o(i.ADC_SoftwareStartConvCmd)
    i.ADC_StartCalibration                   0x080008b8   Section        0  stm32f10x_adc.o(i.ADC_StartCalibration)
    i.ADC_TempSensorVrefintCmd               0x080008c4   Section        0  stm32f10x_adc.o(i.ADC_TempSensorVrefintCmd)
    i.BusFault_Handler                       0x080008e8   Section        0  stm32f10x_it.o(i.BusFault_Handler)
    i.DHT11_Check                            0x080008ec   Section        0  dht11.o(i.DHT11_Check)
    DHT11_Check                              0x080008ed   Thumb Code    80  dht11.o(i.DHT11_Check)
    i.DHT11_InPut                            0x08000940   Section        0  dht11.o(i.DHT11_InPut)
    DHT11_InPut                              0x08000941   Thumb Code    38  dht11.o(i.DHT11_InPut)
    i.DHT11_Init                             0x0800096c   Section        0  dht11.o(i.DHT11_Init)
    i.DHT11_OutPut                           0x0800098c   Section        0  dht11.o(i.DHT11_OutPut)
    DHT11_OutPut                             0x0800098d   Thumb Code    38  dht11.o(i.DHT11_OutPut)
    i.DHT11_RST                              0x080009b8   Section        0  dht11.o(i.DHT11_RST)
    DHT11_RST                                0x080009b9   Thumb Code    36  dht11.o(i.DHT11_RST)
    i.DHT11_ReadBit                          0x080009e0   Section        0  dht11.o(i.DHT11_ReadBit)
    DHT11_ReadBit                            0x080009e1   Thumb Code    80  dht11.o(i.DHT11_ReadBit)
    i.DHT11_ReadByte                         0x08000a34   Section        0  dht11.o(i.DHT11_ReadByte)
    DHT11_ReadByte                           0x08000a35   Thumb Code    32  dht11.o(i.DHT11_ReadByte)
    i.DHT11_ReadData                         0x08000a54   Section        0  dht11.o(i.DHT11_ReadData)
    i.DebugMon_Handler                       0x08000a98   Section        0  stm32f10x_it.o(i.DebugMon_Handler)
    i.DelayTimer_GetTickMs                   0x08000a9c   Section        0  delaytimer.o(i.DelayTimer_GetTickMs)
    i.DelayTimer_GetTickUs                   0x08000abc   Section        0  delaytimer.o(i.DelayTimer_GetTickUs)
    DelayTimer_GetTickUs                     0x08000abd   Thumb Code    16  delaytimer.o(i.DelayTimer_GetTickUs)
    i.DelayTimer_Init                        0x08000ad4   Section        0  delaytimer.o(i.DelayTimer_Init)
    i.DelayTimer_Ms                          0x08000b40   Section        0  delaytimer.o(i.DelayTimer_Ms)
    i.DelayTimer_Us                          0x08000b58   Section        0  delaytimer.o(i.DelayTimer_Us)
    i.GPIO_Init                              0x08000b70   Section        0  stm32f10x_gpio.o(i.GPIO_Init)
    i.GPIO_ReadInputDataBit                  0x08000c86   Section        0  stm32f10x_gpio.o(i.GPIO_ReadInputDataBit)
    i.GPIO_ResetBits                         0x08000c98   Section        0  stm32f10x_gpio.o(i.GPIO_ResetBits)
    i.GPIO_SetBits                           0x08000c9c   Section        0  stm32f10x_gpio.o(i.GPIO_SetBits)
    i.GPIO_WriteBit                          0x08000ca0   Section        0  stm32f10x_gpio.o(i.GPIO_WriteBit)
    i.HardFault_Handler                      0x08000caa   Section        0  stm32f10x_it.o(i.HardFault_Handler)
    i.I2C_CheckEvent                         0x08000cae   Section        0  stm32f10x_i2c.o(i.I2C_CheckEvent)
    i.I2C_Cmd                                0x08000cd8   Section        0  stm32f10x_i2c.o(i.I2C_Cmd)
    i.I2C_GenerateSTART                      0x08000cf0   Section        0  stm32f10x_i2c.o(i.I2C_GenerateSTART)
    i.I2C_GenerateSTOP                       0x08000d08   Section        0  stm32f10x_i2c.o(i.I2C_GenerateSTOP)
    i.I2C_Init                               0x08000d20   Section        0  stm32f10x_i2c.o(i.I2C_Init)
    i.I2C_Send7bitAddress                    0x08000e0c   Section        0  stm32f10x_i2c.o(i.I2C_Send7bitAddress)
    i.I2C_SendData                           0x08000e1e   Section        0  stm32f10x_i2c.o(i.I2C_SendData)
    i.LCD_CmdWrite                           0x08000e22   Section        0  lcdi2c.o(i.LCD_CmdWrite)
    LCD_CmdWrite                             0x08000e23   Thumb Code    66  lcdi2c.o(i.LCD_CmdWrite)
    i.LCD_DataWrite                          0x08000e64   Section        0  lcdi2c.o(i.LCD_DataWrite)
    LCD_DataWrite                            0x08000e65   Thumb Code    70  lcdi2c.o(i.LCD_DataWrite)
    i.LCD_Gotoxy                             0x08000eaa   Section        0  lcdi2c.o(i.LCD_Gotoxy)
    i.LCD_I2C_Configuration                  0x08000ef4   Section        0  lcdi2c.o(i.LCD_I2C_Configuration)
    LCD_I2C_Configuration                    0x08000ef5   Thumb Code   104  lcdi2c.o(i.LCD_I2C_Configuration)
    i.LCD_Init                               0x08000f68   Section        0  lcdi2c.o(i.LCD_Init)
    i.LCD_Printf                             0x08000fc8   Section        0  lcdi2c.o(i.LCD_Printf)
    i.LCD_Write_Byte                         0x08001008   Section        0  lcdi2c.o(i.LCD_Write_Byte)
    LCD_Write_Byte                           0x08001009   Thumb Code    84  lcdi2c.o(i.LCD_Write_Byte)
    i.LED_Init                               0x08001068   Section        0  led.o(i.LED_Init)
    i.LED_Set                                0x08001094   Section        0  led.o(i.LED_Set)
    i.LightSensor_Init                       0x080010b4   Section        0  lightsensor.o(i.LightSensor_Init)
    i.LightSensor_ReadData                   0x0800115c   Section        0  lightsensor.o(i.LightSensor_ReadData)
    i.MemManage_Handler                      0x08001170   Section        0  stm32f10x_it.o(i.MemManage_Handler)
    i.NMI_Handler                            0x08001174   Section        0  stm32f10x_it.o(i.NMI_Handler)
    i.NVIC_Init                              0x08001178   Section        0  misc.o(i.NVIC_Init)
    i.NVIC_PriorityGroupConfig               0x080011e8   Section        0  misc.o(i.NVIC_PriorityGroupConfig)
    i.RB_Available                           0x080011fc   Section        0  ringbuffer.o(i.RB_Available)
    i.RB_Init                                0x0800122a   Section        0  ringbuffer.o(i.RB_Init)
    i.RB_Pop                                 0x08001236   Section        0  ringbuffer.o(i.RB_Pop)
    i.RB_Push                                0x0800126c   Section        0  ringbuffer.o(i.RB_Push)
    i.RCC_APB1PeriphClockCmd                 0x0800129c   Section        0  stm32f10x_rcc.o(i.RCC_APB1PeriphClockCmd)
    i.RCC_APB2PeriphClockCmd                 0x080012bc   Section        0  stm32f10x_rcc.o(i.RCC_APB2PeriphClockCmd)
    i.RCC_GetClocksFreq                      0x080012dc   Section        0  stm32f10x_rcc.o(i.RCC_GetClocksFreq)
    i.SERVO_GPIOModeConfig                   0x080013b0   Section        0  servo.o(i.SERVO_GPIOModeConfig)
    SERVO_GPIOModeConfig                     0x080013b1   Thumb Code    62  servo.o(i.SERVO_GPIOModeConfig)
    i.SERVO_Init                             0x080013f8   Section        0  servo.o(i.SERVO_Init)
    i.SERVO_PWMChannelConfig                 0x08001580   Section        0  servo.o(i.SERVO_PWMChannelConfig)
    SERVO_PWMChannelConfig                   0x08001581   Thumb Code   274  servo.o(i.SERVO_PWMChannelConfig)
    i.SERVO_TimeBaseConfig                   0x080016a4   Section        0  servo.o(i.SERVO_TimeBaseConfig)
    SERVO_TimeBaseConfig                     0x080016a5   Thumb Code    90  servo.o(i.SERVO_TimeBaseConfig)
    i.SetSysClock                            0x08001708   Section        0  system_stm32f10x.o(i.SetSysClock)
    SetSysClock                              0x08001709   Thumb Code     8  system_stm32f10x.o(i.SetSysClock)
    i.SetSysClockTo72                        0x08001710   Section        0  system_stm32f10x.o(i.SetSysClockTo72)
    SetSysClockTo72                          0x08001711   Thumb Code   214  system_stm32f10x.o(i.SetSysClockTo72)
    i.SysTick_Handler                        0x080017f0   Section        0  port.o(i.SysTick_Handler)
    i.SystemInit                             0x08001824   Section        0  system_stm32f10x.o(i.SystemInit)
    i.TIM4_IRQHandler                        0x08001884   Section        0  delaytimer.o(i.TIM4_IRQHandler)
    i.TIM_ClearFlag                          0x080018b4   Section        0  stm32f10x_tim.o(i.TIM_ClearFlag)
    i.TIM_ClearITPendingBit                  0x080018ba   Section        0  stm32f10x_tim.o(i.TIM_ClearITPendingBit)
    i.TIM_Cmd                                0x080018c0   Section        0  stm32f10x_tim.o(i.TIM_Cmd)
    i.TIM_GetCounter                         0x080018d8   Section        0  stm32f10x_tim.o(i.TIM_GetCounter)
    i.TIM_ITConfig                           0x080018de   Section        0  stm32f10x_tim.o(i.TIM_ITConfig)
    i.TIM_OC1Init                            0x080018f0   Section        0  stm32f10x_tim.o(i.TIM_OC1Init)
    i.TIM_OC2Init                            0x08001988   Section        0  stm32f10x_tim.o(i.TIM_OC2Init)
    i.TIM_OC3Init                            0x08001a2c   Section        0  stm32f10x_tim.o(i.TIM_OC3Init)
    i.TIM_OC4Init                            0x08001acc   Section        0  stm32f10x_tim.o(i.TIM_OC4Init)
    i.TIM_TimeBaseInit                       0x08001b48   Section        0  stm32f10x_tim.o(i.TIM_TimeBaseInit)
    i.Task_HandleDevice                      0x08001bec   Section        0  main.o(i.Task_HandleDevice)
    Task_HandleDevice                        0x08001bed   Thumb Code   176  main.o(i.Task_HandleDevice)
    i.Task_HandleSensorData                  0x08001cc0   Section        0  main.o(i.Task_HandleSensorData)
    Task_HandleSensorData                    0x08001cc1   Thumb Code   126  main.o(i.Task_HandleSensorData)
    i.UART_Available                         0x08001d78   Section        0  uart.o(i.UART_Available)
    i.UART_Begin                             0x08001d8c   Section        0  uart.o(i.UART_Begin)
    i.UART_Printf                            0x08001e74   Section        0  uart.o(i.UART_Printf)
    i.UART_Read                              0x08001ea0   Section        0  uart.o(i.UART_Read)
    i.UART_SendChar                          0x08001eb4   Section        0  uart.o(i.UART_SendChar)
    UART_SendChar                            0x08001eb5   Thumb Code    34  uart.o(i.UART_SendChar)
    i.UART_SendString                        0x08001ed6   Section        0  uart.o(i.UART_SendString)
    UART_SendString                          0x08001ed7   Thumb Code    26  uart.o(i.UART_SendString)
    i.USART1_IRQHandler                      0x08001ef0   Section        0  uart.o(i.USART1_IRQHandler)
    i.USART_Cmd                              0x08001f0c   Section        0  stm32f10x_usart.o(i.USART_Cmd)
    i.USART_GetChar                          0x08001f24   Section        0  uart.o(i.USART_GetChar)
    USART_GetChar                            0x08001f25   Thumb Code    28  uart.o(i.USART_GetChar)
    i.USART_GetFlagStatus                    0x08001f44   Section        0  stm32f10x_usart.o(i.USART_GetFlagStatus)
    i.USART_ITConfig                         0x08001f5e   Section        0  stm32f10x_usart.o(i.USART_ITConfig)
    i.USART_Init                             0x08001fa8   Section        0  stm32f10x_usart.o(i.USART_Init)
    i.USART_SendData                         0x08002080   Section        0  stm32f10x_usart.o(i.USART_SendData)
    i.UsageFault_Handler                     0x08002088   Section        0  stm32f10x_it.o(i.UsageFault_Handler)
    i.__0sprintf                             0x0800208c   Section        0  printfa.o(i.__0sprintf)
    i.__0vsprintf                            0x080020b4   Section        0  printfa.o(i.__0vsprintf)
    i.__scatterload_copy                     0x080020d8   Section       14  handlers.o(i.__scatterload_copy)
    i.__scatterload_null                     0x080020e6   Section        2  handlers.o(i.__scatterload_null)
    i.__scatterload_zeroinit                 0x080020e8   Section       14  handlers.o(i.__scatterload_zeroinit)
    i._fp_digits                             0x080020f8   Section        0  printfa.o(i._fp_digits)
    _fp_digits                               0x080020f9   Thumb Code   366  printfa.o(i._fp_digits)
    i._printf_core                           0x0800227c   Section        0  printfa.o(i._printf_core)
    _printf_core                             0x0800227d   Thumb Code  1744  printfa.o(i._printf_core)
    i._printf_post_padding                   0x08002958   Section        0  printfa.o(i._printf_post_padding)
    _printf_post_padding                     0x08002959   Thumb Code    36  printfa.o(i._printf_post_padding)
    i._printf_pre_padding                    0x0800297c   Section        0  printfa.o(i._printf_pre_padding)
    _printf_pre_padding                      0x0800297d   Thumb Code    46  printfa.o(i._printf_pre_padding)
    i._sputc                                 0x080029aa   Section        0  printfa.o(i._sputc)
    _sputc                                   0x080029ab   Thumb Code    10  printfa.o(i._sputc)
    i.main                                   0x080029b4   Section        0  main.o(i.main)
    i.prvAddCurrentTaskToDelayedList         0x08002a24   Section        0  tasks.o(i.prvAddCurrentTaskToDelayedList)
    prvAddCurrentTaskToDelayedList           0x08002a25   Thumb Code   124  tasks.o(i.prvAddCurrentTaskToDelayedList)
    i.prvAddNewTaskToReadyList               0x08002abc   Section        0  tasks.o(i.prvAddNewTaskToReadyList)
    prvAddNewTaskToReadyList                 0x08002abd   Thumb Code   150  tasks.o(i.prvAddNewTaskToReadyList)
    i.prvCheckTasksWaitingTermination        0x08002b70   Section        0  tasks.o(i.prvCheckTasksWaitingTermination)
    prvCheckTasksWaitingTermination          0x08002b71   Thumb Code    86  tasks.o(i.prvCheckTasksWaitingTermination)
    i.prvDeleteTCB                           0x08002bd4   Section        0  tasks.o(i.prvDeleteTCB)
    prvDeleteTCB                             0x08002bd5   Thumb Code    18  tasks.o(i.prvDeleteTCB)
    i.prvHeapInit                            0x08002be8   Section        0  heap_2.o(i.prvHeapInit)
    prvHeapInit                              0x08002be9   Thumb Code    42  heap_2.o(i.prvHeapInit)
    i.prvIdleTask                            0x08002c20   Section        0  tasks.o(i.prvIdleTask)
    prvIdleTask                              0x08002c21   Thumb Code    32  tasks.o(i.prvIdleTask)
    i.prvInitialiseNewTask                   0x08002c48   Section        0  tasks.o(i.prvInitialiseNewTask)
    prvInitialiseNewTask                     0x08002c49   Thumb Code   128  tasks.o(i.prvInitialiseNewTask)
    i.prvInitialiseTaskLists                 0x08002cc8   Section        0  tasks.o(i.prvInitialiseTaskLists)
    prvInitialiseTaskLists                   0x08002cc9   Thumb Code    70  tasks.o(i.prvInitialiseTaskLists)
    i.prvResetNextTaskUnblockTime            0x08002d30   Section        0  tasks.o(i.prvResetNextTaskUnblockTime)
    prvResetNextTaskUnblockTime              0x08002d31   Thumb Code    42  tasks.o(i.prvResetNextTaskUnblockTime)
    i.prvTaskExitError                       0x08002d64   Section        0  port.o(i.prvTaskExitError)
    prvTaskExitError                         0x08002d65   Thumb Code    22  port.o(i.prvTaskExitError)
    i.pvPortMalloc                           0x08002d7c   Section        0  heap_2.o(i.pvPortMalloc)
    i.pxPortInitialiseStack                  0x08002e34   Section        0  port.o(i.pxPortInitialiseStack)
    i.uxListRemove                           0x08002e58   Section        0  list.o(i.uxListRemove)
    i.vListInitialise                        0x08002e80   Section        0  list.o(i.vListInitialise)
    i.vListInitialiseItem                    0x08002e9a   Section        0  list.o(i.vListInitialiseItem)
    i.vListInsert                            0x08002ea0   Section        0  list.o(i.vListInsert)
    i.vListInsertEnd                         0x08002ed4   Section        0  list.o(i.vListInsertEnd)
    i.vPortEnterCritical                     0x08002eec   Section        0  port.o(i.vPortEnterCritical)
    i.vPortExitCritical                      0x08002f10   Section        0  port.o(i.vPortExitCritical)
    i.vPortFree                              0x08002f30   Section        0  heap_2.o(i.vPortFree)
    i.vPortSetupTimerInterrupt               0x08002f70   Section        0  port.o(i.vPortSetupTimerInterrupt)
    i.vTaskDelay                             0x08002f84   Section        0  tasks.o(i.vTaskDelay)
    i.vTaskStartScheduler                    0x08002fb8   Section        0  tasks.o(i.vTaskStartScheduler)
    i.vTaskSuspendAll                        0x0800301c   Section        0  tasks.o(i.vTaskSuspendAll)
    i.vTaskSwitchContext                     0x0800302c   Section        0  tasks.o(i.vTaskSwitchContext)
    i.xPortStartScheduler                    0x0800308c   Section        0  port.o(i.xPortStartScheduler)
    i.xTaskCreate                            0x080030c0   Section        0  tasks.o(i.xTaskCreate)
    i.xTaskIncrementTick                     0x08003120   Section        0  tasks.o(i.xTaskIncrementTick)
    i.xTaskResumeAll                         0x0800323c   Section        0  tasks.o(i.xTaskResumeAll)
    .data                                    0x20000000   Section       20  stm32f10x_rcc.o(.data)
    APBAHBPrescTable                         0x20000000   Data          16  stm32f10x_rcc.o(.data)
    ADCPrescTable                            0x20000010   Data           4  stm32f10x_rcc.o(.data)
    .data                                    0x20000014   Section       12  main.o(.data)
    .data                                    0x20000020   Section        8  delaytimer.o(.data)
    g_tickMs                                 0x20000020   Data           4  delaytimer.o(.data)
    g_tickUs                                 0x20000024   Data           4  delaytimer.o(.data)
    .data                                    0x20000028   Section        5  dht11.o(.data)
    .data                                    0x20000030   Section        8  uart.o(.data)
    .data                                    0x20000038   Section       24  heap_2.o(.data)
    xStart                                   0x20000038   Data           8  heap_2.o(.data)
    xEnd                                     0x20000040   Data           8  heap_2.o(.data)
    xFreeBytesRemaining                      0x20000048   Data           4  heap_2.o(.data)
    xHeapHasBeenInitialised                  0x2000004c   Data           4  heap_2.o(.data)
    .data                                    0x20000050   Section        4  port.o(.data)
    uxCriticalNesting                        0x20000050   Data           4  port.o(.data)
    .data                                    0x20000054   Section       60  tasks.o(.data)
    pxDelayedTaskList                        0x20000058   Data           4  tasks.o(.data)
    pxOverflowDelayedTaskList                0x2000005c   Data           4  tasks.o(.data)
    uxDeletedTasksWaitingCleanUp             0x20000060   Data           4  tasks.o(.data)
    uxCurrentNumberOfTasks                   0x20000064   Data           4  tasks.o(.data)
    xTickCount                               0x20000068   Data           4  tasks.o(.data)
    uxTopReadyPriority                       0x2000006c   Data           4  tasks.o(.data)
    xSchedulerRunning                        0x20000070   Data           4  tasks.o(.data)
    uxPendedTicks                            0x20000074   Data           4  tasks.o(.data)
    xYieldPending                            0x20000078   Data           4  tasks.o(.data)
    xNumOfOverflows                          0x2000007c   Data           4  tasks.o(.data)
    uxTaskNumber                             0x20000080   Data           4  tasks.o(.data)
    xNextTaskUnblockTime                     0x20000084   Data           4  tasks.o(.data)
    xIdleTaskHandle                          0x20000088   Data           4  tasks.o(.data)
    uxSchedulerSuspended                     0x2000008c   Data           4  tasks.o(.data)
    .bss                                     0x20000090   Section       50  main.o(.bss)
    .bss                                     0x200000c2   Section       64  uart.o(.bss)
    .bss                                     0x20000102   Section    17408  heap_2.o(.bss)
    ucHeap                                   0x20000102   Data       17408  heap_2.o(.bss)
    .bss                                     0x20004504   Section      200  tasks.o(.bss)
    pxReadyTasksLists                        0x20004504   Data         100  tasks.o(.bss)
    xDelayedTaskList1                        0x20004568   Data          20  tasks.o(.bss)
    xDelayedTaskList2                        0x2000457c   Data          20  tasks.o(.bss)
    xPendingReadyList                        0x20004590   Data          20  tasks.o(.bss)
    xTasksWaitingTermination                 0x200045a4   Data          20  tasks.o(.bss)
    xSuspendedTaskList                       0x200045b8   Data          20  tasks.o(.bss)
    STACK                                    0x200045d0   Section     1024  startup_stm32f10x_md.o(STACK)

    Global Symbols

    Symbol Name                              Value     Ov Type        Size  Object(Section)

    BuildAttributes$$THM_ISAv4$P$D$K$B$S$PE$A:L22UL41UL21$X:L11$S22US41US21$IEEE1$IW$USESV6$~STKCKD$USESV7$~SHL$OSPACE$ROPI$EBA8$MICROLIB$REQ8$PRES8$EABIv2 0x00000000   Number         0  anon$$obj.o ABSOLUTE
    __ARM_use_no_argv                        0x00000000   Number         0  main.o ABSOLUTE
    _printf_a                                0x00000000   Number         0  stubs.o ABSOLUTE
    _printf_c                                0x00000000   Number         0  stubs.o ABSOLUTE
    _printf_charcount                        0x00000000   Number         0  stubs.o ABSOLUTE
    _printf_d                                0x00000000   Number         0  stubs.o ABSOLUTE
    _printf_e                                0x00000000   Number         0  stubs.o ABSOLUTE
    _printf_f                                0x00000000   Number         0  stubs.o ABSOLUTE
    _printf_flags                            0x00000000   Number         0  stubs.o ABSOLUTE
    _printf_fp_dec                           0x00000000   Number         0  stubs.o ABSOLUTE
    _printf_fp_hex                           0x00000000   Number         0  stubs.o ABSOLUTE
    _printf_g                                0x00000000   Number         0  stubs.o ABSOLUTE
    _printf_i                                0x00000000   Number         0  stubs.o ABSOLUTE
    _printf_int_dec                          0x00000000   Number         0  stubs.o ABSOLUTE
    _printf_l                                0x00000000   Number         0  stubs.o ABSOLUTE
    _printf_lc                               0x00000000   Number         0  stubs.o ABSOLUTE
    _printf_ll                               0x00000000   Number         0  stubs.o ABSOLUTE
    _printf_lld                              0x00000000   Number         0  stubs.o ABSOLUTE
    _printf_lli                              0x00000000   Number         0  stubs.o ABSOLUTE
    _printf_llo                              0x00000000   Number         0  stubs.o ABSOLUTE
    _printf_llu                              0x00000000   Number         0  stubs.o ABSOLUTE
    _printf_llx                              0x00000000   Number         0  stubs.o ABSOLUTE
    _printf_longlong_dec                     0x00000000   Number         0  stubs.o ABSOLUTE
    _printf_longlong_hex                     0x00000000   Number         0  stubs.o ABSOLUTE
    _printf_longlong_oct                     0x00000000   Number         0  stubs.o ABSOLUTE
    _printf_ls                               0x00000000   Number         0  stubs.o ABSOLUTE
    _printf_mbtowc                           0x00000000   Number         0  stubs.o ABSOLUTE
    _printf_n                                0x00000000   Number         0  stubs.o ABSOLUTE
    _printf_o                                0x00000000   Number         0  stubs.o ABSOLUTE
    _printf_p                                0x00000000   Number         0  stubs.o ABSOLUTE
    _printf_percent                          0x00000000   Number         0  stubs.o ABSOLUTE
    _printf_pre_padding                      0x00000000   Number         0  stubs.o ABSOLUTE
    _printf_return_value                     0x00000000   Number         0  stubs.o ABSOLUTE
    _printf_s                                0x00000000   Number         0  stubs.o ABSOLUTE
    _printf_sizespec                         0x00000000   Number         0  stubs.o ABSOLUTE
    _printf_str                              0x00000000   Number         0  stubs.o ABSOLUTE
    _printf_truncate_signed                  0x00000000   Number         0  stubs.o ABSOLUTE
    _printf_truncate_unsigned                0x00000000   Number         0  stubs.o ABSOLUTE
    _printf_u                                0x00000000   Number         0  stubs.o ABSOLUTE
    _printf_wc                               0x00000000   Number         0  stubs.o ABSOLUTE
    _printf_wctomb                           0x00000000   Number         0  stubs.o ABSOLUTE
    _printf_widthprec                        0x00000000   Number         0  stubs.o ABSOLUTE
    _printf_x                                0x00000000   Number         0  stubs.o ABSOLUTE
    __cpp_initialize__aeabi_                  - Undefined Weak Reference
    __cxa_finalize                            - Undefined Weak Reference
    __decompress                              - Undefined Weak Reference
    _clock_init                               - Undefined Weak Reference
    _microlib_exit                            - Undefined Weak Reference
    __Vectors_Size                           0x000000ec   Number         0  startup_stm32f10x_md.o ABSOLUTE
    __Vectors                                0x08000000   Data           4  startup_stm32f10x_md.o(RESET)
    __Vectors_End                            0x080000ec   Data           0  startup_stm32f10x_md.o(RESET)
    __main                                   0x080000ed   Thumb Code     0  entry.o(.ARM.Collect$$$$00000000)
    _main_stk                                0x080000ed   Thumb Code     0  entry2.o(.ARM.Collect$$$$00000001)
    _main_scatterload                        0x080000f1   Thumb Code     0  entry5.o(.ARM.Collect$$$$00000004)
    __main_after_scatterload                 0x080000f5   Thumb Code     0  entry5.o(.ARM.Collect$$$$00000004)
    _main_clock                              0x080000f5   Thumb Code     0  entry7b.o(.ARM.Collect$$$$00000008)
    _main_cpp_init                           0x080000f5   Thumb Code     0  entry8b.o(.ARM.Collect$$$$0000000A)
    _main_init                               0x080000f5   Thumb Code     0  entry9a.o(.ARM.Collect$$$$0000000B)
    __rt_final_cpp                           0x080000fd   Thumb Code     0  entry10a.o(.ARM.Collect$$$$0000000D)
    __rt_final_exit                          0x080000fd   Thumb Code     0  entry11a.o(.ARM.Collect$$$$0000000F)
    SVC_Handler                              0x08000101   Thumb Code    32  port.o(.emb_text)
    __asm___6_port_c_39a90d8d__prvStartFirstTask 0x08000125   Thumb Code    28  port.o(.emb_text)
    PendSV_Handler                           0x08000145   Thumb Code    72  port.o(.emb_text)
    vPortGetIPSR                             0x08000191   Thumb Code     6  port.o(.emb_text)
    Reset_Handler                            0x08000199   Thumb Code     8  startup_stm32f10x_md.o(.text)
    ADC1_2_IRQHandler                        0x080001b3   Thumb Code     0  startup_stm32f10x_md.o(.text)
    CAN1_RX1_IRQHandler                      0x080001b3   Thumb Code     0  startup_stm32f10x_md.o(.text)
    CAN1_SCE_IRQHandler                      0x080001b3   Thumb Code     0  startup_stm32f10x_md.o(.text)
    DMA1_Channel1_IRQHandler                 0x080001b3   Thumb Code     0  startup_stm32f10x_md.o(.text)
    DMA1_Channel2_IRQHandler                 0x080001b3   Thumb Code     0  startup_stm32f10x_md.o(.text)
    DMA1_Channel3_IRQHandler                 0x080001b3   Thumb Code     0  startup_stm32f10x_md.o(.text)
    DMA1_Channel4_IRQHandler                 0x080001b3   Thumb Code     0  startup_stm32f10x_md.o(.text)
    DMA1_Channel5_IRQHandler                 0x080001b3   Thumb Code     0  startup_stm32f10x_md.o(.text)
    DMA1_Channel6_IRQHandler                 0x080001b3   Thumb Code     0  startup_stm32f10x_md.o(.text)
    DMA1_Channel7_IRQHandler                 0x080001b3   Thumb Code     0  startup_stm32f10x_md.o(.text)
    EXTI0_IRQHandler                         0x080001b3   Thumb Code     0  startup_stm32f10x_md.o(.text)
    EXTI15_10_IRQHandler                     0x080001b3   Thumb Code     0  startup_stm32f10x_md.o(.text)
    EXTI1_IRQHandler                         0x080001b3   Thumb Code     0  startup_stm32f10x_md.o(.text)
    EXTI2_IRQHandler                         0x080001b3   Thumb Code     0  startup_stm32f10x_md.o(.text)
    EXTI3_IRQHandler                         0x080001b3   Thumb Code     0  startup_stm32f10x_md.o(.text)
    EXTI4_IRQHandler                         0x080001b3   Thumb Code     0  startup_stm32f10x_md.o(.text)
    EXTI9_5_IRQHandler                       0x080001b3   Thumb Code     0  startup_stm32f10x_md.o(.text)
    FLASH_IRQHandler                         0x080001b3   Thumb Code     0  startup_stm32f10x_md.o(.text)
    I2C1_ER_IRQHandler                       0x080001b3   Thumb Code     0  startup_stm32f10x_md.o(.text)
    I2C1_EV_IRQHandler                       0x080001b3   Thumb Code     0  startup_stm32f10x_md.o(.text)
    I2C2_ER_IRQHandler                       0x080001b3   Thumb Code     0  startup_stm32f10x_md.o(.text)
    I2C2_EV_IRQHandler                       0x080001b3   Thumb Code     0  startup_stm32f10x_md.o(.text)
    PVD_IRQHandler                           0x080001b3   Thumb Code     0  startup_stm32f10x_md.o(.text)
    RCC_IRQHandler                           0x080001b3   Thumb Code     0  startup_stm32f10x_md.o(.text)
    RTCAlarm_IRQHandler                      0x080001b3   Thumb Code     0  startup_stm32f10x_md.o(.text)
    RTC_IRQHandler                           0x080001b3   Thumb Code     0  startup_stm32f10x_md.o(.text)
    SPI1_IRQHandler                          0x080001b3   Thumb Code     0  startup_stm32f10x_md.o(.text)
    SPI2_IRQHandler                          0x080001b3   Thumb Code     0  startup_stm32f10x_md.o(.text)
    TAMPER_IRQHandler                        0x080001b3   Thumb Code     0  startup_stm32f10x_md.o(.text)
    TIM1_BRK_IRQHandler                      0x080001b3   Thumb Code     0  startup_stm32f10x_md.o(.text)
    TIM1_CC_IRQHandler                       0x080001b3   Thumb Code     0  startup_stm32f10x_md.o(.text)
    TIM1_TRG_COM_IRQHandler                  0x080001b3   Thumb Code     0  startup_stm32f10x_md.o(.text)
    TIM1_UP_IRQHandler                       0x080001b3   Thumb Code     0  startup_stm32f10x_md.o(.text)
    TIM2_IRQHandler                          0x080001b3   Thumb Code     0  startup_stm32f10x_md.o(.text)
    TIM3_IRQHandler                          0x080001b3   Thumb Code     0  startup_stm32f10x_md.o(.text)
    USART2_IRQHandler                        0x080001b3   Thumb Code     0  startup_stm32f10x_md.o(.text)
    USART3_IRQHandler                        0x080001b3   Thumb Code     0  startup_stm32f10x_md.o(.text)
    USBWakeUp_IRQHandler                     0x080001b3   Thumb Code     0  startup_stm32f10x_md.o(.text)
    USB_HP_CAN1_TX_IRQHandler                0x080001b3   Thumb Code     0  startup_stm32f10x_md.o(.text)
    USB_LP_CAN1_RX0_IRQHandler               0x080001b3   Thumb Code     0  startup_stm32f10x_md.o(.text)
    WWDG_IRQHandler                          0x080001b3   Thumb Code     0  startup_stm32f10x_md.o(.text)
    __aeabi_memset                           0x080001bd   Thumb Code    14  memseta.o(.text)
    __aeabi_memset4                          0x080001bd   Thumb Code     0  memseta.o(.text)
    __aeabi_memset8                          0x080001bd   Thumb Code     0  memseta.o(.text)
    __aeabi_memclr                           0x080001cb   Thumb Code     4  memseta.o(.text)
    __aeabi_memclr4                          0x080001cb   Thumb Code     0  memseta.o(.text)
    __aeabi_memclr8                          0x080001cb   Thumb Code     0  memseta.o(.text)
    _memset$wrapper                          0x080001cf   Thumb Code    18  memseta.o(.text)
    strlen                                   0x080001e1   Thumb Code    14  strlen.o(.text)
    strcmp                                   0x080001ef   Thumb Code    28  strcmp.o(.text)
    __aeabi_uidiv                            0x0800020b   Thumb Code     0  uidiv.o(.text)
    __aeabi_uidivmod                         0x0800020b   Thumb Code    44  uidiv.o(.text)
    __aeabi_uldivmod                         0x08000237   Thumb Code    98  uldiv.o(.text)
    __I$use$fp                               0x08000299   Thumb Code     0  iusefp.o(.text)
    __aeabi_dadd                             0x08000299   Thumb Code   322  dadd.o(.text)
    __aeabi_dsub                             0x080003db   Thumb Code     6  dadd.o(.text)
    __aeabi_drsub                            0x080003e1   Thumb Code     6  dadd.o(.text)
    __aeabi_dmul                             0x080003e7   Thumb Code   228  dmul.o(.text)
    __aeabi_ddiv                             0x080004cb   Thumb Code   222  ddiv.o(.text)
    __aeabi_d2ulz                            0x080005a9   Thumb Code    48  dfixul.o(.text)
    __aeabi_cdrcmple                         0x080005d9   Thumb Code    48  cdrcmple.o(.text)
    __scatterload                            0x08000609   Thumb Code    28  init.o(.text)
    __scatterload_rt2                        0x08000609   Thumb Code     0  init.o(.text)
    __aeabi_llsl                             0x0800062d   Thumb Code    30  llshl.o(.text)
    _ll_shift_l                              0x0800062d   Thumb Code     0  llshl.o(.text)
    __aeabi_llsr                             0x0800064b   Thumb Code    32  llushr.o(.text)
    _ll_ushift_r                             0x0800064b   Thumb Code     0  llushr.o(.text)
    __aeabi_lasr                             0x0800066b   Thumb Code    36  llsshr.o(.text)
    _ll_sshift_r                             0x0800066b   Thumb Code     0  llsshr.o(.text)
    _double_round                            0x0800068f   Thumb Code    30  depilogue.o(.text)
    _double_epilogue                         0x080006ad   Thumb Code   156  depilogue.o(.text)
    ADC_Cmd                                  0x08000749   Thumb Code    22  stm32f10x_adc.o(i.ADC_Cmd)
    ADC_GetCalibrationStatus                 0x0800075f   Thumb Code    20  stm32f10x_adc.o(i.ADC_GetCalibrationStatus)
    ADC_GetConversionValue                   0x08000773   Thumb Code     8  stm32f10x_adc.o(i.ADC_GetConversionValue)
    ADC_GetResetCalibrationStatus            0x0800077b   Thumb Code    20  stm32f10x_adc.o(i.ADC_GetResetCalibrationStatus)
    ADC_Init                                 0x08000791   Thumb Code    70  stm32f10x_adc.o(i.ADC_Init)
    ADC_RegularChannelConfig                 0x080007e1   Thumb Code   184  stm32f10x_adc.o(i.ADC_RegularChannelConfig)
    ADC_ResetCalibration                     0x08000899   Thumb Code    10  stm32f10x_adc.o(i.ADC_ResetCalibration)
    ADC_SoftwareStartConvCmd                 0x080008a3   Thumb Code    22  stm32f10x_adc.o(i.ADC_SoftwareStartConvCmd)
    ADC_StartCalibration                     0x080008b9   Thumb Code    10  stm32f10x_adc.o(i.ADC_StartCalibration)
    ADC_TempSensorVrefintCmd                 0x080008c5   Thumb Code    30  stm32f10x_adc.o(i.ADC_TempSensorVrefintCmd)
    BusFault_Handler                         0x080008e9   Thumb Code     4  stm32f10x_it.o(i.BusFault_Handler)
    DHT11_Init                               0x0800096d   Thumb Code    28  dht11.o(i.DHT11_Init)
    DHT11_ReadData                           0x08000a55   Thumb Code    62  dht11.o(i.DHT11_ReadData)
    DebugMon_Handler                         0x08000a99   Thumb Code     2  stm32f10x_it.o(i.DebugMon_Handler)
    DelayTimer_GetTickMs                     0x08000a9d   Thumb Code    24  delaytimer.o(i.DelayTimer_GetTickMs)
    DelayTimer_Init                          0x08000ad5   Thumb Code   104  delaytimer.o(i.DelayTimer_Init)
    DelayTimer_Ms                            0x08000b41   Thumb Code    24  delaytimer.o(i.DelayTimer_Ms)
    DelayTimer_Us                            0x08000b59   Thumb Code    24  delaytimer.o(i.DelayTimer_Us)
    GPIO_Init                                0x08000b71   Thumb Code   278  stm32f10x_gpio.o(i.GPIO_Init)
    GPIO_ReadInputDataBit                    0x08000c87   Thumb Code    18  stm32f10x_gpio.o(i.GPIO_ReadInputDataBit)
    GPIO_ResetBits                           0x08000c99   Thumb Code     4  stm32f10x_gpio.o(i.GPIO_ResetBits)
    GPIO_SetBits                             0x08000c9d   Thumb Code     4  stm32f10x_gpio.o(i.GPIO_SetBits)
    GPIO_WriteBit                            0x08000ca1   Thumb Code    10  stm32f10x_gpio.o(i.GPIO_WriteBit)
    HardFault_Handler                        0x08000cab   Thumb Code     4  stm32f10x_it.o(i.HardFault_Handler)
    I2C_CheckEvent                           0x08000caf   Thumb Code    42  stm32f10x_i2c.o(i.I2C_CheckEvent)
    I2C_Cmd                                  0x08000cd9   Thumb Code    24  stm32f10x_i2c.o(i.I2C_Cmd)
    I2C_GenerateSTART                        0x08000cf1   Thumb Code    24  stm32f10x_i2c.o(i.I2C_GenerateSTART)
    I2C_GenerateSTOP                         0x08000d09   Thumb Code    24  stm32f10x_i2c.o(i.I2C_GenerateSTOP)
    I2C_Init                                 0x08000d21   Thumb Code   222  stm32f10x_i2c.o(i.I2C_Init)
    I2C_Send7bitAddress                      0x08000e0d   Thumb Code    18  stm32f10x_i2c.o(i.I2C_Send7bitAddress)
    I2C_SendData                             0x08000e1f   Thumb Code     4  stm32f10x_i2c.o(i.I2C_SendData)
    LCD_Gotoxy                               0x08000eab   Thumb Code    74  lcdi2c.o(i.LCD_Gotoxy)
    LCD_Init                                 0x08000f69   Thumb Code    96  lcdi2c.o(i.LCD_Init)
    LCD_Printf                               0x08000fc9   Thumb Code    62  lcdi2c.o(i.LCD_Printf)
    LED_Init                                 0x08001069   Thumb Code    38  led.o(i.LED_Init)
    LED_Set                                  0x08001095   Thumb Code    26  led.o(i.LED_Set)
    LightSensor_Init                         0x080010b5   Thumb Code   158  lightsensor.o(i.LightSensor_Init)
    LightSensor_ReadData                     0x0800115d   Thumb Code    14  lightsensor.o(i.LightSensor_ReadData)
    MemManage_Handler                        0x08001171   Thumb Code     4  stm32f10x_it.o(i.MemManage_Handler)
    NMI_Handler                              0x08001175   Thumb Code     2  stm32f10x_it.o(i.NMI_Handler)
    NVIC_Init                                0x08001179   Thumb Code   100  misc.o(i.NVIC_Init)
    NVIC_PriorityGroupConfig                 0x080011e9   Thumb Code    10  misc.o(i.NVIC_PriorityGroupConfig)
    RB_Available                             0x080011fd   Thumb Code    46  ringbuffer.o(i.RB_Available)
    RB_Init                                  0x0800122b   Thumb Code    12  ringbuffer.o(i.RB_Init)
    RB_Pop                                   0x08001237   Thumb Code    54  ringbuffer.o(i.RB_Pop)
    RB_Push                                  0x0800126d   Thumb Code    48  ringbuffer.o(i.RB_Push)
    RCC_APB1PeriphClockCmd                   0x0800129d   Thumb Code    26  stm32f10x_rcc.o(i.RCC_APB1PeriphClockCmd)
    RCC_APB2PeriphClockCmd                   0x080012bd   Thumb Code    26  stm32f10x_rcc.o(i.RCC_APB2PeriphClockCmd)
    RCC_GetClocksFreq                        0x080012dd   Thumb Code   192  stm32f10x_rcc.o(i.RCC_GetClocksFreq)
    SERVO_Init                               0x080013f9   Thumb Code   374  servo.o(i.SERVO_Init)
    SysTick_Handler                          0x080017f1   Thumb Code    46  port.o(i.SysTick_Handler)
    SystemInit                               0x08001825   Thumb Code    78  system_stm32f10x.o(i.SystemInit)
    TIM4_IRQHandler                          0x08001885   Thumb Code    36  delaytimer.o(i.TIM4_IRQHandler)
    TIM_ClearFlag                            0x080018b5   Thumb Code     6  stm32f10x_tim.o(i.TIM_ClearFlag)
    TIM_ClearITPendingBit                    0x080018bb   Thumb Code     6  stm32f10x_tim.o(i.TIM_ClearITPendingBit)
    TIM_Cmd                                  0x080018c1   Thumb Code    24  stm32f10x_tim.o(i.TIM_Cmd)
    TIM_GetCounter                           0x080018d9   Thumb Code     6  stm32f10x_tim.o(i.TIM_GetCounter)
    TIM_ITConfig                             0x080018df   Thumb Code    18  stm32f10x_tim.o(i.TIM_ITConfig)
    TIM_OC1Init                              0x080018f1   Thumb Code   132  stm32f10x_tim.o(i.TIM_OC1Init)
    TIM_OC2Init                              0x08001989   Thumb Code   154  stm32f10x_tim.o(i.TIM_OC2Init)
    TIM_OC3Init                              0x08001a2d   Thumb Code   150  stm32f10x_tim.o(i.TIM_OC3Init)
    TIM_OC4Init                              0x08001acd   Thumb Code   114  stm32f10x_tim.o(i.TIM_OC4Init)
    TIM_TimeBaseInit                         0x08001b49   Thumb Code   122  stm32f10x_tim.o(i.TIM_TimeBaseInit)
    UART_Available                           0x08001d79   Thumb Code    14  uart.o(i.UART_Available)
    UART_Begin                               0x08001d8d   Thumb Code   206  uart.o(i.UART_Begin)
    UART_Printf                              0x08001e75   Thumb Code    38  uart.o(i.UART_Printf)
    UART_Read                                0x08001ea1   Thumb Code    16  uart.o(i.UART_Read)
    USART1_IRQHandler                        0x08001ef1   Thumb Code    20  uart.o(i.USART1_IRQHandler)
    USART_Cmd                                0x08001f0d   Thumb Code    24  stm32f10x_usart.o(i.USART_Cmd)
    USART_GetFlagStatus                      0x08001f45   Thumb Code    26  stm32f10x_usart.o(i.USART_GetFlagStatus)
    USART_ITConfig                           0x08001f5f   Thumb Code    74  stm32f10x_usart.o(i.USART_ITConfig)
    USART_Init                               0x08001fa9   Thumb Code   210  stm32f10x_usart.o(i.USART_Init)
    USART_SendData                           0x08002081   Thumb Code     8  stm32f10x_usart.o(i.USART_SendData)
    UsageFault_Handler                       0x08002089   Thumb Code     4  stm32f10x_it.o(i.UsageFault_Handler)
    __0sprintf                               0x0800208d   Thumb Code    34  printfa.o(i.__0sprintf)
    __1sprintf                               0x0800208d   Thumb Code     0  printfa.o(i.__0sprintf)
    __2sprintf                               0x0800208d   Thumb Code     0  printfa.o(i.__0sprintf)
    __c89sprintf                             0x0800208d   Thumb Code     0  printfa.o(i.__0sprintf)
    sprintf                                  0x0800208d   Thumb Code     0  printfa.o(i.__0sprintf)
    __0vsprintf                              0x080020b5   Thumb Code    30  printfa.o(i.__0vsprintf)
    __1vsprintf                              0x080020b5   Thumb Code     0  printfa.o(i.__0vsprintf)
    __2vsprintf                              0x080020b5   Thumb Code     0  printfa.o(i.__0vsprintf)
    __c89vsprintf                            0x080020b5   Thumb Code     0  printfa.o(i.__0vsprintf)
    vsprintf                                 0x080020b5   Thumb Code     0  printfa.o(i.__0vsprintf)
    __scatterload_copy                       0x080020d9   Thumb Code    14  handlers.o(i.__scatterload_copy)
    __scatterload_null                       0x080020e7   Thumb Code     2  handlers.o(i.__scatterload_null)
    __scatterload_zeroinit                   0x080020e9   Thumb Code    14  handlers.o(i.__scatterload_zeroinit)
    main                                     0x080029b5   Thumb Code    60  main.o(i.main)
    pvPortMalloc                             0x08002d7d   Thumb Code   166  heap_2.o(i.pvPortMalloc)
    pxPortInitialiseStack                    0x08002e35   Thumb Code    30  port.o(i.pxPortInitialiseStack)
    uxListRemove                             0x08002e59   Thumb Code    40  list.o(i.uxListRemove)
    vListInitialise                          0x08002e81   Thumb Code    26  list.o(i.vListInitialise)
    vListInitialiseItem                      0x08002e9b   Thumb Code     6  list.o(i.vListInitialiseItem)
    vListInsert                              0x08002ea1   Thumb Code    52  list.o(i.vListInsert)
    vListInsertEnd                           0x08002ed5   Thumb Code    24  list.o(i.vListInsertEnd)
    vPortEnterCritical                       0x08002eed   Thumb Code    30  port.o(i.vPortEnterCritical)
    vPortExitCritical                        0x08002f11   Thumb Code    28  port.o(i.vPortExitCritical)
    vPortFree                                0x08002f31   Thumb Code    56  heap_2.o(i.vPortFree)
    vPortSetupTimerInterrupt                 0x08002f71   Thumb Code    14  port.o(i.vPortSetupTimerInterrupt)
    vTaskDelay                               0x08002f85   Thumb Code    46  tasks.o(i.vTaskDelay)
    vTaskStartScheduler                      0x08002fb9   Thumb Code    72  tasks.o(i.vTaskStartScheduler)
    vTaskSuspendAll                          0x0800301d   Thumb Code    12  tasks.o(i.vTaskSuspendAll)
    vTaskSwitchContext                       0x0800302d   Thumb Code    76  tasks.o(i.vTaskSwitchContext)
    xPortStartScheduler                      0x0800308d   Thumb Code    42  port.o(i.xPortStartScheduler)
    xTaskCreate                              0x080030c1   Thumb Code    96  tasks.o(i.xTaskCreate)
    xTaskIncrementTick                       0x08003121   Thumb Code   238  tasks.o(i.xTaskIncrementTick)
    xTaskResumeAll                           0x0800323d   Thumb Code   196  tasks.o(i.xTaskResumeAll)
    Region$$Table$$Base                      0x08003324   Number         0  anon$$obj.o(Region$$Table)
    Region$$Table$$Limit                     0x08003344   Number         0  anon$$obj.o(Region$$Table)
    g_idx                                    0x20000014   Data           1  main.o(.data)
    sensorTask                               0x20000018   Data           4  main.o(.data)
    deviceTask                               0x2000001c   Data           4  main.o(.data)
    g_dataArray                              0x20000028   Data           5  dht11.o(.data)
    g_ringBuffer                             0x20000030   Data           8  uart.o(.data)
    pxCurrentTCB                             0x20000054   Data           4  tasks.o(.data)
    g_uartDataArr                            0x20000090   Data          50  main.o(.bss)
    g_rxBuffer                               0x200000c2   Data          64  uart.o(.bss)
    __initial_sp                             0x200049d0   Data           0  startup_stm32f10x_md.o(STACK)



==============================================================================

Memory Map of the image

  Image Entry point : 0x080000ed

  Load Region LR_IROM1 (Base: 0x08000000, Size: 0x000033d4, Max: 0x00010000, ABSOLUTE)

    Execution Region ER_IROM1 (Exec base: 0x08000000, Load base: 0x08000000, Size: 0x00003344, Max: 0x00010000, ABSOLUTE)

    Exec Addr    Load Addr    Size         Type   Attr      Idx    E Section Name        Object

    0x08000000   0x08000000   0x000000ec   Data   RO           19    RESET               startup_stm32f10x_md.o
    0x080000ec   0x080000ec   0x00000000   Code   RO         2903  * .ARM.Collect$$$$00000000  mc_w.l(entry.o)
    0x080000ec   0x080000ec   0x00000004   Code   RO         3177    .ARM.Collect$$$$00000001  mc_w.l(entry2.o)
    0x080000f0   0x080000f0   0x00000004   Code   RO         3180    .ARM.Collect$$$$00000004  mc_w.l(entry5.o)
    0x080000f4   0x080000f4   0x00000000   Code   RO         3182    .ARM.Collect$$$$00000008  mc_w.l(entry7b.o)
    0x080000f4   0x080000f4   0x00000000   Code   RO         3184    .ARM.Collect$$$$0000000A  mc_w.l(entry8b.o)
    0x080000f4   0x080000f4   0x00000008   Code   RO         3185    .ARM.Collect$$$$0000000B  mc_w.l(entry9a.o)
    0x080000fc   0x080000fc   0x00000000   Code   RO         3187    .ARM.Collect$$$$0000000D  mc_w.l(entry10a.o)
    0x080000fc   0x080000fc   0x00000000   Code   RO         3189    .ARM.Collect$$$$0000000F  mc_w.l(entry11a.o)
    0x080000fc   0x080000fc   0x00000004   Code   RO         3178    .ARM.Collect$$$$00002712  mc_w.l(entry2.o)
    0x08000100   0x08000100   0x00000096   Code   RO         2429    .emb_text           port.o
    0x08000196   0x08000196   0x00000002   PAD
    0x08000198   0x08000198   0x00000024   Code   RO           20    .text               startup_stm32f10x_md.o
    0x080001bc   0x080001bc   0x00000024   Code   RO         2908    .text               mc_w.l(memseta.o)
    0x080001e0   0x080001e0   0x0000000e   Code   RO         2910    .text               mc_w.l(strlen.o)
    0x080001ee   0x080001ee   0x0000001c   Code   RO         2912    .text               mc_w.l(strcmp.o)
    0x0800020a   0x0800020a   0x0000002c   Code   RO         3194    .text               mc_w.l(uidiv.o)
    0x08000236   0x08000236   0x00000062   Code   RO         3196    .text               mc_w.l(uldiv.o)
    0x08000298   0x08000298   0x00000000   Code   RO         3198    .text               mc_w.l(iusefp.o)
    0x08000298   0x08000298   0x0000014e   Code   RO         3199    .text               mf_w.l(dadd.o)
    0x080003e6   0x080003e6   0x000000e4   Code   RO         3201    .text               mf_w.l(dmul.o)
    0x080004ca   0x080004ca   0x000000de   Code   RO         3203    .text               mf_w.l(ddiv.o)
    0x080005a8   0x080005a8   0x00000030   Code   RO         3205    .text               mf_w.l(dfixul.o)
    0x080005d8   0x080005d8   0x00000030   Code   RO         3207    .text               mf_w.l(cdrcmple.o)
    0x08000608   0x08000608   0x00000024   Code   RO         3209    .text               mc_w.l(init.o)
    0x0800062c   0x0800062c   0x0000001e   Code   RO         3212    .text               mc_w.l(llshl.o)
    0x0800064a   0x0800064a   0x00000020   Code   RO         3214    .text               mc_w.l(llushr.o)
    0x0800066a   0x0800066a   0x00000024   Code   RO         3216    .text               mc_w.l(llsshr.o)
    0x0800068e   0x0800068e   0x000000ba   Code   RO         3219    .text               mf_w.l(depilogue.o)
    0x08000748   0x08000748   0x00000016   Code   RO          149    i.ADC_Cmd           stm32f10x_adc.o
    0x0800075e   0x0800075e   0x00000014   Code   RO          157    i.ADC_GetCalibrationStatus  stm32f10x_adc.o
    0x08000772   0x08000772   0x00000008   Code   RO          158    i.ADC_GetConversionValue  stm32f10x_adc.o
    0x0800077a   0x0800077a   0x00000014   Code   RO          163    i.ADC_GetResetCalibrationStatus  stm32f10x_adc.o
    0x0800078e   0x0800078e   0x00000002   PAD
    0x08000790   0x08000790   0x00000050   Code   RO          167    i.ADC_Init          stm32f10x_adc.o
    0x080007e0   0x080007e0   0x000000b8   Code   RO          171    i.ADC_RegularChannelConfig  stm32f10x_adc.o
    0x08000898   0x08000898   0x0000000a   Code   RO          172    i.ADC_ResetCalibration  stm32f10x_adc.o
    0x080008a2   0x080008a2   0x00000016   Code   RO          174    i.ADC_SoftwareStartConvCmd  stm32f10x_adc.o
    0x080008b8   0x080008b8   0x0000000a   Code   RO          176    i.ADC_StartCalibration  stm32f10x_adc.o
    0x080008c2   0x080008c2   0x00000002   PAD
    0x080008c4   0x080008c4   0x00000024   Code   RO          178    i.ADC_TempSensorVrefintCmd  stm32f10x_adc.o
    0x080008e8   0x080008e8   0x00000004   Code   RO         1834    i.BusFault_Handler  stm32f10x_it.o
    0x080008ec   0x080008ec   0x00000054   Code   RO         1974    i.DHT11_Check       dht11.o
    0x08000940   0x08000940   0x0000002c   Code   RO         1975    i.DHT11_InPut       dht11.o
    0x0800096c   0x0800096c   0x00000020   Code   RO         1976    i.DHT11_Init        dht11.o
    0x0800098c   0x0800098c   0x0000002c   Code   RO         1977    i.DHT11_OutPut      dht11.o
    0x080009b8   0x080009b8   0x00000028   Code   RO         1978    i.DHT11_RST         dht11.o
    0x080009e0   0x080009e0   0x00000054   Code   RO         1979    i.DHT11_ReadBit     dht11.o
    0x08000a34   0x08000a34   0x00000020   Code   RO         1980    i.DHT11_ReadByte    dht11.o
    0x08000a54   0x08000a54   0x00000044   Code   RO         1981    i.DHT11_ReadData    dht11.o
    0x08000a98   0x08000a98   0x00000002   Code   RO         1835    i.DebugMon_Handler  stm32f10x_it.o
    0x08000a9a   0x08000a9a   0x00000002   PAD
    0x08000a9c   0x08000a9c   0x00000020   Code   RO         1931    i.DelayTimer_GetTickMs  delaytimer.o
    0x08000abc   0x08000abc   0x00000018   Code   RO         1932    i.DelayTimer_GetTickUs  delaytimer.o
    0x08000ad4   0x08000ad4   0x0000006c   Code   RO         1933    i.DelayTimer_Init   delaytimer.o
    0x08000b40   0x08000b40   0x00000018   Code   RO         1934    i.DelayTimer_Ms     delaytimer.o
    0x08000b58   0x08000b58   0x00000018   Code   RO         1935    i.DelayTimer_Us     delaytimer.o
    0x08000b70   0x08000b70   0x00000116   Code   RO          371    i.GPIO_Init         stm32f10x_gpio.o
    0x08000c86   0x08000c86   0x00000012   Code   RO          375    i.GPIO_ReadInputDataBit  stm32f10x_gpio.o
    0x08000c98   0x08000c98   0x00000004   Code   RO          378    i.GPIO_ResetBits    stm32f10x_gpio.o
    0x08000c9c   0x08000c9c   0x00000004   Code   RO          379    i.GPIO_SetBits      stm32f10x_gpio.o
    0x08000ca0   0x08000ca0   0x0000000a   Code   RO          382    i.GPIO_WriteBit     stm32f10x_gpio.o
    0x08000caa   0x08000caa   0x00000004   Code   RO         1836    i.HardFault_Handler  stm32f10x_it.o
    0x08000cae   0x08000cae   0x0000002a   Code   RO         1464    i.I2C_CheckEvent    stm32f10x_i2c.o
    0x08000cd8   0x08000cd8   0x00000018   Code   RO         1467    i.I2C_Cmd           stm32f10x_i2c.o
    0x08000cf0   0x08000cf0   0x00000018   Code   RO         1474    i.I2C_GenerateSTART  stm32f10x_i2c.o
    0x08000d08   0x08000d08   0x00000018   Code   RO         1475    i.I2C_GenerateSTOP  stm32f10x_i2c.o
    0x08000d20   0x08000d20   0x000000ec   Code   RO         1481    i.I2C_Init          stm32f10x_i2c.o
    0x08000e0c   0x08000e0c   0x00000012   Code   RO         1488    i.I2C_Send7bitAddress  stm32f10x_i2c.o
    0x08000e1e   0x08000e1e   0x00000004   Code   RO         1489    i.I2C_SendData      stm32f10x_i2c.o
    0x08000e22   0x08000e22   0x00000042   Code   RO         2026    i.LCD_CmdWrite      lcdi2c.o
    0x08000e64   0x08000e64   0x00000046   Code   RO         2027    i.LCD_DataWrite     lcdi2c.o
    0x08000eaa   0x08000eaa   0x0000004a   Code   RO         2028    i.LCD_Gotoxy        lcdi2c.o
    0x08000ef4   0x08000ef4   0x00000074   Code   RO         2029    i.LCD_I2C_Configuration  lcdi2c.o
    0x08000f68   0x08000f68   0x00000060   Code   RO         2030    i.LCD_Init          lcdi2c.o
    0x08000fc8   0x08000fc8   0x0000003e   Code   RO         2031    i.LCD_Printf        lcdi2c.o
    0x08001006   0x08001006   0x00000002   PAD
    0x08001008   0x08001008   0x00000060   Code   RO         2032    i.LCD_Write_Byte    lcdi2c.o
    0x08001068   0x08001068   0x0000002c   Code   RO         2230    i.LED_Init          led.o
    0x08001094   0x08001094   0x00000020   Code   RO         2231    i.LED_Set           led.o
    0x080010b4   0x080010b4   0x000000a8   Code   RO         2082    i.LightSensor_Init  lightsensor.o
    0x0800115c   0x0800115c   0x00000014   Code   RO         2083    i.LightSensor_ReadData  lightsensor.o
    0x08001170   0x08001170   0x00000004   Code   RO         1837    i.MemManage_Handler  stm32f10x_it.o
    0x08001174   0x08001174   0x00000002   Code   RO         1838    i.NMI_Handler       stm32f10x_it.o
    0x08001176   0x08001176   0x00000002   PAD
    0x08001178   0x08001178   0x00000070   Code   RO           24    i.NVIC_Init         misc.o
    0x080011e8   0x080011e8   0x00000014   Code   RO           25    i.NVIC_PriorityGroupConfig  misc.o
    0x080011fc   0x080011fc   0x0000002e   Code   RO         2100    i.RB_Available      ringbuffer.o
    0x0800122a   0x0800122a   0x0000000c   Code   RO         2101    i.RB_Init           ringbuffer.o
    0x08001236   0x08001236   0x00000036   Code   RO         2102    i.RB_Pop            ringbuffer.o
    0x0800126c   0x0800126c   0x00000030   Code   RO         2103    i.RB_Push           ringbuffer.o
    0x0800129c   0x0800129c   0x00000020   Code   RO          481    i.RCC_APB1PeriphClockCmd  stm32f10x_rcc.o
    0x080012bc   0x080012bc   0x00000020   Code   RO          483    i.RCC_APB2PeriphClockCmd  stm32f10x_rcc.o
    0x080012dc   0x080012dc   0x000000d4   Code   RO          491    i.RCC_GetClocksFreq  stm32f10x_rcc.o
    0x080013b0   0x080013b0   0x00000048   Code   RO         2133    i.SERVO_GPIOModeConfig  servo.o
    0x080013f8   0x080013f8   0x00000188   Code   RO         2134    i.SERVO_Init        servo.o
    0x08001580   0x08001580   0x00000124   Code   RO         2136    i.SERVO_PWMChannelConfig  servo.o
    0x080016a4   0x080016a4   0x00000064   Code   RO         2137    i.SERVO_TimeBaseConfig  servo.o
    0x08001708   0x08001708   0x00000008   Code   RO         1897    i.SetSysClock       system_stm32f10x.o
    0x08001710   0x08001710   0x000000e0   Code   RO         1898    i.SetSysClockTo72   system_stm32f10x.o
    0x080017f0   0x080017f0   0x00000034   Code   RO         2430    i.SysTick_Handler   port.o
    0x08001824   0x08001824   0x00000060   Code   RO         1900    i.SystemInit        system_stm32f10x.o
    0x08001884   0x08001884   0x00000030   Code   RO         1936    i.TIM4_IRQHandler   delaytimer.o
    0x080018b4   0x080018b4   0x00000006   Code   RO          923    i.TIM_ClearFlag     stm32f10x_tim.o
    0x080018ba   0x080018ba   0x00000006   Code   RO          924    i.TIM_ClearITPendingBit  stm32f10x_tim.o
    0x080018c0   0x080018c0   0x00000018   Code   RO          929    i.TIM_Cmd           stm32f10x_tim.o
    0x080018d8   0x080018d8   0x00000006   Code   RO          948    i.TIM_GetCounter    stm32f10x_tim.o
    0x080018de   0x080018de   0x00000012   Code   RO          954    i.TIM_ITConfig      stm32f10x_tim.o
    0x080018f0   0x080018f0   0x00000098   Code   RO          958    i.TIM_OC1Init       stm32f10x_tim.o
    0x08001988   0x08001988   0x000000a4   Code   RO          963    i.TIM_OC2Init       stm32f10x_tim.o
    0x08001a2c   0x08001a2c   0x000000a0   Code   RO          968    i.TIM_OC3Init       stm32f10x_tim.o
    0x08001acc   0x08001acc   0x0000007c   Code   RO          973    i.TIM_OC4Init       stm32f10x_tim.o
    0x08001b48   0x08001b48   0x000000a4   Code   RO         1000    i.TIM_TimeBaseInit  stm32f10x_tim.o
    0x08001bec   0x08001bec   0x000000d4   Code   RO         1665    i.Task_HandleDevice  main.o
    0x08001cc0   0x08001cc0   0x000000b8   Code   RO         1666    i.Task_HandleSensorData  main.o
    0x08001d78   0x08001d78   0x00000014   Code   RO         2171    i.UART_Available    uart.o
    0x08001d8c   0x08001d8c   0x000000e8   Code   RO         2172    i.UART_Begin        uart.o
    0x08001e74   0x08001e74   0x0000002c   Code   RO         2173    i.UART_Printf       uart.o
    0x08001ea0   0x08001ea0   0x00000014   Code   RO         2174    i.UART_Read         uart.o
    0x08001eb4   0x08001eb4   0x00000022   Code   RO         2175    i.UART_SendChar     uart.o
    0x08001ed6   0x08001ed6   0x0000001a   Code   RO         2176    i.UART_SendString   uart.o
    0x08001ef0   0x08001ef0   0x0000001c   Code   RO         2177    i.USART1_IRQHandler  uart.o
    0x08001f0c   0x08001f0c   0x00000018   Code   RO          683    i.USART_Cmd         stm32f10x_usart.o
    0x08001f24   0x08001f24   0x00000020   Code   RO         2178    i.USART_GetChar     uart.o
    0x08001f44   0x08001f44   0x0000001a   Code   RO          686    i.USART_GetFlagStatus  stm32f10x_usart.o
    0x08001f5e   0x08001f5e   0x0000004a   Code   RO          689    i.USART_ITConfig    stm32f10x_usart.o
    0x08001fa8   0x08001fa8   0x000000d8   Code   RO          690    i.USART_Init        stm32f10x_usart.o
    0x08002080   0x08002080   0x00000008   Code   RO          700    i.USART_SendData    stm32f10x_usart.o
    0x08002088   0x08002088   0x00000004   Code   RO         1842    i.UsageFault_Handler  stm32f10x_it.o
    0x0800208c   0x0800208c   0x00000028   Code   RO         3151    i.__0sprintf        mc_w.l(printfa.o)
    0x080020b4   0x080020b4   0x00000024   Code   RO         3155    i.__0vsprintf       mc_w.l(printfa.o)
    0x080020d8   0x080020d8   0x0000000e   Code   RO         3223    i.__scatterload_copy  mc_w.l(handlers.o)
    0x080020e6   0x080020e6   0x00000002   Code   RO         3224    i.__scatterload_null  mc_w.l(handlers.o)
    0x080020e8   0x080020e8   0x0000000e   Code   RO         3225    i.__scatterload_zeroinit  mc_w.l(handlers.o)
    0x080020f6   0x080020f6   0x00000002   PAD
    0x080020f8   0x080020f8   0x00000184   Code   RO         3156    i._fp_digits        mc_w.l(printfa.o)
    0x0800227c   0x0800227c   0x000006dc   Code   RO         3157    i._printf_core      mc_w.l(printfa.o)
    0x08002958   0x08002958   0x00000024   Code   RO         3158    i._printf_post_padding  mc_w.l(printfa.o)
    0x0800297c   0x0800297c   0x0000002e   Code   RO         3159    i._printf_pre_padding  mc_w.l(printfa.o)
    0x080029aa   0x080029aa   0x0000000a   Code   RO         3161    i._sputc            mc_w.l(printfa.o)
    0x080029b4   0x080029b4   0x00000070   Code   RO         1667    i.main              main.o
    0x08002a24   0x08002a24   0x00000098   Code   RO         2624    i.prvAddCurrentTaskToDelayedList  tasks.o
    0x08002abc   0x08002abc   0x000000b4   Code   RO         2625    i.prvAddNewTaskToReadyList  tasks.o
    0x08002b70   0x08002b70   0x00000064   Code   RO         2626    i.prvCheckTasksWaitingTermination  tasks.o
    0x08002bd4   0x08002bd4   0x00000012   Code   RO         2627    i.prvDeleteTCB      tasks.o
    0x08002be6   0x08002be6   0x00000002   PAD
    0x08002be8   0x08002be8   0x00000038   Code   RO         2355    i.prvHeapInit       heap_2.o
    0x08002c20   0x08002c20   0x00000028   Code   RO         2628    i.prvIdleTask       tasks.o
    0x08002c48   0x08002c48   0x00000080   Code   RO         2629    i.prvInitialiseNewTask  tasks.o
    0x08002cc8   0x08002cc8   0x00000068   Code   RO         2630    i.prvInitialiseTaskLists  tasks.o
    0x08002d30   0x08002d30   0x00000034   Code   RO         2631    i.prvResetNextTaskUnblockTime  tasks.o
    0x08002d64   0x08002d64   0x00000016   Code   RO         2431    i.prvTaskExitError  port.o
    0x08002d7a   0x08002d7a   0x00000002   PAD
    0x08002d7c   0x08002d7c   0x000000b8   Code   RO         2356    i.pvPortMalloc      heap_2.o
    0x08002e34   0x08002e34   0x00000024   Code   RO         2432    i.pxPortInitialiseStack  port.o
    0x08002e58   0x08002e58   0x00000028   Code   RO         2393    i.uxListRemove      list.o
    0x08002e80   0x08002e80   0x0000001a   Code   RO         2394    i.vListInitialise   list.o
    0x08002e9a   0x08002e9a   0x00000006   Code   RO         2395    i.vListInitialiseItem  list.o
    0x08002ea0   0x08002ea0   0x00000034   Code   RO         2396    i.vListInsert       list.o
    0x08002ed4   0x08002ed4   0x00000018   Code   RO         2397    i.vListInsertEnd    list.o
    0x08002eec   0x08002eec   0x00000024   Code   RO         2434    i.vPortEnterCritical  port.o
    0x08002f10   0x08002f10   0x00000020   Code   RO         2435    i.vPortExitCritical  port.o
    0x08002f30   0x08002f30   0x00000040   Code   RO         2357    i.vPortFree         heap_2.o
    0x08002f70   0x08002f70   0x00000014   Code   RO         2436    i.vPortSetupTimerInterrupt  port.o
    0x08002f84   0x08002f84   0x00000034   Code   RO         2638    i.vTaskDelay        tasks.o
    0x08002fb8   0x08002fb8   0x00000064   Code   RO         2649    i.vTaskStartScheduler  tasks.o
    0x0800301c   0x0800301c   0x00000010   Code   RO         2651    i.vTaskSuspendAll   tasks.o
    0x0800302c   0x0800302c   0x00000060   Code   RO         2652    i.vTaskSwitchContext  tasks.o
    0x0800308c   0x0800308c   0x00000034   Code   RO         2437    i.xPortStartScheduler  port.o
    0x080030c0   0x080030c0   0x00000060   Code   RO         2654    i.xTaskCreate       tasks.o
    0x08003120   0x08003120   0x0000011c   Code   RO         2659    i.xTaskIncrementTick  tasks.o
    0x0800323c   0x0800323c   0x000000e8   Code   RO         2664    i.xTaskResumeAll    tasks.o
    0x08003324   0x08003324   0x00000020   Data   RO         3221    Region$$Table       anon$$obj.o


    Execution Region RW_IRAM1 (Exec base: 0x20000000, Load base: 0x08003344, Size: 0x000049d0, Max: 0x00005000, ABSOLUTE)

    Exec Addr    Load Addr    Size         Type   Attr      Idx    E Section Name        Object

    0x20000000   0x08003344   0x00000014   Data   RW          511    .data               stm32f10x_rcc.o
    0x20000014   0x08003358   0x0000000c   Data   RW         1669    .data               main.o
    0x20000020   0x08003364   0x00000008   Data   RW         1937    .data               delaytimer.o
    0x20000028   0x0800336c   0x00000005   Data   RW         1982    .data               dht11.o
    0x2000002d   0x08003371   0x00000003   PAD
    0x20000030   0x08003374   0x00000008   Data   RW         2180    .data               uart.o
    0x20000038   0x0800337c   0x00000018   Data   RW         2361    .data               heap_2.o
    0x20000050   0x08003394   0x00000004   Data   RW         2438    .data               port.o
    0x20000054   0x08003398   0x0000003c   Data   RW         2667    .data               tasks.o
    0x20000090        -       0x00000032   Zero   RW         1668    .bss                main.o
    0x200000c2        -       0x00000040   Zero   RW         2179    .bss                uart.o
    0x20000102        -       0x00004400   Zero   RW         2360    .bss                heap_2.o
    0x20004502   0x080033d4   0x00000002   PAD
    0x20004504        -       0x000000c8   Zero   RW         2666    .bss                tasks.o
    0x200045cc   0x080033d4   0x00000004   PAD
    0x200045d0        -       0x00000400   Zero   RW           17    STACK               startup_stm32f10x_md.o


==============================================================================

Image component sizes


      Code (inc. data)   RO Data    RW Data    ZI Data      Debug   Object Name

         0          0          0          0          0       4540   core_cm3.o
       260         32          0          8          0       3775   delaytimer.o
       428         34          0          5          0       4812   dht11.o
         0          0          0          0          0       1472   event_groups.o
       304         40          0         24      17408       3375   heap_2.o
       580         24          0          0          0       4509   lcdi2c.o
        76         12          0          0          0       1033   led.o
       188         16          0          0          0       1150   lightsensor.o
       148          0          0          0          0       3034   list.o
       508        146          0         12         50      67003   main.o
       132         22          0          0          0     266379   misc.o
       400         50          0          4          0       8668   port.o
       160          0          0          0          0       3080   ringbuffer.o
       856         56          0          0          0       3333   servo.o
        36          8        236          0       1024        896   startup_stm32f10x_md.o
       412         16          0          0          0       8304   stm32f10x_adc.o
       314          0          0          0          0       4432   stm32f10x_gpio.o
       372         14          0          0          0       6158   stm32f10x_i2c.o
        20          0          0          0          0       2485   stm32f10x_it.o
       276         32          0         20          0       4586   stm32f10x_rcc.o
       824         92          0          0          0       7133   stm32f10x_tim.o
       348          6          0          0          0       5053   stm32f10x_usart.o
       328         28          0          0          0       1861   system_stm32f10x.o
      1650        264          0         60        200      21157   tasks.o
       436         54          0          8         64      20337   uart.o

    ----------------------------------------------------------------------
      9072        946        268        144      18752     458565   Object Totals
         0          0         32          0          0          0   (incl. Generated)
        16          0          0          3          6          0   (incl. Padding)

    ----------------------------------------------------------------------

      Code (inc. data)   RO Data    RW Data    ZI Data      Debug   Library Member Name

         0          0          0          0          0          0   entry.o
         0          0          0          0          0          0   entry10a.o
         0          0          0          0          0          0   entry11a.o
         8          4          0          0          0          0   entry2.o
         4          0          0          0          0          0   entry5.o
         0          0          0          0          0          0   entry7b.o
         0          0          0          0          0          0   entry8b.o
         8          4          0          0          0          0   entry9a.o
        30          0          0          0          0          0   handlers.o
        36          8          0          0          0         68   init.o
         0          0          0          0          0          0   iusefp.o
        30          0          0          0          0         68   llshl.o
        36          0          0          0          0         68   llsshr.o
        32          0          0          0          0         68   llushr.o
        36          0          0          0          0        108   memseta.o
      2312         92          0          0          0        600   printfa.o
        28          0          0          0          0         76   strcmp.o
        14          0          0          0          0         68   strlen.o
        44          0          0          0          0         80   uidiv.o
        98          0          0          0          0         92   uldiv.o
        48          0          0          0          0         68   cdrcmple.o
       334          0          0          0          0        148   dadd.o
       222          0          0          0          0        100   ddiv.o
       186          0          0          0          0        176   depilogue.o
        48          0          0          0          0         68   dfixul.o
       228          0          0          0          0         96   dmul.o

    ----------------------------------------------------------------------
      3784        108          0          0          0       1952   Library Totals
         2          0          0          0          0          0   (incl. Padding)

    ----------------------------------------------------------------------

      Code (inc. data)   RO Data    RW Data    ZI Data      Debug   Library Name

      2716        108          0          0          0       1296   mc_w.l
      1066          0          0          0          0        656   mf_w.l

    ----------------------------------------------------------------------
      3784        108          0          0          0       1952   Library Totals

    ----------------------------------------------------------------------

==============================================================================


      Code (inc. data)   RO Data    RW Data    ZI Data      Debug   

     12856       1054        268        144      18752     453285   Grand Totals
     12856       1054        268        144      18752     453285   ELF Image Totals
     12856       1054        268        144          0          0   ROM Totals

==============================================================================

    Total RO  Size (Code + RO Data)                13124 (  12.82kB)
    Total RW  Size (RW Data + ZI Data)             18896 (  18.45kB)
    Total ROM Size (Code + RO Data + RW Data)      13268 (  12.96kB)

==============================================================================

